d7anp.c:135:13:schedule_foreground_scan_expired_timer	16	static
d7anp.c:92:13:switch_state	8	static
d7anp.c:171:13:cancel_foreground_scan_task	8	static
d7anp.c:121:13:foreground_scan_expired	8	static
d7anp.c:317:13:build_header	16	static
d7anp.c:336:13:build_iv	16	static
d7anp.c:296:13:schedule_foreground_scan_after_D7AAdvP	16	static
d7anp.c:147:6:d7anp_start_foreground_scan	8	static
d7anp.c:189:6:start_foreground_scan_after_D7AAdvP	8	static
d7anp.c:162:6:d7anp_set_foreground_scan_timeout	8	static
d7anp.c:177:6:d7anp_stop_foreground_scan	8	static
d7anp.c:196:6:d7anp_init	8	static
d7anp.c:229:6:d7anp_stop	8	static
d7anp.c:236:9:d7anp_tx_foreground_frame	16	static
d7anp.c:360:9:d7anp_secure_payload	112	static
d7anp.c:431:6:d7anp_unsecure_payload	120	static
d7anp.c:526:9:d7anp_assemble_packet_header	16	static
d7anp.c:571:25:get_trusted_node	16	static
d7anp.c:583:25:add_trusted_node	32	static
d7anp.c:608:6:d7anp_disassemble_packet_header	16	static
d7anp.c:703:6:d7anp_signal_transmission_failure	8	static
d7anp.c:715:6:d7anp_signal_packet_transmitted	8	static
d7anp.c:725:6:d7anp_process_received_packet	8	static
