bitmap.h:57:13:bitmap_get	0	static
bitmap.h:68:15:bitmap_search	24	static
d7asp.c:120:13:mark_current_request_done	0	static
d7asp.c:126:13:mark_current_request_successful	0	static
d7asp.c:436:32:get_master_session_from_token	8	static
d7asp.c:131:13:init_master_session	16	static
d7asp.c:361:13:schedule_dormant_session	24	static
d7asp.c:164:13:schedule_current_session	16	static
d7asp.c:283:13:switch_state	8	static
d7asp.c:149:13:flush_completed	8	static
d7asp.c:174:13:flush_fifos	48	static
d7asp.c:349:13:dormant_session_timeout	8	static
d7asp.c:715:13:on_request_completed	24	static
d7asp.c:370:6:d7asp_init	24	static
d7asp.c:387:6:d7asp_stop	8	static
d7asp.c:394:9:d7asp_master_session_create	16	static
d7asp.c:444:9:d7asp_send_response	8	static
d7asp.c:482:9:d7asp_queue_request	32	static
d7asp.c:524:6:d7asp_process_received_response	64	static
d7asp.c:612:6:d7asp_process_received_packet	64	static
d7asp.c:759:6:d7asp_signal_packet_transmitted	8	static
d7asp.c:785:6:d7asp_signal_transmission_failure	8	static
d7asp.c:797:6:d7asp_signal_transaction_terminated	8	static
d7asp.c:813:6:d7asp_signal_dialog_terminated	8	static
