d7atp.c:92:13:switch_state	8	static
d7atp.c:141:13:terminate_dialog	8	static
d7atp.c:131:13:execution_delay_timeout_handler	8	static
d7atp.c:157:13:response_period_timeout_handler	8	static
d7atp.c:183:21:adjust_timeout_value	16	static
d7atp.c:197:13:schedule_response_period_timeout_handler	16	static
d7atp.c:208:6:d7atp_signal_foreground_scan_expired	8	static
d7atp.c:232:6:d7atp_signal_dialog_termination	8	static
d7atp.c:257:6:d7atp_stop_transaction	8	static
d7atp.c:268:6:d7atp_init	8	static
d7atp.c:281:6:d7atp_stop	8	static
d7atp.c:288:9:d7atp_send_request	24	static
d7atp.c:368:9:d7atp_send_response	8	static
d7atp.c:407:9:d7atp_assemble_packet_header	8	static
d7atp.c:447:6:d7atp_disassemble_packet_header	0	static
d7atp.c:482:6:d7atp_signal_packet_transmitted	32	static
d7atp.c:538:6:d7atp_signal_transmission_failure	8	static
d7atp.c:556:6:d7atp_process_received_packet	32	static
