dll.c:269:13:is_tx_busy	0	static
dll.c:286:6:guard_period_expiration	0	static
dll.c:508:13:execute_cca	16	static
dll.c:171:13:switch_state	8	static
dll.c:1047:13:start_foreground_scan	16	static
dll.c:136:13:release_packet	8	static
dll.c:125:27:alloc_new_packet	8	static
dll.c:326:13:process_received_packets	8	static
dll.c:422:13:discard_tx	8	static
dll.c:301:6:start_background_scan	24	static
dll.c:380:13:notify_transmitted_packet	16	static
dll.c:726:6:dll_execute_scan_automation	32	static
dll.c:825:13:access_profile_file_changed_callback	8	static
dll.c:815:13:conf_file_changed_callback	8	static
dll.c:522:13:execute_csma_ca	16	static
dll.c:292:6:start_guard_period	16	static
dll.c:350:13:packet_received	16	static
dll.c:403:6:packet_transmitted	8	static
dll.c:318:6:dll_stop_background_scan	8	static
dll.c:839:6:dll_notify_dialog_terminated	8	static
dll.c:845:6:dll_init	16	static
dll.c:879:6:dll_stop	8	static
dll.c:892:6:dll_tx_frame	40	static
dll.c:1073:6:dll_start_foreground_scan	8	static
dll.c:1081:6:dll_stop_foreground_scan	8	static
dll.c:1098:9:dll_assemble_packet_header_bg	16	static
dll.c:451:13:cca_rssi_valid	16	static
dll.c:1115:9:dll_assemble_packet_header	16	static
dll.c:1138:6:dll_disassemble_packet_header	24	static
