timer.c:62:15:timer_init	8	static
timer.c:77:9:timer_init_event	8	static
timer.c:193:15:timer_is_task_scheduled	8	static
timer.c:212:23:timer_get_counter_value	8	static
timer.c:227:17:get_next_event	16	static
timer.c:251:13:configure_next_event	24	static
timer.c:341:13:timer_fired	16	static
timer.c:314:13:timer_overflow	8	static
timer.c:169:18:timer_cancel_task	8	static
timer.c:86:18:timer_post_task_prio	24	static
timer.h:148:16:timer_post_task	8	static
timer.h:172:16:timer_post_task_prio_delay	16	static
timer.h:191:16:timer_post_task_delay	16	static
timer.h:213:16:timer_add_event	16	static
