modem_interface.c:180:13:execute_state_machine	0	static
modem_interface.c:366:13:uart_rx_cb	16	static
modem_interface.c:251:13:verify_payload	16	dynamic
modem_interface.c:129:13:flush_modem_interface_tx_fifo	24	static
modem_interface.c:387:13:modem_interface_set_rx_interrupt_callback	8	static
modem_interface.c:95:13:modem_interface_enable	8	static
modem_interface.c:433:6:modem_interface_transfer_bytes	24	static
modem_interface.c:395:6:modem_interface_init	24	static
modem_interface.c:290:13:process_rx_fifo	32	static
modem_interface.c:466:6:modem_interface_transfer	8	static
modem_interface.c:471:6:modem_interface_register_handler	0	static
modem_interface.c:483:6:modem_interface_set_target_rebooted_callback	0	static
