fs.c:61:13:execute_d7a_action_protocol	32	static
fs.c:284:20:fs_read_file	16	static
fs.c:293:20:fs_read_file_header	8	static
fs.c:301:20:fs_write_file_header	8	static
fs.c:309:20:fs_write_file	16	static
fs.c:217:6:fs_init_file	24	static
fs.c:232:6:fs_init_file_with_d7asp_interface_config	72	static
fs.c:258:6:fs_init_file_with_D7AActP	88	static
fs.c:329:6:fs_read_uid	8	static
fs.c:334:6:fs_read_vid	8	static
fs.c:339:6:fs_write_vid	8	static
fs.c:344:20:fs_read_nwl_security_key	8	static
fs.c:349:20:fs_read_nwl_security	16	static
fs.c:362:20:fs_write_nwl_security	16	static
fs.c:375:20:fs_read_nwl_security_state_register	32	static
fs.c:395:20:fs_add_nwl_security_state_register_entry	24	static
fs.c:415:20:fs_update_nwl_security_state_register	16	static
fs.c:430:6:fs_read_access_class	24	static
fs.c:453:6:fs_write_access_class	24	static
fs.c:86:6:fs_init	48	static
fs.c:475:9:fs_read_dll_conf_active_access_class	16	static
fs.c:482:6:fs_write_dll_conf_active_access_class	16	static
fs.c:487:9:fs_get_file_length	8	static
fs.c:493:6:fs_register_file_modified_callback	0	static
