SEGGER_RTT.c:434:17:_GetAvailWriteSpace	0	static
SEGGER_RTT.c:374:13:_WriteNoCheck	32	static
SEGGER_RTT.c:323:17:_WriteBlocking	32	static
SEGGER_RTT.c:412:13:_PostTerminalSwitch	16	static
SEGGER_RTT.c:268:13:_DoInit	8	static
SEGGER_RTT.c:475:10:SEGGER_RTT_ReadNoLock	40	static
SEGGER_RTT.c:542:10:SEGGER_RTT_Read	8	static
SEGGER_RTT.c:581:6:SEGGER_RTT_WriteWithOverwriteNoLock	24	static
SEGGER_RTT.c:665:10:SEGGER_RTT_WriteSkipNoLock	48	static
SEGGER_RTT.c:775:10:SEGGER_RTT_WriteNoLock	24	static
SEGGER_RTT.c:846:10:SEGGER_RTT_Write	24	static
SEGGER_RTT.c:884:10:SEGGER_RTT_WriteString	16	static
SEGGER_RTT.c:906:5:SEGGER_RTT_GetKey	16	static
SEGGER_RTT.c:934:5:SEGGER_RTT_WaitKey	8	static
SEGGER_RTT.c:957:5:SEGGER_RTT_HasKey	8	static
SEGGER_RTT.c:983:10:SEGGER_RTT_HasData	8	static
SEGGER_RTT.c:1011:5:SEGGER_RTT_AllocDownBuffer	24	static
SEGGER_RTT.c:1056:5:SEGGER_RTT_AllocUpBuffer	32	static
SEGGER_RTT.c:1107:5:SEGGER_RTT_ConfigUpBuffer	32	static
SEGGER_RTT.c:1154:5:SEGGER_RTT_ConfigDownBuffer	24	static
SEGGER_RTT.c:1192:5:SEGGER_RTT_SetNameUpBuffer	16	static
SEGGER_RTT.c:1223:5:SEGGER_RTT_SetNameDownBuffer	16	static
SEGGER_RTT.c:1254:5:SEGGER_RTT_SetFlagsUpBuffer	16	static
SEGGER_RTT.c:1285:5:SEGGER_RTT_SetFlagsDownBuffer	16	static
SEGGER_RTT.c:1309:6:SEGGER_RTT_Init	8	static
SEGGER_RTT.c:1327:5:SEGGER_RTT_SetTerminal	24	static
SEGGER_RTT.c:1377:5:SEGGER_RTT_TerminalOut	32	static
