alp_layer.c:108:23:alloc_command	8	static
alp_layer.c:122:23:get_command_by_transid	8	static
alp_layer.c:430:27:process_op_request_tag	16	static
alp_layer.c:233:27:process_op_read_file_data	88	dynamic
alp_layer.c:482:13:add_tag_response	16	static
alp_layer.c:261:27:process_op_read_file_properties	32	static
alp_layer.c:293:27:process_op_write_file_data	304	dynamic
alp_layer.c:281:27:process_op_write_file_properties	24	static
alp_layer.c:438:27:process_op_return_file_data	48	dynamic
alp_layer.c:93:13:free_command	8	static
alp_layer.c:101:13:init_commands	8	static
alp_layer.c:803:6:alp_layer_command_completed	16	static
alp_layer.c:521:13:add_interface_status_action	24	static
alp_layer.c:541:6:alp_layer_process_response_from_d7ap	40	static
alp_layer.c:564:6:alp_layer_process_command_from_d7ap	24	static
alp_layer.c:373:27:process_op_forward	16	static
alp_layer.c:134:6:alp_layer_init	32	static
alp_layer.c:306:6:process_arithm_predicate	24	static
alp_layer.c:336:27:process_op_break_query	48	dynamic
alp_layer.c:610:13:alp_layer_parse_and_execute_alp_command	96	dynamic
alp_layer.c:739:13:_async_process_command_from_d7ap	24	static
alp_layer.c:592:6:alp_layer_execute_command_over_d7a	32	static
alp_layer.c:761:6:alp_layer_process_command	32	static
alp_layer.c:491:6:alp_layer_process_d7aactp	48	static
alp_layer.c:514:6:alp_layer_process_command_console_output	24	static
