stm32l0xx_hal_flash_ex.c:960:16:FLASH_OB_GetUser	0	static
stm32l0xx_hal_flash_ex.c:974:16:FLASH_OB_GetRDP	0	static
stm32l0xx_hal_flash_ex.c:983:16:FLASH_OB_GetBOR	0	static
stm32l0xx_hal_flash_ex.c:993:16:FLASH_OB_GetBOOTBit1	0	static
stm32l0xx_hal_flash_ex.c:1004:17:FLASH_OB_GetWRP	0	static
stm32l0xx_hal_flash_ex.c:1015:17:FLASH_OB_GetWRP2	0	static
stm32l0xx_hal_flash_ex.c:1033:26:FLASH_OB_ProtectedSectorsConfig	16	static
stm32l0xx_hal_flash_ex.c:832:26:FLASH_OB_RDPConfig	8	static
stm32l0xx_hal_flash_ex.c:1138:26:FLASH_OB_UserConfig	8	static
stm32l0xx_hal_flash_ex.c:883:26:FLASH_OB_BORConfig	8	static
stm32l0xx_hal_flash_ex.c:925:27:FLASH_OB_BOOTBit1Config	8	static
stm32l0xx_hal_flash_ex.c:1184:26:FLASH_OB_BootConfig	8	static
stm32l0xx_hal_flash_ex.c:345:19:HAL_FLASHEx_OBProgram	8	static
stm32l0xx_hal_flash_ex.c:428:6:HAL_FLASHEx_OBGetConfig	8	static
stm32l0xx_hal_flash_ex.c:461:19:HAL_FLASHEx_AdvOBProgram	8	static
stm32l0xx_hal_flash_ex.c:504:6:HAL_FLASHEx_AdvOBGetConfig	0	static
stm32l0xx_hal_flash_ex.c:544:19:HAL_FLASHEx_OB_SelectPCROP	8	static
stm32l0xx_hal_flash_ex.c:586:19:HAL_FLASHEx_OB_DeSelectPCROP	8	static
stm32l0xx_hal_flash_ex.c:652:19:HAL_FLASHEx_DATAEEPROM_Unlock	0	static
stm32l0xx_hal_flash_ex.c:671:19:HAL_FLASHEx_DATAEEPROM_Lock	0	static
stm32l0xx_hal_flash_ex.c:689:19:HAL_FLASHEx_DATAEEPROM_Erase	8	static
stm32l0xx_hal_flash_ex.c:731:21:HAL_FLASHEx_DATAEEPROM_Program	16	static
stm32l0xx_hal_flash_ex.c:787:6:HAL_FLASHEx_DATAEEPROM_EnableFixedTimeProgram	0	static
stm32l0xx_hal_flash_ex.c:796:6:HAL_FLASHEx_DATAEEPROM_DisableFixedTimeProgram	0	static
stm32l0xx_hal_flash_ex.c:1244:6:FLASH_PageErase	8	static
stm32l0xx_hal_flash_ex.c:189:19:HAL_FLASHEx_Erase	16	static
stm32l0xx_hal_flash_ex.c:253:19:HAL_FLASHEx_Erase_IT	16	static
