stm32l0xx_hal_lptim.c:292:13:HAL_LPTIM_MspInit	0	static
stm32l0xx_hal_lptim.c:166:19:HAL_LPTIM_Init	16	static
stm32l0xx_hal_lptim.c:307:13:HAL_LPTIM_MspDeInit	0	static
stm32l0xx_hal_lptim.c:260:19:HAL_LPTIM_DeInit	16	static
stm32l0xx_hal_lptim.c:356:19:HAL_LPTIM_PWM_Start	16	static
stm32l0xx_hal_lptim.c:393:19:HAL_LPTIM_PWM_Stop	8	static
stm32l0xx_hal_lptim.c:420:19:HAL_LPTIM_PWM_Start_IT	16	static
stm32l0xx_hal_lptim.c:476:19:HAL_LPTIM_PWM_Stop_IT	12	static
stm32l0xx_hal_lptim.c:522:19:HAL_LPTIM_OnePulse_Start	20	static
stm32l0xx_hal_lptim.c:559:19:HAL_LPTIM_OnePulse_Stop	8	static
stm32l0xx_hal_lptim.c:586:19:HAL_LPTIM_OnePulse_Start_IT	16	static
stm32l0xx_hal_lptim.c:642:19:HAL_LPTIM_OnePulse_Stop_IT	12	static
stm32l0xx_hal_lptim.c:688:19:HAL_LPTIM_SetOnce_Start	20	static
stm32l0xx_hal_lptim.c:725:19:HAL_LPTIM_SetOnce_Stop	8	static
stm32l0xx_hal_lptim.c:752:19:HAL_LPTIM_SetOnce_Start_IT	16	static
stm32l0xx_hal_lptim.c:808:19:HAL_LPTIM_SetOnce_Stop_IT	12	static
stm32l0xx_hal_lptim.c:852:19:HAL_LPTIM_Encoder_Start	12	static
stm32l0xx_hal_lptim.c:903:19:HAL_LPTIM_Encoder_Stop	12	static
stm32l0xx_hal_lptim.c:931:19:HAL_LPTIM_Encoder_Start_IT	12	static
stm32l0xx_hal_lptim.c:988:19:HAL_LPTIM_Encoder_Stop_IT	12	static
stm32l0xx_hal_lptim.c:1026:19:HAL_LPTIM_TimeOut_Start	16	static
stm32l0xx_hal_lptim.c:1063:19:HAL_LPTIM_TimeOut_Stop	12	static
stm32l0xx_hal_lptim.c:1095:19:HAL_LPTIM_TimeOut_Start_IT	16	static
stm32l0xx_hal_lptim.c:1141:19:HAL_LPTIM_TimeOut_Stop_IT	12	static
stm32l0xx_hal_lptim.c:1178:19:HAL_LPTIM_Counter_Start	8	static
stm32l0xx_hal_lptim.c:1217:19:HAL_LPTIM_Counter_Stop	8	static
stm32l0xx_hal_lptim.c:1242:19:HAL_LPTIM_Counter_Start_IT	8	static
stm32l0xx_hal_lptim.c:1293:19:HAL_LPTIM_Counter_Stop_IT	16	static
stm32l0xx_hal_lptim.c:1347:10:HAL_LPTIM_ReadCounter	0	static
stm32l0xx_hal_lptim.c:1360:10:HAL_LPTIM_ReadAutoReload	0	static
stm32l0xx_hal_lptim.c:1373:10:HAL_LPTIM_ReadCompare	0	static
stm32l0xx_hal_lptim.c:1506:13:HAL_LPTIM_CompareMatchCallback	0	static
stm32l0xx_hal_lptim.c:1521:13:HAL_LPTIM_AutoReloadMatchCallback	0	static
stm32l0xx_hal_lptim.c:1536:13:HAL_LPTIM_TriggerCallback	0	static
stm32l0xx_hal_lptim.c:1551:13:HAL_LPTIM_CompareWriteCallback	0	static
stm32l0xx_hal_lptim.c:1566:13:HAL_LPTIM_AutoReloadWriteCallback	0	static
stm32l0xx_hal_lptim.c:1581:13:HAL_LPTIM_DirectionUpCallback	0	static
stm32l0xx_hal_lptim.c:1596:13:HAL_LPTIM_DirectionDownCallback	0	static
stm32l0xx_hal_lptim.c:1405:6:HAL_LPTIM_IRQHandler	8	static
stm32l0xx_hal_lptim.c:1629:24:HAL_LPTIM_GetState	0	static
