stm32l0xx_hal_tim.c:4387:13:TIM_Base_SetConfig	0	static
stm32l0xx_hal_tim.c:4425:13:TIM_OC1_SetConfig	12	static
stm32l0xx_hal_tim.c:4472:13:TIM_OC2_SetConfig	12	static
stm32l0xx_hal_tim.c:4520:13:TIM_OC3_SetConfig	12	static
stm32l0xx_hal_tim.c:4567:13:TIM_OC4_SetConfig	12	static
stm32l0xx_hal_tim.c:4626:13:TIM_TI1_SetConfig	16	static
stm32l0xx_hal_tim.c:4674:13:TIM_TI1_ConfigInputStage	12	static
stm32l0xx_hal_tim.c:4714:13:TIM_TI2_SetConfig	16	static
stm32l0xx_hal_tim.c:4754:13:TIM_TI2_ConfigInputStage	12	static
stm32l0xx_hal_tim.c:4794:13:TIM_TI3_SetConfig	16	static
stm32l0xx_hal_tim.c:4839:13:TIM_TI4_SetConfig	16	static
stm32l0xx_hal_tim.c:4882:13:TIM_ITRx_SetConfig	0	static
stm32l0xx_hal_tim.c:4912:13:TIM_ETR_SetConfig	12	static
stm32l0xx_hal_tim.c:4942:13:TIM_CCxChannelCmd	8	static
stm32l0xx_hal_tim.c:4966:13:TIM_SlaveTimer_SetConfig	16	static
stm32l0xx_hal_tim.c:277:13:HAL_TIM_Base_MspInit	0	static
stm32l0xx_hal_tim.c:209:19:HAL_TIM_Base_Init	16	static
stm32l0xx_hal_tim.c:292:13:HAL_TIM_Base_MspDeInit	0	static
stm32l0xx_hal_tim.c:250:19:HAL_TIM_Base_DeInit	8	static
stm32l0xx_hal_tim.c:307:19:HAL_TIM_Base_Start	8	static
stm32l0xx_hal_tim.c:330:19:HAL_TIM_Base_Stop	0	static
stm32l0xx_hal_tim.c:353:19:HAL_TIM_Base_Start_IT	0	static
stm32l0xx_hal_tim.c:373:19:HAL_TIM_Base_Stop_IT	0	static
stm32l0xx_hal_tim.c:394:19:HAL_TIM_Base_Start_DMA	8	static
stm32l0xx_hal_tim.c:438:19:HAL_TIM_Base_Stop_DMA	0	static
stm32l0xx_hal_tim.c:555:13:HAL_TIM_OC_MspInit	0	static
stm32l0xx_hal_tim.c:488:19:HAL_TIM_OC_Init	16	static
stm32l0xx_hal_tim.c:570:13:HAL_TIM_OC_MspDeInit	0	static
stm32l0xx_hal_tim.c:528:19:HAL_TIM_OC_DeInit	8	static
stm32l0xx_hal_tim.c:591:19:HAL_TIM_OC_Start	8	static
stm32l0xx_hal_tim.c:617:19:HAL_TIM_OC_Stop	8	static
stm32l0xx_hal_tim.c:643:19:HAL_TIM_OC_Start_IT	8	static
stm32l0xx_hal_tim.c:703:19:HAL_TIM_OC_Stop_IT	8	static
stm32l0xx_hal_tim.c:765:19:HAL_TIM_OC_Start_DMA	16	static
stm32l0xx_hal_tim.c:876:19:HAL_TIM_OC_Stop_DMA	8	static
stm32l0xx_hal_tim.c:1029:13:HAL_TIM_PWM_MspInit	0	static
stm32l0xx_hal_tim.c:961:19:HAL_TIM_PWM_Init	16	static
stm32l0xx_hal_tim.c:1044:13:HAL_TIM_PWM_MspDeInit	0	static
stm32l0xx_hal_tim.c:1002:19:HAL_TIM_PWM_DeInit	8	static
stm32l0xx_hal_tim.c:1065:19:HAL_TIM_PWM_Start	8	static
stm32l0xx_hal_tim.c:1091:19:HAL_TIM_PWM_Stop	8	static
stm32l0xx_hal_tim.c:1120:19:HAL_TIM_PWM_Start_IT	8	static
stm32l0xx_hal_tim.c:1180:19:HAL_TIM_PWM_Stop_IT	8	static
stm32l0xx_hal_tim.c:1243:19:HAL_TIM_PWM_Start_DMA	16	static
stm32l0xx_hal_tim.c:1354:19:HAL_TIM_PWM_Stop_DMA	8	static
stm32l0xx_hal_tim.c:1505:13:HAL_TIM_IC_MspInit	0	static
stm32l0xx_hal_tim.c:1437:19:HAL_TIM_IC_Init	16	static
stm32l0xx_hal_tim.c:1520:13:HAL_TIM_IC_MspDeInit	0	static
stm32l0xx_hal_tim.c:1478:19:HAL_TIM_IC_DeInit	8	static
stm32l0xx_hal_tim.c:1540:19:HAL_TIM_IC_Start	8	static
stm32l0xx_hal_tim.c:1566:19:HAL_TIM_IC_Stop	8	static
stm32l0xx_hal_tim.c:1592:19:HAL_TIM_IC_Start_IT	8	static
stm32l0xx_hal_tim.c:1651:19:HAL_TIM_IC_Stop_IT	8	static
stm32l0xx_hal_tim.c:1713:19:HAL_TIM_IC_Start_DMA	16	static
stm32l0xx_hal_tim.c:1826:19:HAL_TIM_IC_Stop_DMA	8	static
stm32l0xx_hal_tim.c:1989:13:HAL_TIM_OnePulse_MspInit	0	static
stm32l0xx_hal_tim.c:1914:19:HAL_TIM_OnePulse_Init	16	static
stm32l0xx_hal_tim.c:2004:13:HAL_TIM_OnePulse_MspDeInit	0	static
stm32l0xx_hal_tim.c:1962:19:HAL_TIM_OnePulse_DeInit	8	static
stm32l0xx_hal_tim.c:2022:19:HAL_TIM_OnePulse_Start	8	static
stm32l0xx_hal_tim.c:2049:19:HAL_TIM_OnePulse_Stop	8	static
stm32l0xx_hal_tim.c:2076:19:HAL_TIM_OnePulse_Start_IT	8	static
stm32l0xx_hal_tim.c:2109:19:HAL_TIM_OnePulse_Stop_IT	8	static
stm32l0xx_hal_tim.c:2282:13:HAL_TIM_Encoder_MspInit	0	static
stm32l0xx_hal_tim.c:2163:19:HAL_TIM_Encoder_Init	24	static
stm32l0xx_hal_tim.c:2298:13:HAL_TIM_Encoder_MspDeInit	0	static
stm32l0xx_hal_tim.c:2254:19:HAL_TIM_Encoder_DeInit	8	static
stm32l0xx_hal_tim.c:2318:19:HAL_TIM_Encoder_Start	8	static
stm32l0xx_hal_tim.c:2360:19:HAL_TIM_Encoder_Stop	8	static
stm32l0xx_hal_tim.c:2403:19:HAL_TIM_Encoder_Start_IT	8	static
stm32l0xx_hal_tim.c:2451:19:HAL_TIM_Encoder_Stop_IT	8	static
stm32l0xx_hal_tim.c:2505:19:HAL_TIM_Encoder_Start_DMA	24	static
stm32l0xx_hal_tim.c:2622:19:HAL_TIM_Encoder_Stop_DMA	8	static
stm32l0xx_hal_tim.c:2828:19:HAL_TIM_OC_ConfigChannel	8	static
stm32l0xx_hal_tim.c:2897:19:HAL_TIM_IC_ConfigChannel	16	static
stm32l0xx_hal_tim.c:2993:19:HAL_TIM_PWM_ConfigChannel	16	static
stm32l0xx_hal_tim.c:3093:19:HAL_TIM_OnePulse_ConfigChannel	32	static
stm32l0xx_hal_tim.c:3223:19:HAL_TIM_DMABurst_WriteStart	16	static
stm32l0xx_hal_tim.c:3342:19:HAL_TIM_DMABurst_WriteStop	16	static
stm32l0xx_hal_tim.c:3425:19:HAL_TIM_DMABurst_ReadStart	16	static
stm32l0xx_hal_tim.c:3545:19:HAL_TIM_DMABurst_ReadStop	16	static
stm32l0xx_hal_tim.c:3609:19:HAL_TIM_GenerateEvent	0	static
stm32l0xx_hal_tim.c:3646:19:HAL_TIM_ConfigOCrefClear	16	static
stm32l0xx_hal_tim.c:3751:19:HAL_TIM_ConfigClockSource	8	static
stm32l0xx_hal_tim.c:3897:19:HAL_TIM_ConfigTI1Input	0	static
stm32l0xx_hal_tim.c:3929:19:HAL_TIM_SlaveConfigSynchronization	24	static
stm32l0xx_hal_tim.c:3966:19:HAL_TIM_SlaveConfigSynchronization_IT	24	static
stm32l0xx_hal_tim.c:4004:10:HAL_TIM_ReadCapturedValue	0	static
stm32l0xx_hal_tim.c:4091:13:HAL_TIM_PeriodElapsedCallback	0	static
stm32l0xx_hal_tim.c:4357:13:TIM_DMAPeriodElapsedCplt	8	static
stm32l0xx_hal_tim.c:4106:13:HAL_TIM_OC_DelayElapsedCallback	0	static
stm32l0xx_hal_tim.c:4120:13:HAL_TIM_IC_CaptureCallback	0	static
stm32l0xx_hal_tim.c:4309:6:TIM_DMACaptureCplt	8	static
stm32l0xx_hal_tim.c:4135:13:HAL_TIM_PWM_PulseFinishedCallback	0	static
stm32l0xx_hal_tim.c:4277:6:TIM_DMADelayPulseCplt	8	static
stm32l0xx_hal_tim.c:4150:13:HAL_TIM_TriggerCallback	0	static
stm32l0xx_hal_tim.c:2685:6:HAL_TIM_IRQHandler	8	static
stm32l0xx_hal_tim.c:4372:13:TIM_DMATriggerCplt	8	static
stm32l0xx_hal_tim.c:4165:13:HAL_TIM_ErrorCallback	0	static
stm32l0xx_hal_tim.c:4262:6:TIM_DMAError	8	static
stm32l0xx_hal_tim.c:4199:22:HAL_TIM_Base_GetState	0	static
stm32l0xx_hal_tim.c:4209:22:HAL_TIM_OC_GetState	0	static
stm32l0xx_hal_tim.c:4219:22:HAL_TIM_PWM_GetState	0	static
stm32l0xx_hal_tim.c:4229:22:HAL_TIM_IC_GetState	0	static
stm32l0xx_hal_tim.c:4239:22:HAL_TIM_OnePulse_GetState	0	static
stm32l0xx_hal_tim.c:4249:22:HAL_TIM_Encoder_GetState	0	static
