stm32l0xx_hal_i2c.c:4285:13:I2C_Flush_TXDR	0	static
stm32l0xx_hal_i2c.c:4348:13:I2C_DMASlaveTransmitCplt	0	static
stm32l0xx_hal_i2c.c:4405:13:I2C_DMASlaveReceiveCplt	0	static
stm32l0xx_hal_i2c.c:4691:13:I2C_TransferConfig	12	static
stm32l0xx_hal_i2c.c:4721:26:I2C_Enable_IRQ	0	static
stm32l0xx_hal_i2c.c:4794:26:I2C_Disable_IRQ	12	static
stm32l0xx_hal_i2c.c:4625:26:I2C_IsAcknowledgeFailed	16	static
stm32l0xx_hal_i2c.c:4502:26:I2C_WaitOnTXISFlagUntilTimeout	16	static
stm32l0xx_hal_i2c.c:4473:26:I2C_WaitOnFlagUntilTimeout	24	static
stm32l0xx_hal_i2c.c:3641:26:I2C_RequestMemoryWrite	24	static
stm32l0xx_hal_i2c.c:3708:26:I2C_RequestMemoryRead	24	static
stm32l0xx_hal_i2c.c:4539:26:I2C_WaitOnSTOPFlagUntilTimeout	16	static
stm32l0xx_hal_i2c.c:4573:26:I2C_WaitOnRXNEFlagUntilTimeout	16	static
stm32l0xx_hal_i2c.c:4306:13:I2C_DMAMasterTransmitCplt	8	static
stm32l0xx_hal_i2c.c:4363:13:I2C_DMAMasterReceiveCplt	8	static
stm32l0xx_hal_i2c.c:529:13:HAL_I2C_MspInit	0	static
stm32l0xx_hal_i2c.c:406:19:HAL_I2C_Init	8	static
stm32l0xx_hal_i2c.c:545:13:HAL_I2C_MspDeInit	0	static
stm32l0xx_hal_i2c.c:493:19:HAL_I2C_DeInit	16	static
stm32l0xx_hal_i2c.c:629:19:HAL_I2C_Master_Transmit	40	static
stm32l0xx_hal_i2c.c:753:19:HAL_I2C_Master_Receive	40	static
stm32l0xx_hal_i2c.c:876:19:HAL_I2C_Slave_Transmit	40	static
stm32l0xx_hal_i2c.c:1016:19:HAL_I2C_Slave_Receive	40	static
stm32l0xx_hal_i2c.c:1148:19:HAL_I2C_Master_Transmit_IT	24	static
stm32l0xx_hal_i2c.c:1217:19:HAL_I2C_Master_Receive_IT	24	static
stm32l0xx_hal_i2c.c:1284:19:HAL_I2C_Slave_Transmit_IT	24	static
stm32l0xx_hal_i2c.c:1333:19:HAL_I2C_Slave_Receive_IT	24	static
stm32l0xx_hal_i2c.c:1384:19:HAL_I2C_Master_Transmit_DMA	32	static
stm32l0xx_hal_i2c.c:1492:19:HAL_I2C_Master_Receive_DMA	32	static
stm32l0xx_hal_i2c.c:1597:19:HAL_I2C_Slave_Transmit_DMA	16	static
stm32l0xx_hal_i2c.c:1663:19:HAL_I2C_Slave_Receive_DMA	16	static
stm32l0xx_hal_i2c.c:1733:19:HAL_I2C_Mem_Write	48	static
stm32l0xx_hal_i2c.c:1885:19:HAL_I2C_Mem_Read	48	static
stm32l0xx_hal_i2c.c:2028:19:HAL_I2C_Mem_Write_IT	48	static
stm32l0xx_hal_i2c.c:2127:19:HAL_I2C_Mem_Read_IT	48	static
stm32l0xx_hal_i2c.c:2225:19:HAL_I2C_Mem_Write_DMA	48	static
stm32l0xx_hal_i2c.c:2341:19:HAL_I2C_Mem_Read_DMA	48	static
stm32l0xx_hal_i2c.c:2455:19:HAL_I2C_IsDeviceReady	40	static
stm32l0xx_hal_i2c.c:2574:19:HAL_I2C_Master_Sequential_Transmit_IT	24	static
stm32l0xx_hal_i2c.c:2647:19:HAL_I2C_Master_Sequential_Receive_IT	24	static
stm32l0xx_hal_i2c.c:2718:19:HAL_I2C_Slave_Sequential_Transmit_IT	24	static
stm32l0xx_hal_i2c.c:2792:19:HAL_I2C_Slave_Sequential_Receive_IT	24	static
stm32l0xx_hal_i2c.c:2862:19:HAL_I2C_EnableListen_IT	8	static
stm32l0xx_hal_i2c.c:2886:19:HAL_I2C_DisableListen_IT	16	static
stm32l0xx_hal_i2c.c:2919:19:HAL_I2C_Master_Abort_IT	24	static
stm32l0xx_hal_i2c.c:2969:6:HAL_I2C_EV_IRQHandler	8	static
stm32l0xx_hal_i2c.c:3033:13:HAL_I2C_MasterTxCpltCallback	0	static
stm32l0xx_hal_i2c.c:3049:13:HAL_I2C_MasterRxCpltCallback	0	static
stm32l0xx_hal_i2c.c:3852:13:I2C_ITMasterSequentialCplt	16	static
stm32l0xx_hal_i2c.c:3064:13:HAL_I2C_SlaveTxCpltCallback	0	static
stm32l0xx_hal_i2c.c:3080:13:HAL_I2C_SlaveRxCpltCallback	0	static
stm32l0xx_hal_i2c.c:3897:13:I2C_ITSlaveSequentialCplt	8	static
stm32l0xx_hal_i2c.c:3098:13:HAL_I2C_AddrCallback	0	static
stm32l0xx_hal_i2c.c:3769:13:I2C_ITAddrCplt	24	static
stm32l0xx_hal_i2c.c:3116:13:HAL_I2C_ListenCpltCallback	0	static
stm32l0xx_hal_i2c.c:4139:13:I2C_ITListenCplt	8	static
stm32l0xx_hal_i2c.c:3132:13:HAL_I2C_MemTxCpltCallback	0	static
stm32l0xx_hal_i2c.c:3148:13:HAL_I2C_MemRxCpltCallback	0	static
stm32l0xx_hal_i2c.c:3164:13:HAL_I2C_ErrorCallback	0	static
stm32l0xx_hal_i2c.c:3180:13:HAL_I2C_AbortCpltCallback	0	static
stm32l0xx_hal_i2c.c:4183:13:I2C_ITError	8	static
stm32l0xx_hal_i2c.c:4033:13:I2C_ITSlaveCplt	16	static
stm32l0xx_hal_i2c.c:3384:26:I2C_Slave_ISR_IT	16	static
stm32l0xx_hal_i2c.c:3586:26:I2C_Slave_ISR_DMA	8	static
stm32l0xx_hal_i2c.c:3941:13:I2C_ITMasterCplt	8	static
stm32l0xx_hal_i2c.c:3263:26:I2C_Master_ISR_IT	24	static
stm32l0xx_hal_i2c.c:3497:26:I2C_Master_ISR_DMA	16	static
stm32l0xx_hal_i2c.c:4420:13:I2C_DMAError	8	static
stm32l0xx_hal_i2c.c:2988:6:HAL_I2C_ER_IRQHandler	16	static
stm32l0xx_hal_i2c.c:4437:13:I2C_DMAAbort	8	static
stm32l0xx_hal_i2c.c:3215:22:HAL_I2C_GetState	0	static
stm32l0xx_hal_i2c.c:3227:21:HAL_I2C_GetMode	0	static
stm32l0xx_hal_i2c.c:3238:10:HAL_I2C_GetError	0	static
