stm32l0xx_hal_uart.c:2460:13:UART_EndTxTransfer	0	static
stm32l0xx_hal_uart.c:2475:13:UART_EndRxTransfer	0	static
stm32l0xx_hal_uart.c:2748:26:UART_Transmit_IT	0	static
stm32l0xx_hal_uart.c:542:13:HAL_UART_MspInit	0	static
stm32l0xx_hal_uart.c:557:13:HAL_UART_MspDeInit	0	static
stm32l0xx_hal_uart.c:504:19:HAL_UART_DeInit	16	static
stm32l0xx_hal_uart.c:830:19:HAL_UART_Transmit_IT	8	static
stm32l0xx_hal_uart.c:886:19:HAL_UART_Receive_IT	12	static
stm32l0xx_hal_uart.c:948:19:HAL_UART_Transmit_DMA	16	static
stm32l0xx_hal_uart.c:1024:19:HAL_UART_Receive_DMA	24	static
stm32l0xx_hal_uart.c:1095:19:HAL_UART_DMAPause	0	static
stm32l0xx_hal_uart.c:1128:19:HAL_UART_DMAResume	0	static
stm32l0xx_hal_uart.c:1162:19:HAL_UART_DMAStop	8	static
stm32l0xx_hal_uart.c:1216:19:HAL_UART_Abort	8	static
stm32l0xx_hal_uart.c:1283:19:HAL_UART_AbortTransmit	8	static
stm32l0xx_hal_uart.c:1325:19:HAL_UART_AbortReceive	8	static
stm32l0xx_hal_uart.c:1778:13:HAL_UART_TxCpltCallback	0	static
stm32l0xx_hal_uart.c:2491:13:UART_DMATransmitCplt	8	static
stm32l0xx_hal_uart.c:2794:26:UART_EndTransmit_IT	8	static
stm32l0xx_hal_uart.c:1793:13:HAL_UART_TxHalfCpltCallback	0	static
stm32l0xx_hal_uart.c:2520:13:UART_DMATxHalfCplt	8	static
stm32l0xx_hal_uart.c:1808:13:HAL_UART_RxCpltCallback	0	static
stm32l0xx_hal_uart.c:2532:13:UART_DMAReceiveCplt	8	static
stm32l0xx_hal_uart.c:2814:26:UART_Receive_IT	16	static
stm32l0xx_hal_uart.c:1823:13:HAL_UART_RxHalfCpltCallback	0	static
stm32l0xx_hal_uart.c:2561:13:UART_DMARxHalfCplt	8	static
stm32l0xx_hal_uart.c:1838:13:HAL_UART_ErrorCallback	0	static
stm32l0xx_hal_uart.c:2573:13:UART_DMAError	8	static
stm32l0xx_hal_uart.c:1626:6:HAL_UART_IRQHandler	16	static
stm32l0xx_hal_uart.c:2603:13:UART_DMAAbortOnError	8	static
stm32l0xx_hal_uart.c:1853:13:HAL_UART_AbortCpltCallback	0	static
stm32l0xx_hal_uart.c:1373:19:HAL_UART_Abort_IT	8	static
stm32l0xx_hal_uart.c:2662:13:UART_DMARxAbortCallback	8	static
stm32l0xx_hal_uart.c:2620:13:UART_DMATxAbortCallback	8	static
stm32l0xx_hal_uart.c:1868:13:HAL_UART_AbortTransmitCpltCallback	0	static
stm32l0xx_hal_uart.c:1498:19:HAL_UART_AbortTransmit_IT	8	static
stm32l0xx_hal_uart.c:2704:13:UART_DMATxOnlyAbortCallback	8	static
stm32l0xx_hal_uart.c:1883:13:HAL_UART_AbortReceiveCpltCallback	0	static
stm32l0xx_hal_uart.c:1563:19:HAL_UART_AbortReceive_IT	8	static
stm32l0xx_hal_uart.c:2725:13:UART_DMARxOnlyAbortCallback	8	static
stm32l0xx_hal_uart.c:1967:6:HAL_MultiProcessor_EnterMuteMode	0	static
stm32l0xx_hal_uart.c:1977:19:HAL_HalfDuplex_EnableTransmitter	12	static
stm32l0xx_hal_uart.c:2001:19:HAL_HalfDuplex_EnableReceiver	12	static
stm32l0xx_hal_uart.c:2025:19:HAL_LIN_SendBreak	12	static
stm32l0xx_hal_uart.c:2073:23:HAL_UART_GetState	0	static
stm32l0xx_hal_uart.c:2088:10:HAL_UART_GetError	0	static
stm32l0xx_hal_uart.c:2109:19:UART_SetConfig	24	static
stm32l0xx_hal_uart.c:2304:6:UART_AdvFeatureConfig	0	static
stm32l0xx_hal_uart.c:2428:19:UART_WaitOnFlagUntilTimeout	24	static
stm32l0xx_hal_uart.c:660:19:HAL_UART_Transmit	40	static
stm32l0xx_hal_uart.c:744:19:HAL_UART_Receive	40	static
stm32l0xx_hal_uart.c:2378:19:UART_CheckIdleState	24	static
stm32l0xx_hal_uart.c:227:19:HAL_UART_Init	8	static
stm32l0xx_hal_uart.c:290:19:HAL_HalfDuplex_Init	8	static
stm32l0xx_hal_uart.c:353:19:HAL_LIN_Init	16	static
stm32l0xx_hal_uart.c:440:19:HAL_MultiProcessor_Init	16	static
stm32l0xx_hal_uart.c:1925:19:HAL_MultiProcessor_EnableMuteMode	8	static
stm32l0xx_hal_uart.c:1946:19:HAL_MultiProcessor_DisableMuteMode	8	static
