stm32l0xx_hal_spi.c:2328:26:SPI_WaitOnFlagUntilTimeout	24	static
stm32l0xx_hal_spi.c:338:14:HAL_SPI_MspInit	0	static
stm32l0xx_hal_spi.c:240:19:HAL_SPI_Init	8	static
stm32l0xx_hal_spi.c:354:14:HAL_SPI_MspDeInit	0	static
stm32l0xx_hal_spi.c:307:19:HAL_SPI_DeInit	16	static
stm32l0xx_hal_spi.c:431:19:HAL_SPI_Transmit	24	static
stm32l0xx_hal_spi.c:752:19:HAL_SPI_TransmitReceive	24	static
stm32l0xx_hal_spi.c:576:19:HAL_SPI_Receive	32	static
stm32l0xx_hal_spi.c:997:19:HAL_SPI_Transmit_IT	8	static
stm32l0xx_hal_spi.c:1155:19:HAL_SPI_TransmitReceive_IT	12	static
stm32l0xx_hal_spi.c:1074:19:HAL_SPI_Receive_IT	8	static
stm32l0xx_hal_spi.c:1226:19:HAL_SPI_Transmit_DMA	16	static
stm32l0xx_hal_spi.c:1420:19:HAL_SPI_TransmitReceive_DMA	16	static
stm32l0xx_hal_spi.c:1320:19:HAL_SPI_Receive_DMA	16	static
stm32l0xx_hal_spi.c:1527:19:HAL_SPI_DMAPause	12	static
stm32l0xx_hal_spi.c:1548:19:HAL_SPI_DMAResume	12	static
stm32l0xx_hal_spi.c:1569:19:HAL_SPI_DMAStop	8	static
stm32l0xx_hal_spi.c:1667:13:HAL_SPI_TxCpltCallback	0	static
stm32l0xx_hal_spi.c:1683:13:HAL_SPI_RxCpltCallback	0	static
stm32l0xx_hal_spi.c:1699:13:HAL_SPI_TxRxCpltCallback	0	static
stm32l0xx_hal_spi.c:1715:13:HAL_SPI_TxHalfCpltCallback	0	static
stm32l0xx_hal_spi.c:2270:13:SPI_DMAHalfTransmitCplt	8	static
stm32l0xx_hal_spi.c:1731:13:HAL_SPI_RxHalfCpltCallback	0	static
stm32l0xx_hal_spi.c:2283:13:SPI_DMAHalfReceiveCplt	8	static
stm32l0xx_hal_spi.c:1747:13:HAL_SPI_TxRxHalfCpltCallback	0	static
stm32l0xx_hal_spi.c:2296:13:SPI_DMAHalfTransmitReceiveCplt	8	static
stm32l0xx_hal_spi.c:1763:14:HAL_SPI_ErrorCallback	0	static
stm32l0xx_hal_spi.c:1837:13:SPI_TxCloseIRQHandler	16	static
stm32l0xx_hal_spi.c:1898:13:SPI_TxISR	8	static
stm32l0xx_hal_spi.c:1930:13:SPI_RxCloseIRQHandler	16	static
stm32l0xx_hal_spi.c:2037:13:SPI_RxISR	8	static
stm32l0xx_hal_spi.c:2010:13:SPI_2LinesRxISR	8	static
stm32l0xx_hal_spi.c:2309:13:SPI_DMAError	8	static
stm32l0xx_hal_spi.c:2071:13:SPI_DMATransmitCplt	16	static
stm32l0xx_hal_spi.c:2121:13:SPI_DMAReceiveCplt	16	static
stm32l0xx_hal_spi.c:2194:13:SPI_DMATransmitReceiveCplt	16	static
stm32l0xx_hal_spi.c:1603:6:HAL_SPI_IRQHandler	24	static
stm32l0xx_hal_spi.c:1800:22:HAL_SPI_GetState	0	static
stm32l0xx_hal_spi.c:1811:10:HAL_SPI_GetError	0	static
