stm32l0xx_hal_rcc.c:1439:26:RCC_SetFlashLatencyFromMSIRange	12	static
stm32l0xx_hal_rcc.c:273:6:HAL_RCC_DeInit	8	static
stm32l0xx_hal_rcc.c:332:19:HAL_RCC_OscConfig	24	static
stm32l0xx_hal_rcc.c:1062:6:HAL_RCC_MCOConfig	48	static
stm32l0xx_hal_rcc.c:1120:6:HAL_RCC_EnableCSS	0	static
stm32l0xx_hal_rcc.c:1156:10:HAL_RCC_GetSysClockFreq	8	static
stm32l0xx_hal_rcc.c:825:19:HAL_RCC_ClockConfig	16	static
stm32l0xx_hal_rcc.c:1226:10:HAL_RCC_GetHCLKFreq	0	static
stm32l0xx_hal_rcc.c:1237:10:HAL_RCC_GetPCLK1Freq	8	static
stm32l0xx_hal_rcc.c:1249:10:HAL_RCC_GetPCLK2Freq	8	static
stm32l0xx_hal_rcc.c:1262:6:HAL_RCC_GetOscConfig	0	static
stm32l0xx_hal_rcc.c:1365:6:HAL_RCC_GetClockConfig	12	static
stm32l0xx_hal_rcc.c:1413:13:HAL_RCC_CSSCallback	0	static
stm32l0xx_hal_rcc.c:1396:6:HAL_RCC_NMI_IRQHandler	8	static
