stm32l0xx_hal.c:225:13:HAL_MspInit	0	static
stm32l0xx_hal.c:236:13:HAL_MspDeInit	0	static
stm32l0xx_hal.c:199:19:HAL_DeInit	8	static
stm32l0xx_hal.c:260:26:HAL_InitTick	8	static
stm32l0xx_hal.c:167:19:HAL_Init	8	static
stm32l0xx_hal.c:307:13:HAL_IncTick	0	static
stm32l0xx_hal.c:318:17:HAL_GetTick	0	static
stm32l0xx_hal.c:333:13:HAL_Delay	16	static
stm32l0xx_hal.c:352:13:HAL_SuspendTick	0	static
stm32l0xx_hal.c:368:13:HAL_ResumeTick	0	static
stm32l0xx_hal.c:378:10:HAL_GetHalVersion	0	static
stm32l0xx_hal.c:387:10:HAL_GetREVID	0	static
stm32l0xx_hal.c:396:10:HAL_GetDEVID	0	static
stm32l0xx_hal.c:405:6:HAL_DBGMCU_EnableDBGSleepMode	0	static
stm32l0xx_hal.c:414:6:HAL_DBGMCU_DisableDBGSleepMode	0	static
stm32l0xx_hal.c:423:6:HAL_DBGMCU_EnableDBGStopMode	0	static
stm32l0xx_hal.c:432:6:HAL_DBGMCU_DisableDBGStopMode	0	static
stm32l0xx_hal.c:441:6:HAL_DBGMCU_EnableDBGStandbyMode	0	static
stm32l0xx_hal.c:450:6:HAL_DBGMCU_DisableDBGStandbyMode	0	static
stm32l0xx_hal.c:464:6:HAL_DBGMCU_DBG_EnableLowPowerConfig	0	static
stm32l0xx_hal.c:481:6:HAL_DBGMCU_DBG_DisableLowPowerConfig	0	static
stm32l0xx_hal.c:498:11:HAL_SYSCFG_GetBootMode	0	static
stm32l0xx_hal.c:515:6:HAL_SYSCFG_VREFINT_OutputSelect	0	static
stm32l0xx_hal.c:529:6:HAL_SYSCFG_Enable_Lock_VREFINT	0	static
stm32l0xx_hal.c:539:6:HAL_SYSCFG_Disable_Lock_VREFINT	0	static
