aes.c:174:16:getSBoxValue	0	static
aes.c:179:16:getSBoxInvert	0	static
aes.c:185:13:KeyExpansion	40	static
aes.c:252:13:AddRoundKey	12	static
aes.c:267:13:SubBytes	16	static
aes.c:283:13:ShiftRows	0	static
aes.c:311:16:xtime	0	static
aes.c:317:13:MixColumns	32	static
aes.c:356:13:InvMixColumns	88	static
aes.c:378:13:InvSubBytes	16	static
aes.c:391:13:InvShiftRows	0	static
aes.c:421:13:Cipher	8	static
aes.c:446:13:InvCipher	8	static
aes.c:471:13:BlockCopy	0	static
aes.c:487:6:AES128_init	8	static
aes.c:497:6:AES128_ECB_encrypt	8	static
aes.c:515:6:AES128_ECB_decrypt	8	static
aes.c:634:6:AES128_CTR_encrypt	48	static
