sx127x.c:380:13:is_lora_channel	0	static
sx127x.c:268:13:read_fifo	16	static
sx127x.c:252:13:write_reg	16	static
sx127x.c:371:13:set_center_freq	8	static
sx127x.c:357:13:configure_eirp	8	static
sx127x.c:805:13:configure_syncword	8	static
sx127x.c:260:13:write_fifo	16	static
sx127x.c:243:16:read_reg	16	static
sx127x.c:601:13:bg_scan_rx_done	24	static
sx127x.c:571:13:lora_rxdone_isr	16	static
sx127x.c:276:17:get_opmode	8	static
sx127x.c:928:13:calibrate_rx_chain	8	static
sx127x.c:644:13:set_packet_handler_enabled	8	static
sx127x.c:1181:16:assemble_background_payload	24	static
sx127x.c:1311:13:fill_in_fifo	40	static
sx127x.c:649:13:fifo_level_isr	8	static
sx127x.c:1065:17:encode_packet	16	static
sx127x.c:296:13:set_antenna_switch	8	static
sx127x.c:324:13:set_opmode	8	static
sx127x.c:666:13:restart_rx	8	static
sx127x.c:685:13:fifo_threshold_isr	40	static
sx127x.c:796:13:dio1_isr	8	static
sx127x.c:553:13:packet_transmitted_isr	16	static
sx127x.c:633:13:dio0_isr	8	static
sx127x.c:343:13:set_lora_mode	8	static
sx127x.c:822:13:restart_rx_chain	8	static
sx127x.c:384:13:configure_channel	24	static
sx127x.c:456:13:init_regs	8	static
sx127x.c:1230:16:hw_radio_send_packet_with_advertising	72	static
sx127x.c:1018:6:hw_radio_is_idle	0	static
sx127x.c:1022:28:hw_radio_reset	0	static
sx127x.c:1026:28:hw_radio_io_init	0	static
sx127x.c:835:13:resume_from_sleep_mode	8	static
sx127x.c:845:13:start_rx	8	static
sx127x.c:1030:28:hw_radio_io_deinit	0	static
sx127x.c:947:13:switch_to_sleep_mode	8	static
sx127x.c:965:9:hw_radio_init	16	static
sx127x.c:1007:6:hw_radio_stop	8	static
sx127x.c:1012:9:hw_radio_set_idle	8	static
sx127x.c:1034:9:hw_radio_set_rx	8	static
sx127x.c:1061:6:hw_radio_is_rx	0	static
sx127x.c:1076:9:hw_radio_send_packet	16	static
sx127x.c:1480:9:hw_radio_get_rssi	8	static
sx127x.c:1415:9:hw_radio_start_background_scan	16	static
sx127x.c:1487:6:stop_hw_radio_continuous_tx	0	static
sx127x.c:1491:6:start_hw_radio_continuous_tx	88	dynamic,bounded
sx127x.c:1514:6:hw_radio_continuous_tx	16	static
sx127x.c:1536:6:hw_radio_continuous_rx	8	static
sx127x.c:1587:6:start_hw_radio_continuous_rx	80	static
