alp.c:198:13:parse_op_return_tag	8	static
alp.c:205:13:parse_op_return_status	40	static
alp.c:41:17:alp_get_operation	0	static
alp.c:48:10:alp_parse_length_operand	24	static
alp.c:60:6:alp_append_length_operand	32	static
alp.c:83:27:alp_parse_file_offset_operand	24	static
alp.c:180:13:parse_operand_file_data	24	static
alp.c:187:13:parse_op_write_file_data	8	static
alp.c:193:13:parse_op_return_file_data	8	static
alp.c:90:6:alp_append_file_offset_operand	16	static
alp.c:95:6:alp_append_forward_action	32	static
alp.c:139:6:alp_append_return_file_data_action	24	static
alp.c:235:6:alp_parse_action	24	static
alp.c:315:6:alp_append_tag_request_action	16	static
alp.c:322:6:alp_append_read_file_data_action	24	static
alp.c:329:6:alp_append_write_file_data_action	32	static
alp.c:337:9:alp_length_operand_coded_length	0	static
alp.c:263:9:alp_get_expected_response_length	40	static
