Archive member included to satisfy reference by file (symbol)

../../framework/libframework.a(framework_bootstrap.c.obj)
                              (--whole-archive)
../../framework/libframework.a(platf_main.c.obj)
                              (--whole-archive)
../../framework/libframework.a(platf_leds.c.obj)
                              (--whole-archive)
../../framework/libframework.a(platf_button.c.obj)
                              (--whole-archive)
../../framework/libframework.a(platf_debug.c.obj)
                              (--whole-archive)
../../framework/libframework.a(libc_overrides.c.obj)
                              (--whole-archive)
../../framework/libframework.a(startup_STM32L072xx.s.obj)
                              (--whole-archive)
../../framework/libframework.a(stm32l0xx_hal_msp.c.obj)
                              (--whole-archive)
../../framework/libframework.a(system_stm32l0xx.c.obj)
                              (--whole-archive)
../../framework/libframework.a(stm32l0xx_hal.c.obj)
                              (--whole-archive)
../../framework/libframework.a(stm32l0xx_hal_cortex.c.obj)
                              (--whole-archive)
../../framework/libframework.a(stm32l0xx_hal_flash.c.obj)
                              (--whole-archive)
../../framework/libframework.a(stm32l0xx_hal_flash_ex.c.obj)
                              (--whole-archive)
../../framework/libframework.a(stm32l0xx_hal_gpio.c.obj)
                              (--whole-archive)
../../framework/libframework.a(stm32l0xx_hal_i2c.c.obj)
                              (--whole-archive)
../../framework/libframework.a(stm32l0xx_hal_iwdg.c.obj)
                              (--whole-archive)
../../framework/libframework.a(stm32l0xx_hal_pwr.c.obj)
                              (--whole-archive)
../../framework/libframework.a(stm32l0xx_hal_pwr_ex.c.obj)
                              (--whole-archive)
../../framework/libframework.a(stm32l0xx_hal_rcc.c.obj)
                              (--whole-archive)
../../framework/libframework.a(stm32l0xx_hal_rcc_ex.c.obj)
                              (--whole-archive)
../../framework/libframework.a(stm32l0xx_hal_rtc.c.obj)
                              (--whole-archive)
../../framework/libframework.a(stm32l0xx_hal_rtc_ex.c.obj)
                              (--whole-archive)
../../framework/libframework.a(stm32l0xx_hal_spi.c.obj)
                              (--whole-archive)
../../framework/libframework.a(stm32l0xx_hal_tim.c.obj)
                              (--whole-archive)
../../framework/libframework.a(stm32l0xx_hal_tim_ex.c.obj)
                              (--whole-archive)
../../framework/libframework.a(stm32l0xx_hal_lptim.c.obj)
                              (--whole-archive)
../../framework/libframework.a(stm32l0xx_hal_uart.c.obj)
                              (--whole-archive)
../../framework/libframework.a(stm32l0xx_ll_gpio.c.obj)
                              (--whole-archive)
../../framework/libframework.a(stm32_common_atomic.c.obj)
                              (--whole-archive)
../../framework/libframework.a(stm32_common_gpio.c.obj)
                              (--whole-archive)
../../framework/libframework.a(stm32_common_i2c.c.obj)
                              (--whole-archive)
../../framework/libframework.a(stm32_common_mcu.c.obj)
                              (--whole-archive)
../../framework/libframework.a(stm32_common_spi.c.obj)
                              (--whole-archive)
../../framework/libframework.a(stm32_common_system.c.obj)
                              (--whole-archive)
../../framework/libframework.a(stm32_common_timer.c.obj)
                              (--whole-archive)
../../framework/libframework.a(stm32_common_uart.c.obj)
                              (--whole-archive)
../../framework/libframework.a(stm32_common_watchdog.c.obj)
                              (--whole-archive)
../../framework/libframework.a(stm32_common_eeprom.c.obj)
                              (--whole-archive)
../../framework/libframework.a(sx127x.c.obj)
                              (--whole-archive)
../../framework/libframework.a(aes.c.obj)
                              (--whole-archive)
../../framework/libframework.a(ccm.c.obj)
                              (--whole-archive)
../../framework/libframework.a(alp.c.obj)
                              (--whole-archive)
../../framework/libframework.a(cli.c.obj)
                              (--whole-archive)
../../framework/libframework.a(compress.c.obj)
                              (--whole-archive)
../../framework/libframework.a(console.c.obj)
                              (--whole-archive)
../../framework/libframework.a(crc.c.obj)
                              (--whole-archive)
../../framework/libframework.a(fec.c.obj)
                              (--whole-archive)
../../framework/libframework.a(fifo.c.obj)
                              (--whole-archive)
../../framework/libframework.a(fs.c.obj)
[...]
Memory Configuration

Name             Origin             Length             Attributes
FLASH            0x0000000008000000 0x0000000000030000 xr
RAM              0x0000000020000000 0x0000000000005000 xrw
*default*        0x0000000000000000 0xffffffffffffffff

Linker script and memory map

LOAD /home/liam/Documents/toolchain/gcc-arm-none-eabi-8-2018-q4-major/bin/../lib/gcc/arm-none-eabi/8.2.1/thumb/v6-m/nofp/crti.o
LOAD /home/liam/Documents/toolchain/gcc-arm-none-eabi-8-2018-q4-major/bin/../lib/gcc/arm-none-eabi/8.2.1/thumb/v6-m/nofp/crtbegin.o
LOAD /home/liam/Documents/toolchain/gcc-arm-none-eabi-8-2018-q4-major/bin/../lib/gcc/arm-none-eabi/8.2.1/../../../../arm-none-eabi/lib/thumb/v6-m/nofp/crt0.o
LOAD CMakeFiles/continuous_rx.elf.dir/continuous_rx.c.obj
LOAD CMakeFiles/continuous_rx.elf.dir/version.c.obj
START GROUP
LOAD ../../framework/libframework.a
END GROUP
START GROUP
LOAD /home/liam/Documents/toolchain/gcc-arm-none-eabi-8-2018-q4-major/bin/../lib/gcc/arm-none-eabi/8.2.1/thumb/v6-m/nofp/libgcc.a
LOAD /home/liam/Documents/toolchain/gcc-arm-none-eabi-8-2018-q4-major/bin/../lib/gcc/arm-none-eabi/8.2.1/../../../../arm-none-eabi/lib/thumb/v6-m/nofp/libg_nano.a
LOAD /home/liam/Documents/toolchain/gcc-arm-none-eabi-8-2018-q4-major/bin/../lib/gcc/arm-none-eabi/8.2.1/../../../../arm-none-eabi/lib/thumb/v6-m/nofp/libc_nano.a
END GROUP
START GROUP
LOAD /home/liam/Documents/toolchain/gcc-arm-none-eabi-8-2018-q4-major/bin/../lib/gcc/arm-none-eabi/8.2.1/thumb/v6-m/nofp/libgcc.a
LOAD /home/liam/Documents/toolchain/gcc-arm-none-eabi-8-2018-q4-major/bin/../lib/gcc/arm-none-eabi/8.2.1/../../../../arm-none-eabi/lib/thumb/v6-m/nofp/libc_nano.a
LOAD /home/liam/Documents/toolchain/gcc-arm-none-eabi-8-2018-q4-major/bin/../lib/gcc/arm-none-eabi/8.2.1/../../../../arm-none-eabi/lib/thumb/v6-m/nofp/libnosys.a
END GROUP
START GROUP
LOAD /home/liam/Documents/toolchain/gcc-arm-none-eabi-8-2018-q4-major/bin/../lib/gcc/arm-none-eabi/8.2.1/thumb/v6-m/nofp/libgcc.a
LOAD /home/liam/Documents/toolchain/gcc-arm-none-eabi-8-2018-q4-major/bin/../lib/gcc/arm-none-eabi/8.2.1/../../../../arm-none-eabi/lib/thumb/v6-m/nofp/libc_nano.a
LOAD /home/liam/Documents/toolchain/gcc-arm-none-eabi-8-2018-q4-major/bin/../lib/gcc/arm-none-eabi/8.2.1/../../../../arm-none-eabi/lib/thumb/v6-m/nofp/libnosys.a
END GROUP
LOAD /home/liam/Documents/toolchain/gcc-arm-none-eabi-8-2018-q4-major/bin/../lib/gcc/arm-none-eabi/8.2.1/thumb/v6-m/nofp/crtend.o
LOAD /home/liam/Documents/toolchain/gcc-arm-none-eabi-8-2018-q4-major/bin/../lib/gcc/arm-none-eabi/8.2.1/thumb/v6-m/nofp/crtn.o
                0x0000000000000500                _stack_size = 0x500
                0x0000000000000300                _heap_size = 0x300

.text           0x0000000008000000     0xad6c
 *(.isr_vector)
 .isr_vector    0x0000000008000000       0xc0 ../../framework/libframework.a(startup_STM32L072xx.s.obj)
                0x0000000008000000                g_pfnVectors
 *(.text*)
 .text          0x00000000080000c0       0x48 /home/liam/Documents/toolchain/gcc-arm-none-eabi-8-2018-q4-major/bin/../lib/gcc/arm-none-eabi/8.2.1/thumb/v6-m/nofp/crtbegin.o
 .text.start_radio
                0x0000000008000108        0xa CMakeFiles/continuous_rx.elf.dir/continuous_rx.c.obj
                0x0000000008000108                start_radio
 *fill*         0x0000000008000112        0x2 
 .text.configure_radio
                0x0000000008000114       0x10 CMakeFiles/continuous_rx.elf.dir/continuous_rx.c.obj
                0x0000000008000114                configure_radio
 .text.start    0x0000000008000124       0x34 CMakeFiles/continuous_rx.elf.dir/continuous_rx.c.obj
                0x0000000008000124                start
 .text.bootstrap
                0x0000000008000158       0x98 CMakeFiles/continuous_rx.elf.dir/continuous_rx.c.obj
                0x0000000008000158                bootstrap
 .text.__framework_bootstrap
                0x00000000080001f0       0x34 ../../framework/libframework.a(framework_bootstrap.c.obj)
                0x00000000080001f0                __framework_bootstrap
 .text.hw_radio_reset
                0x0000000008000224       0x5c ../../framework/libframework.a(platf_main.c.obj)
                0x0000000008000224                hw_radio_reset
 .text.__platform_post_framework_init
                0x0000000008000280        0xc ../../framework/libframework.a(platf_main.c.obj)
                0x0000000008000280                __platform_post_framework_init
 .text.hw_radio_io_init
                0x000000000800028c       0x94 ../../framework/libframework.a(platf_main.c.obj)
                0x000000000800028c                hw_radio_io_init
 .text.__platform_init
                0x0000000008000320       0x1c ../../framework/libframework.a(platf_main.c.obj)
                0x0000000008000320                __platform_init
 .text.main     0x000000000800033c       0x16 ../../framework/libframework.a(platf_main.c.obj)
                0x000000000800033c                main
 *fill*         0x0000000008000352        0x2 
 .text.hw_radio_io_deinit
                0x0000000008000354       0x90 ../../framework/libframework.a(platf_main.c.obj)
                0x0000000008000354                hw_radio_io_deinit
 .text.__led_init
                0x00000000080003e4       0x68 ../../framework/libframework.a(platf_leds.c.obj)
                0x00000000080003e4                __led_init
 .text.led_on   0x000000000800044c       0x18 ../../framework/libframework.a(platf_leds.c.obj)
                0x000000000800044c                led_on
 .text.led_off  0x0000000008000464       0x18 ../../framework/libframework.a(platf_leds.c.obj)
                0x0000000008000464                led_off
 .text.end_flash_green
                0x000000000800047c        0xa ../../framework/libframework.a(platf_leds.c.obj)
 *fill*         0x0000000008000486        0x2 
 .text.led_toggle
                0x0000000008000488       0x18 ../../framework/libframework.a(platf_leds.c.obj)
                0x0000000008000488                led_toggle
 .text.led_init
                0x00000000080004a0       0x14 ../../framework/libframework.a(platf_leds.c.obj)
                0x00000000080004a0                led_init
 .text.button_task
                0x00000000080004b4       0x94 ../../framework/libframework.a(platf_button.c.obj)
 .text.button_callback
                0x0000000008000548       0x40 ../../framework/libframework.a(platf_button.c.obj)
 .text.__ubutton_init
                0x0000000008000588       0xa0 ../../framework/libframework.a(platf_button.c.obj)
                0x0000000008000588                __ubutton_init
 .text.__hw_debug_init
                0x0000000008000628        0x2 ../../framework/libframework.a(platf_debug.c.obj)
                0x0000000008000628                __hw_debug_init
 .text.hw_debug_clr
                0x000000000800062a        0x2 ../../framework/libframework.a(platf_debug.c.obj)
                0x000000000800062a                hw_debug_clr
 .text._write   0x000000000800062c        0xe ../../framework/libframework.a(libc_overrides.c.obj)
                0x000000000800062c                _write
 *fill*         0x000000000800063a        0x2 
 .text.__assert_func
                0x000000000800063c       0x80 ../../framework/libframework.a(libc_overrides.c.obj)
                0x000000000800063c                __assert_func
 .text.Reset_Handler
                0x00000000080006bc       0x50 ../../framework/libframework.a(startup_STM32L072xx.s.obj)
                0x00000000080006bc                Reset_Handler
 .text.Default_Handler
                0x000000000800070c        0x2 ../../framework/libframework.a(startup_STM32L072xx.s.obj)
                0x000000000800070c                TSC_IRQHandler
                0x000000000800070c                ADC1_COMP_IRQHandler
                0x000000000800070c                SysTick_Handler
                0x000000000800070c                PVD_IRQHandler
                0x000000000800070c                PendSV_Handler
                0x000000000800070c                NMI_Handler
                0x000000000800070c                I2C1_IRQHandler
                0x000000000800070c                RCC_CRS_IRQHandler
                0x000000000800070c                SPI1_IRQHandler
                0x000000000800070c                TIM6_DAC_IRQHandler
                0x000000000800070c                I2C2_IRQHandler
                0x000000000800070c                RTC_IRQHandler
                0x000000000800070c                DMA1_Channel4_5_6_7_IRQHandler
                0x000000000800070c                TIM3_IRQHandler
                0x000000000800070c                DMA1_Channel1_IRQHandler
                0x000000000800070c                USART4_5_IRQHandler
                0x000000000800070c                Default_Handler
                0x000000000800070c                TIM22_IRQHandler
                0x000000000800070c                TIM7_IRQHandler
                0x000000000800070c                USB_IRQHandler
                0x000000000800070c                I2C3_IRQHandler
                0x000000000800070c                SPI2_IRQHandler
                0x000000000800070c                SVC_Handler
                0x000000000800070c                TIM21_IRQHandler
                0x000000000800070c                WWDG_IRQHandler
                0x000000000800070c                TIM2_IRQHandler
                0x000000000800070c                DMA1_Channel2_3_IRQHandler
                0x000000000800070c                FLASH_IRQHandler
 .text.HAL_InitTick
                0x000000000800070e        0x4 ../../framework/libframework.a(stm32l0xx_hal_msp.c.obj)
                0x000000000800070e                HAL_InitTick
 *fill*         0x0000000008000712        0x2 
 .text.HAL_MspInit
                0x0000000008000714       0x3c ../../framework/libframework.a(stm32l0xx_hal_msp.c.obj)
                0x0000000008000714                HAL_MspInit
 .text.SystemInit
                0x0000000008000750       0x5c ../../framework/libframework.a(system_stm32l0xx.c.obj)
                0x0000000008000750                SystemInit
 .text.HAL_Init
                0x00000000080007ac       0x20 ../../framework/libframework.a(stm32l0xx_hal.c.obj)
                0x00000000080007ac                HAL_Init
 .text.HAL_DBGMCU_EnableDBGSleepMode
                0x00000000080007cc       0x10 ../../framework/libframework.a(stm32l0xx_hal.c.obj)
                0x00000000080007cc                HAL_DBGMCU_EnableDBGSleepMode
 .text.HAL_NVIC_SetPriority
                0x00000000080007dc       0x64 ../../framework/libframework.a(stm32l0xx_hal_cortex.c.obj)
                0x00000000080007dc                HAL_NVIC_SetPriority
 .text.HAL_NVIC_EnableIRQ
                0x0000000008000840       0x14 ../../framework/libframework.a(stm32l0xx_hal_cortex.c.obj)
                0x0000000008000840                HAL_NVIC_EnableIRQ
 .text.HAL_NVIC_ClearPendingIRQ
                0x0000000008000854       0x18 ../../framework/libframework.a(stm32l0xx_hal_cortex.c.obj)
                0x0000000008000854                HAL_NVIC_ClearPendingIRQ
 .text.HAL_GPIO_Init
                0x000000000800086c      0x19c ../../framework/libframework.a(stm32l0xx_hal_gpio.c.obj)
                0x000000000800086c                HAL_GPIO_Init
 .text.HAL_GPIO_ReadPin
                0x0000000008000a08        0xe ../../framework/libframework.a(stm32l0xx_hal_gpio.c.obj)
                0x0000000008000a08                HAL_GPIO_ReadPin
 .text.HAL_GPIO_WritePin
                0x0000000008000a16        0xc ../../framework/libframework.a(stm32l0xx_hal_gpio.c.obj)
                0x0000000008000a16                HAL_GPIO_WritePin
 .text.HAL_GPIO_TogglePin
                0x0000000008000a22        0x8 ../../framework/libframework.a(stm32l0xx_hal_gpio.c.obj)
                0x0000000008000a22                HAL_GPIO_TogglePin
 *fill*         0x0000000008000a2a        0x2 
 .text.HAL_PWR_DisablePVD
                0x0000000008000a2c       0x10 ../../framework/libframework.a(stm32l0xx_hal_pwr.c.obj)
                0x0000000008000a2c                HAL_PWR_DisablePVD
 .text.HAL_PWR_EnterSLEEPMode
                0x0000000008000a3c       0x30 ../../framework/libframework.a(stm32l0xx_hal_pwr.c.obj)
                0x0000000008000a3c                HAL_PWR_EnterSLEEPMode
 .text.HAL_PWR_EnterSTOPMode
                0x0000000008000a6c       0x3c ../../framework/libframework.a(stm32l0xx_hal_pwr.c.obj)
                0x0000000008000a6c                HAL_PWR_EnterSTOPMode
 .text.HAL_PWREx_EnableFastWakeUp
                0x0000000008000aa8       0x14 ../../framework/libframework.a(stm32l0xx_hal_pwr_ex.c.obj)
                0x0000000008000aa8                HAL_PWREx_EnableFastWakeUp
 .text.HAL_PWREx_EnableUltraLowPower
                0x0000000008000abc       0x14 ../../framework/libframework.a(stm32l0xx_hal_pwr_ex.c.obj)
                0x0000000008000abc                HAL_PWREx_EnableUltraLowPower
 .text.RCC_SetFlashLatencyFromMSIRange
                0x0000000008000ad0       0x80 ../../framework/libframework.a(stm32l0xx_hal_rcc.c.obj)
 .text.HAL_RCC_OscConfig
                0x0000000008000b50      0x580 ../../framework/libframework.a(stm32l0xx_hal_rcc.c.obj)
                0x0000000008000b50                HAL_RCC_OscConfig
 .text.HAL_RCC_GetSysClockFreq
                0x00000000080010d0       0xb0 ../../framework/libframework.a(stm32l0xx_hal_rcc.c.obj)
                0x00000000080010d0                HAL_RCC_GetSysClockFreq
 .text.HAL_RCC_ClockConfig
                0x0000000008001180      0x1a0 ../../framework/libframework.a(stm32l0xx_hal_rcc.c.obj)
                0x0000000008001180                HAL_RCC_ClockConfig
 .text.HAL_RCC_GetHCLKFreq
                0x0000000008001320        0xc ../../framework/libframework.a(stm32l0xx_hal_rcc.c.obj)
                0x0000000008001320                HAL_RCC_GetHCLKFreq
 .text.HAL_RCC_GetPCLK1Freq
                0x000000000800132c       0x20 ../../framework/libframework.a(stm32l0xx_hal_rcc.c.obj)
                0x000000000800132c                HAL_RCC_GetPCLK1Freq
 .text.HAL_RCC_GetPCLK2Freq
                0x000000000800134c       0x20 ../../framework/libframework.a(stm32l0xx_hal_rcc.c.obj)
                0x000000000800134c                HAL_RCC_GetPCLK2Freq
 .text.HAL_RCCEx_PeriphCLKConfig
                0x000000000800136c      0x1e8 ../../framework/libframework.a(stm32l0xx_hal_rcc_ex.c.obj)
                0x000000000800136c                HAL_RCCEx_PeriphCLKConfig
 .text.HAL_RCCEx_GetPeriphCLKFreq
                0x0000000008001554      0x2b8 ../../framework/libframework.a(stm32l0xx_hal_rcc_ex.c.obj)
                0x0000000008001554                HAL_RCCEx_GetPeriphCLKFreq
 .text.SPI_WaitOnFlagUntilTimeout
                0x000000000800180c       0xf0 ../../framework/libframework.a(stm32l0xx_hal_spi.c.obj)
 .text.HAL_SPI_MspInit
                0x00000000080018fc        0x2 ../../framework/libframework.a(stm32l0xx_hal_spi.c.obj)
                0x00000000080018fc                HAL_SPI_MspInit
 *fill*         0x00000000080018fe        0x2 
 .text.HAL_SPI_Init
                0x0000000008001900       0x88 ../../framework/libframework.a(stm32l0xx_hal_spi.c.obj)
                0x0000000008001900                HAL_SPI_Init
 .text.HAL_SPI_MspDeInit
                0x0000000008001988        0x2 ../../framework/libframework.a(stm32l0xx_hal_spi.c.obj)
                0x0000000008001988                HAL_SPI_MspDeInit
 .text.HAL_SPI_DeInit
                0x000000000800198a       0x2c ../../framework/libframework.a(stm32l0xx_hal_spi.c.obj)
                0x000000000800198a                HAL_SPI_DeInit
 *fill*         0x00000000080019b6        0x2 
 .text.HAL_SPI_Transmit
                0x00000000080019b8      0x1e4 ../../framework/libframework.a(stm32l0xx_hal_spi.c.obj)
                0x00000000080019b8                HAL_SPI_Transmit
 .text.HAL_SPI_TransmitReceive
                0x0000000008001b9c      0x3ac ../../framework/libframework.a(stm32l0xx_hal_spi.c.obj)
                0x0000000008001b9c                HAL_SPI_TransmitReceive
 .text.HAL_SPI_Receive
                0x0000000008001f48      0x260 ../../framework/libframework.a(stm32l0xx_hal_spi.c.obj)
                0x0000000008001f48                HAL_SPI_Receive
 .text.HAL_LPTIM_MspInit
                0x00000000080021a8        0x2 ../../framework/libframework.a(stm32l0xx_hal_lptim.c.obj)
                0x00000000080021a8                HAL_LPTIM_MspInit
 *fill*         0x00000000080021aa        0x2 
 .text.HAL_LPTIM_Init
                0x00000000080021ac       0x8c ../../framework/libframework.a(stm32l0xx_hal_lptim.c.obj)
                0x00000000080021ac                HAL_LPTIM_Init
 .text.HAL_UART_MspInit
                0x0000000008002238        0x2 ../../framework/libframework.a(stm32l0xx_hal_uart.c.obj)
                0x0000000008002238                HAL_UART_MspInit
 *fill*         0x000000000800223a        0x2 
 .text.UART_SetConfig
                0x000000000800223c      0x35c ../../framework/libframework.a(stm32l0xx_hal_uart.c.obj)
                0x000000000800223c                UART_SetConfig
 .text.UART_AdvFeatureConfig
                0x0000000008002598       0xe0 ../../framework/libframework.a(stm32l0xx_hal_uart.c.obj)
                0x0000000008002598                UART_AdvFeatureConfig
 .text.UART_WaitOnFlagUntilTimeout
                0x0000000008002678       0x6c ../../framework/libframework.a(stm32l0xx_hal_uart.c.obj)
                0x0000000008002678                UART_WaitOnFlagUntilTimeout
 .text.HAL_UART_Transmit
                0x00000000080026e4       0xe2 ../../framework/libframework.a(stm32l0xx_hal_uart.c.obj)
                0x00000000080026e4                HAL_UART_Transmit
 *fill*         0x00000000080027c6        0x2 
 .text.UART_CheckIdleState
                0x00000000080027c8       0x70 ../../framework/libframework.a(stm32l0xx_hal_uart.c.obj)
                0x00000000080027c8                UART_CheckIdleState
 .text.HAL_UART_Init
                0x0000000008002838       0x70 ../../framework/libframework.a(stm32l0xx_hal_uart.c.obj)
                0x0000000008002838                HAL_UART_Init
 .text.start_atomic
                0x00000000080028a8        0x4 ../../framework/libframework.a(stm32_common_atomic.c.obj)
                0x00000000080028a8                start_atomic
 .text.end_atomic
                0x00000000080028ac        0x4 ../../framework/libframework.a(stm32_common_atomic.c.obj)
                0x00000000080028ac                end_atomic
 .text.gpio_int_callback
                0x00000000080028b0       0x4c ../../framework/libframework.a(stm32_common_gpio.c.obj)
 .text.__gpio_init
                0x00000000080028fc      0x138 ../../framework/libframework.a(stm32_common_gpio.c.obj)
                0x00000000080028fc                __gpio_init
 .text.hw_gpio_configure_pin_stm
                0x0000000008002a34      0x10c ../../framework/libframework.a(stm32_common_gpio.c.obj)
                0x0000000008002a34                hw_gpio_configure_pin_stm
 .text.hw_gpio_configure_pin
                0x0000000008002b40       0x48 ../../framework/libframework.a(stm32_common_gpio.c.obj)
                0x0000000008002b40                hw_gpio_configure_pin
 .text.hw_gpio_set
                0x0000000008002b88       0x1c ../../framework/libframework.a(stm32_common_gpio.c.obj)
                0x0000000008002b88                hw_gpio_set
 .text.hw_gpio_clr
                0x0000000008002ba4       0x1c ../../framework/libframework.a(stm32_common_gpio.c.obj)
                0x0000000008002ba4                hw_gpio_clr
 .text.hw_gpio_toggle
                0x0000000008002bc0       0x1a ../../framework/libframework.a(stm32_common_gpio.c.obj)
                0x0000000008002bc0                hw_gpio_toggle
 .text.hw_gpio_get_in
                0x0000000008002bda       0x20 ../../framework/libframework.a(stm32_common_gpio.c.obj)
                0x0000000008002bda                hw_gpio_get_in
 *fill*         0x0000000008002bfa        0x2 
 .text.hw_gpio_set_edge_interrupt
                0x0000000008002bfc       0x64 ../../framework/libframework.a(stm32_common_gpio.c.obj)
                0x0000000008002bfc                hw_gpio_set_edge_interrupt
 .text.hw_gpio_configure_interrupt
                0x0000000008002c60      0x140 ../../framework/libframework.a(stm32_common_gpio.c.obj)
                0x0000000008002c60                hw_gpio_configure_interrupt
 .text.hw_gpio_enable_interrupt
                0x0000000008002da0       0x7c ../../framework/libframework.a(stm32_common_gpio.c.obj)
                0x0000000008002da0                hw_gpio_enable_interrupt
 .text.hw_gpio_disable_interrupt
                0x0000000008002e1c       0x18 ../../framework/libframework.a(stm32_common_gpio.c.obj)
                0x0000000008002e1c                hw_gpio_disable_interrupt
 .text.EXTI_IRQHandler
                0x0000000008002e34       0x38 ../../framework/libframework.a(stm32_common_gpio.c.obj)
                0x0000000008002e34                EXTI_IRQHandler
 .text.init_clock
                0x0000000008002e6c      0x148 ../../framework/libframework.a(stm32_common_mcu.c.obj)
 .text.stm32_common_mcu_init
                0x0000000008002fb4       0x10 ../../framework/libframework.a(stm32_common_mcu.c.obj)
                0x0000000008002fb4                stm32_common_mcu_init
 .text.HAL_GetTick
                0x0000000008002fc4        0x8 ../../framework/libframework.a(stm32_common_mcu.c.obj)
                0x0000000008002fc4                HAL_GetTick
 .text.init_pins
                0x0000000008002fcc       0x5c ../../framework/libframework.a(stm32_common_spi.c.obj)
 .text.deinit_pins
                0x0000000008003028       0x4c ../../framework/libframework.a(stm32_common_spi.c.obj)
 .text.ensure_slaves_deselected
                0x0000000008003074       0x32 ../../framework/libframework.a(stm32_common_spi.c.obj)
 *fill*         0x00000000080030a6        0x2 
 .text.spi_enable
                0x00000000080030a8       0x84 ../../framework/libframework.a(stm32_common_spi.c.obj)
                0x00000000080030a8                spi_enable
 .text.spi_disable
                0x000000000800312c       0x78 ../../framework/libframework.a(stm32_common_spi.c.obj)
                0x000000000800312c                spi_disable
 .text.spi_init
                0x00000000080031a4      0x204 ../../framework/libframework.a(stm32_common_spi.c.obj)
                0x00000000080031a4                spi_init
 .text.spi_init_slave
                0x00000000080033a8       0xb4 ../../framework/libframework.a(stm32_common_spi.c.obj)
                0x00000000080033a8                spi_init_slave
 .text.spi_select
                0x000000000800345c       0x24 ../../framework/libframework.a(stm32_common_spi.c.obj)
                0x000000000800345c                spi_select
 .text.spi_deselect
                0x0000000008003480       0x24 ../../framework/libframework.a(stm32_common_spi.c.obj)
                0x0000000008003480                spi_deselect
 .text.spi_exchange_byte
                0x00000000080034a4       0x26 ../../framework/libframework.a(stm32_common_spi.c.obj)
                0x00000000080034a4                spi_exchange_byte
 *fill*         0x00000000080034ca        0x2 
 .text.spi_exchange_bytes
                0x00000000080034cc       0xcc ../../framework/libframework.a(stm32_common_spi.c.obj)
                0x00000000080034cc                spi_exchange_bytes
 .text.gpio_config_save
                0x0000000008003598       0x70 ../../framework/libframework.a(stm32_common_system.c.obj)
 .text.gpio_config_restore
                0x0000000008003608       0xf8 ../../framework/libframework.a(stm32_common_system.c.obj)
 .text.hw_system_save_reboot_reason
                0x0000000008003700       0x84 ../../framework/libframework.a(stm32_common_system.c.obj)
                0x0000000008003700                hw_system_save_reboot_reason
 .text.hw_enter_lowpower_mode
                0x0000000008003784       0xc4 ../../framework/libframework.a(stm32_common_system.c.obj)
                0x0000000008003784                hw_enter_lowpower_mode
 .text.hw_get_unique_id
                0x0000000008003848       0x1c ../../framework/libframework.a(stm32_common_system.c.obj)
                0x0000000008003848                hw_get_unique_id
 .text.hw_busy_wait
                0x0000000008003864       0x24 ../../framework/libframework.a(stm32_common_system.c.obj)
                0x0000000008003864                hw_busy_wait
 .text.__hardfault_handler
                0x0000000008003888       0x28 ../../framework/libframework.a(stm32_common_system.c.obj)
                0x0000000008003888                __hardfault_handler
 .text.HardFault_Handler
                0x00000000080038b0       0x40 ../../framework/libframework.a(stm32_common_system.c.obj)
                0x00000000080038b0                HardFault_Handler
 .text.hw_timer_init
                0x00000000080038f0       0xec ../../framework/libframework.a(stm32_common_timer.c.obj)
                0x00000000080038f0                hw_timer_init
 .text.hw_timer_get_info
                0x00000000080039dc       0x10 ../../framework/libframework.a(stm32_common_timer.c.obj)
                0x00000000080039dc                hw_timer_get_info
 .text.hw_timer_getvalue
                0x00000000080039ec       0x34 ../../framework/libframework.a(stm32_common_timer.c.obj)
                0x00000000080039ec                hw_timer_getvalue
 .text.hw_timer_schedule
                0x0000000008003a20       0x5c ../../framework/libframework.a(stm32_common_timer.c.obj)
                0x0000000008003a20                hw_timer_schedule
 .text.hw_timer_cancel
                0x0000000008003a7c       0x48 ../../framework/libframework.a(stm32_common_timer.c.obj)
                0x0000000008003a7c                hw_timer_cancel
 .text.hw_timer_is_overflow_pending
                0x0000000008003ac4       0x2c ../../framework/libframework.a(stm32_common_timer.c.obj)
                0x0000000008003ac4                hw_timer_is_overflow_pending
 .text.LPTIM1_IRQHandler
                0x0000000008003af0       0x70 ../../framework/libframework.a(stm32_common_timer.c.obj)
                0x0000000008003af0                LPTIM1_IRQHandler
 .text.uart_irq_handler
                0x0000000008003b60       0x74 ../../framework/libframework.a(stm32_common_uart.c.obj)
 .text.uart_init
                0x0000000008003bd4       0x48 ../../framework/libframework.a(stm32_common_uart.c.obj)
                0x0000000008003bd4                uart_init
 .text.uart_enable
                0x0000000008003c1c      0x12c ../../framework/libframework.a(stm32_common_uart.c.obj)
                0x0000000008003c1c                uart_enable
 .text.uart_send_bytes
                0x0000000008003d48       0x10 ../../framework/libframework.a(stm32_common_uart.c.obj)
                0x0000000008003d48                uart_send_bytes
 .text.USART2_IRQHandler
                0x0000000008003d58       0x10 ../../framework/libframework.a(stm32_common_uart.c.obj)
                0x0000000008003d58                USART2_IRQHandler
 .text.USART1_IRQHandler
                0x0000000008003d68       0x10 ../../framework/libframework.a(stm32_common_uart.c.obj)
                0x0000000008003d68                USART1_IRQHandler
 .text.RNG_LPUART1_IRQHandler
                0x0000000008003d78       0x10 ../../framework/libframework.a(stm32_common_uart.c.obj)
                0x0000000008003d78                RNG_LPUART1_IRQHandler
 .text.is_lora_channel
                0x0000000008003d88       0x10 ../../framework/libframework.a(sx127x.c.obj)
 .text.read_fifo
                0x0000000008003d98       0x30 ../../framework/libframework.a(sx127x.c.obj)
 .text.write_reg
                0x0000000008003dc8       0x30 ../../framework/libframework.a(sx127x.c.obj)
 .text.set_center_freq
                0x0000000008003df8       0x48 ../../framework/libframework.a(sx127x.c.obj)
 .text.configure_eirp
                0x0000000008003e40       0x68 ../../framework/libframework.a(sx127x.c.obj)
 .text.configure_syncword
                0x0000000008003ea8       0x6c ../../framework/libframework.a(sx127x.c.obj)
 .text.write_fifo
                0x0000000008003f14       0x30 ../../framework/libframework.a(sx127x.c.obj)
 .text.read_reg
                0x0000000008003f44       0x30 ../../framework/libframework.a(sx127x.c.obj)
 .text.bg_scan_rx_done
                0x0000000008003f74      0x110 ../../framework/libframework.a(sx127x.c.obj)
 .text.lora_rxdone_isr
                0x0000000008004084      0x134 ../../framework/libframework.a(sx127x.c.obj)
 .text.get_opmode
                0x00000000080041b8        0xe ../../framework/libframework.a(sx127x.c.obj)
 *fill*         0x00000000080041c6        0x2 
 .text.calibrate_rx_chain
                0x00000000080041c8       0x68 ../../framework/libframework.a(sx127x.c.obj)
 .text.set_packet_handler_enabled
                0x0000000008004230       0x36 ../../framework/libframework.a(sx127x.c.obj)
 *fill*         0x0000000008004266        0x2 
 .text.assemble_background_payload
                0x0000000008004268       0x78 ../../framework/libframework.a(sx127x.c.obj)
 .text.fill_in_fifo
                0x00000000080042e0      0x1c8 ../../framework/libframework.a(sx127x.c.obj)
 .text.fifo_level_isr
                0x00000000080044a8       0x44 ../../framework/libframework.a(sx127x.c.obj)
 .text.set_antenna_switch
                0x00000000080044ec       0x54 ../../framework/libframework.a(sx127x.c.obj)
 .text.set_opmode
                0x0000000008004540       0x38 ../../framework/libframework.a(sx127x.c.obj)
 .text.restart_rx
                0x0000000008004578       0x4c ../../framework/libframework.a(sx127x.c.obj)
 .text.fifo_threshold_isr
                0x00000000080045c4      0x294 ../../framework/libframework.a(sx127x.c.obj)
 .text.dio1_isr
                0x0000000008004858       0x1c ../../framework/libframework.a(sx127x.c.obj)
 .text.packet_transmitted_isr
                0x0000000008004874       0x94 ../../framework/libframework.a(sx127x.c.obj)
 .text.dio0_isr
                0x0000000008004908       0x2c ../../framework/libframework.a(sx127x.c.obj)
 .text.set_lora_mode
                0x0000000008004934       0x64 ../../framework/libframework.a(sx127x.c.obj)
 .text.restart_rx_chain
                0x0000000008004998       0x18 ../../framework/libframework.a(sx127x.c.obj)
 .text.configure_channel
                0x00000000080049b0      0x198 ../../framework/libframework.a(sx127x.c.obj)
 .text.init_regs
                0x0000000008004b48       0xc4 ../../framework/libframework.a(sx127x.c.obj)
 .text.resume_from_sleep_mode
                0x0000000008004c0c       0x30 ../../framework/libframework.a(sx127x.c.obj)
 .text.switch_to_sleep_mode
                0x0000000008004c3c       0x44 ../../framework/libframework.a(sx127x.c.obj)
 .text.hw_radio_init
                0x0000000008004c80      0x130 ../../framework/libframework.a(sx127x.c.obj)
                0x0000000008004c80                hw_radio_init
 .text.hw_radio_get_rssi
                0x0000000008004db0       0x30 ../../framework/libframework.a(sx127x.c.obj)
                0x0000000008004db0                hw_radio_get_rssi
 .text.hw_radio_continuous_rx
                0x0000000008004de0      0x144 ../../framework/libframework.a(sx127x.c.obj)
                0x0000000008004de0                hw_radio_continuous_rx
 .text.start_hw_radio_continuous_rx
                0x0000000008004f24       0x90 ../../framework/libframework.a(sx127x.c.obj)
                0x0000000008004f24                start_hw_radio_continuous_rx
 .text.flush_console_tx_fifo
                0x0000000008004fb4       0x5c ../../framework/libframework.a(console.c.obj)
 .text.console_init
                0x0000000008005010       0x54 ../../framework/libframework.a(console.c.obj)
                0x0000000008005010                console_init
 .text.update_crc
                0x0000000008005064       0x30 ../../framework/libframework.a(crc.c.obj)
 .text.crc_calculate
                0x0000000008005094       0x2c ../../framework/libframework.a(crc.c.obj)
                0x0000000008005094                crc_calculate
 .text.fec_decode
                0x00000000080050c0      0x2dc ../../framework/libframework.a(fec.c.obj)
 .text.fec_calculated_decoded_length
                0x000000000800539c        0xe ../../framework/libframework.a(fec.c.obj)
                0x000000000800539c                fec_calculated_decoded_length
 *fill*         0x00000000080053aa        0x2 
 .text.fec_encode
                0x00000000080053ac      0x170 ../../framework/libframework.a(fec.c.obj)
                0x00000000080053ac                fec_encode
 .text.fec_decode_packet
                0x000000000800551c       0xac ../../framework/libframework.a(fec.c.obj)
                0x000000000800551c                fec_decode_packet
 .text.skip     0x00000000080055c8       0x1a ../../framework/libframework.a(fifo.c.obj)
 .text.fifo_init_filled
                0x00000000080055e2       0x12 ../../framework/libframework.a(fifo.c.obj)
                0x00000000080055e2                fifo_init_filled
 .text.fifo_init
                0x00000000080055f4        0xc ../../framework/libframework.a(fifo.c.obj)
                0x00000000080055f4                fifo_init
 .text.fifo_get_size
                0x0000000008005600       0x1a ../../framework/libframework.a(fifo.c.obj)
                0x0000000008005600                fifo_get_size
 *fill*         0x000000000800561a        0x2 
 .text.check_len
                0x000000000800561c       0x20 ../../framework/libframework.a(fifo.c.obj)
 .text.fifo_peek
                0x000000000800563c       0x7a ../../framework/libframework.a(fifo.c.obj)
                0x000000000800563c                fifo_peek
 .text.fifo_pop
                0x00000000080056b6       0x20 ../../framework/libframework.a(fifo.c.obj)
                0x00000000080056b6                fifo_pop
 *fill*         0x00000000080056d6        0x2 
 .text.log_counter_reset
                0x00000000080056d8        0xc ../../framework/libframework.a(log.c.obj)
                0x00000000080056d8                log_counter_reset
 .text.log_print_string
                0x00000000080056e4       0x34 ../../framework/libframework.a(log.c.obj)
                0x00000000080056e4                log_print_string
 .text.log_print_stack_string
                0x0000000008005718       0x34 ../../framework/libframework.a(log.c.obj)
                0x0000000008005718                log_print_stack_string
 .text.log_print_data
                0x000000000800574c       0x34 ../../framework/libframework.a(log.c.obj)
                0x000000000800574c                log_print_data
 .text.phy_radio_channel_ids_equal
                0x0000000008005780       0x1c ../../framework/libframework.a(phy.c.obj)
                0x0000000008005780                phy_radio_channel_ids_equal
 .text.pn9_next
                0x000000000800579c       0x22 ../../framework/libframework.a(pn9.c.obj)
                0x000000000800579c                pn9_next
 .text.pn9_generator
                0x00000000080057be       0x18 ../../framework/libframework.a(pn9.c.obj)
                0x00000000080057be                pn9_generator
 *fill*         0x00000000080057d6        0x2 
 .text.pn9_encode
                0x00000000080057d8       0x34 ../../framework/libframework.a(pn9.c.obj)
                0x00000000080057d8                pn9_encode
 .text.set_rng_seed
                0x000000000800580c        0x8 ../../framework/libframework.a(random.c.obj)
                0x000000000800580c                set_rng_seed
 .text.pop_task
                0x0000000008005814       0x68 ../../framework/libframework.a(scheduler.c.obj)
 .text.scheduler_init
                0x000000000800587c       0x6c ../../framework/libframework.a(scheduler.c.obj)
                0x000000000800587c                scheduler_init
 .text.get_task_id
                0x00000000080058e8       0x80 ../../framework/libframework.a(scheduler.c.obj)
                0x00000000080058e8                get_task_id
 .text.sched_register_task
                0x0000000008005968       0x94 ../../framework/libframework.a(scheduler.c.obj)
                0x0000000008005968                sched_register_task
 .text.sched_post_task_prio
                0x00000000080059fc       0xc0 ../../framework/libframework.a(scheduler.c.obj)
                0x00000000080059fc                sched_post_task_prio
 .text.scheduler_run
                0x0000000008005abc       0xa8 ../../framework/libframework.a(scheduler.c.obj)
                0x0000000008005abc                scheduler_run
 .text._GetAvailWriteSpace
                0x0000000008005b64       0x18 ../../framework/libframework.a(SEGGER_RTT.c.obj)
 .text._WriteNoCheck
                0x0000000008005b7c       0x50 ../../framework/libframework.a(SEGGER_RTT.c.obj)
 .text._WriteBlocking
                0x0000000008005bcc       0x6c ../../framework/libframework.a(SEGGER_RTT.c.obj)
 .text._DoInit  0x0000000008005c38       0x5c ../../framework/libframework.a(SEGGER_RTT.c.obj)
 .text.SEGGER_RTT_WriteNoLock
                0x0000000008005c94       0x74 ../../framework/libframework.a(SEGGER_RTT.c.obj)
                0x0000000008005c94                SEGGER_RTT_WriteNoLock
 .text.SEGGER_RTT_Write
                0x0000000008005d08       0x34 ../../framework/libframework.a(SEGGER_RTT.c.obj)
                0x0000000008005d08                SEGGER_RTT_Write
 .text.timer_init
                0x0000000008005d3c       0x74 ../../framework/libframework.a(timer.c.obj)
                0x0000000008005d3c                timer_init
 .text.timer_get_counter_value
                0x0000000008005db0       0x30 ../../framework/libframework.a(timer.c.obj)
                0x0000000008005db0                timer_get_counter_value
 .text.get_next_event
                0x0000000008005de0       0x40 ../../framework/libframework.a(timer.c.obj)
 .text.configure_next_event
                0x0000000008005e20       0xe8 ../../framework/libframework.a(timer.c.obj)
 .text.timer_fired
                0x0000000008005f08       0x78 ../../framework/libframework.a(timer.c.obj)
 .text.timer_overflow
                0x0000000008005f80       0xc0 ../../framework/libframework.a(timer.c.obj)
 .text.timer_post_task_prio
                0x0000000008006040       0xc8 ../../framework/libframework.a(timer.c.obj)
                0x0000000008006040                timer_post_task_prio
 .text          0x0000000008006108      0x114 /home/liam/Documents/toolchain/gcc-arm-none-eabi-8-2018-q4-major/bin/../lib/gcc/arm-none-eabi/8.2.1/thumb/v6-m/nofp/libgcc.a(_udivsi3.o)
                0x0000000008006108                __udivsi3
                0x0000000008006108                __aeabi_uidiv
                0x0000000008006214                __aeabi_uidivmod
 .text          0x000000000800621c      0x1d4 /home/liam/Documents/toolchain/gcc-arm-none-eabi-8-2018-q4-major/bin/../lib/gcc/arm-none-eabi/8.2.1/thumb/v6-m/nofp/libgcc.a(_divsi3.o)
                0x000000000800621c                __aeabi_idiv
                0x000000000800621c                __divsi3
                0x00000000080063e8                __aeabi_idivmod
 .text          0x00000000080063f0        0x4 /home/liam/Documents/toolchain/gcc-arm-none-eabi-8-2018-q4-major/bin/../lib/gcc/arm-none-eabi/8.2.1/thumb/v6-m/nofp/libgcc.a(_dvmd_tls.o)
                0x00000000080063f0                __aeabi_ldiv0
                0x00000000080063f0                __aeabi_idiv0
 .text          0x00000000080063f4       0x7c /home/liam/Documents/toolchain/gcc-arm-none-eabi-8-2018-q4-major/bin/../lib/gcc/arm-none-eabi/8.2.1/thumb/v6-m/nofp/libgcc.a(_arm_cmpdf2.o)
                0x00000000080063f4                __aeabi_cdrcmple
                0x0000000008006404                __aeabi_cdcmple
                0x0000000008006404                __aeabi_cdcmpeq
                0x0000000008006414                __aeabi_dcmpeq
                0x0000000008006420                __aeabi_dcmplt
                0x0000000008006434                __aeabi_dcmple
                0x0000000008006448                __aeabi_dcmpgt
                0x000000000800645c                __aeabi_dcmpge
 .text          0x0000000008006470       0x40 /home/liam/Documents/toolchain/gcc-arm-none-eabi-8-2018-q4-major/bin/../lib/gcc/arm-none-eabi/8.2.1/thumb/v6-m/nofp/libgcc.a(_aeabi_uldivmod.o)
                0x0000000008006470                __aeabi_uldivmod
 .text          0x00000000080064b0       0x30 /home/liam/Documents/toolchain/gcc-arm-none-eabi-8-2018-q4-major/bin/../lib/gcc/arm-none-eabi/8.2.1/thumb/v6-m/nofp/libgcc.a(_fixunssfsi.o)
                0x00000000080064b0                __aeabi_f2uiz
                0x00000000080064b0                __fixunssfsi
 .text          0x00000000080064e0       0x3c /home/liam/Documents/toolchain/gcc-arm-none-eabi-8-2018-q4-major/bin/../lib/gcc/arm-none-eabi/8.2.1/thumb/v6-m/nofp/libgcc.a(_fixunsdfsi.o)
                0x00000000080064e0                __fixunsdfsi
                0x00000000080064e0                __aeabi_d2uiz
 .text          0x000000000800651c      0x1a4 /home/liam/Documents/toolchain/gcc-arm-none-eabi-8-2018-q4-major/bin/../lib/gcc/arm-none-eabi/8.2.1/thumb/v6-m/nofp/libgcc.a(_udivmoddi4.o)
                0x000000000800651c                __udivmoddi4
 .text          0x00000000080066c0      0x230 /home/liam/Documents/toolchain/gcc-arm-none-eabi-8-2018-q4-major/bin/../lib/gcc/arm-none-eabi/8.2.1/thumb/v6-m/nofp/libgcc.a(divsf3.o)
                0x00000000080066c0                __aeabi_fdiv
 .text          0x00000000080068f0      0x22c /home/liam/Documents/toolchain/gcc-arm-none-eabi-8-2018-q4-major/bin/../lib/gcc/arm-none-eabi/8.2.1/thumb/v6-m/nofp/libgcc.a(mulsf3.o)
                0x00000000080068f0                __aeabi_fmul
 .text          0x0000000008006b1c      0x34c /home/liam/Documents/toolchain/gcc-arm-none-eabi-8-2018-q4-major/bin/../lib/gcc/arm-none-eabi/8.2.1/thumb/v6-m/nofp/libgcc.a(subsf3.o)
                0x0000000008006b1c                __aeabi_fsub
 .text          0x0000000008006e68       0x40 /home/liam/Documents/toolchain/gcc-arm-none-eabi-8-2018-q4-major/bin/../lib/gcc/arm-none-eabi/8.2.1/thumb/v6-m/nofp/libgcc.a(fixsfsi.o)
                0x0000000008006e68                __aeabi_f2iz
 .text          0x0000000008006ea8       0x94 /home/liam/Documents/toolchain/gcc-arm-none-eabi-8-2018-q4-major/bin/../lib/gcc/arm-none-eabi/8.2.1/thumb/v6-m/nofp/libgcc.a(floatsisf.o)
                0x0000000008006ea8                __aeabi_i2f
 .text          0x0000000008006f3c       0x80 /home/liam/Documents/toolchain/gcc-arm-none-eabi-8-2018-q4-major/bin/../lib/gcc/arm-none-eabi/8.2.1/thumb/v6-m/nofp/libgcc.a(floatunsisf.o)
                0x0000000008006f3c                __aeabi_ui2f
 .text          0x0000000008006fbc      0x6ec /home/liam/Documents/toolchain/gcc-arm-none-eabi-8-2018-q4-major/bin/../lib/gcc/arm-none-eabi/8.2.1/thumb/v6-m/nofp/libgcc.a(adddf3.o)
                0x0000000008006fbc                __aeabi_dadd
 .text          0x00000000080076a8      0x5ec /home/liam/Documents/toolchain/gcc-arm-none-eabi-8-2018-q4-major/bin/../lib/gcc/arm-none-eabi/8.2.1/thumb/v6-m/nofp/libgcc.a(divdf3.o)
                0x00000000080076a8                __aeabi_ddiv
 .text          0x0000000008007c94       0x80 /home/liam/Documents/toolchain/gcc-arm-none-eabi-8-2018-q4-major/bin/../lib/gcc/arm-none-eabi/8.2.1/thumb/v6-m/nofp/libgcc.a(eqdf2.o)
                0x0000000008007c94                __eqdf2
                0x0000000008007c94                __nedf2
 .text          0x0000000008007d14       0xc8 /home/liam/Documents/toolchain/gcc-arm-none-eabi-8-2018-q4-major/bin/../lib/gcc/arm-none-eabi/8.2.1/thumb/v6-m/nofp/libgcc.a(gedf2.o)
                0x0000000008007d14                __gtdf2
                0x0000000008007d14                __gedf2
 .text          0x0000000008007ddc       0xc8 /home/liam/Documents/toolchain/gcc-arm-none-eabi-8-2018-q4-major/bin/../lib/gcc/arm-none-eabi/8.2.1/thumb/v6-m/nofp/libgcc.a(ledf2.o)
                0x0000000008007ddc                __ltdf2
                0x0000000008007ddc                __ledf2
 .text          0x0000000008007ea4      0x730 /home/liam/Documents/toolchain/gcc-arm-none-eabi-8-2018-q4-major/bin/../lib/gcc/arm-none-eabi/8.2.1/thumb/v6-m/nofp/libgcc.a(subdf3.o)
                0x0000000008007ea4                __aeabi_dsub
 .text          0x00000000080085d4       0x6c /home/liam/Documents/toolchain/gcc-arm-none-eabi-8-2018-q4-major/bin/../lib/gcc/arm-none-eabi/8.2.1/thumb/v6-m/nofp/libgcc.a(fixdfsi.o)
                0x00000000080085d4                __aeabi_d2iz
 .text          0x0000000008008640       0x78 /home/liam/Documents/toolchain/gcc-arm-none-eabi-8-2018-q4-major/bin/../lib/gcc/arm-none-eabi/8.2.1/thumb/v6-m/nofp/libgcc.a(floatsidf.o)
                0x0000000008008640                __aeabi_i2d
 .text          0x00000000080086b8       0x64 /home/liam/Documents/toolchain/gcc-arm-none-eabi-8-2018-q4-major/bin/../lib/gcc/arm-none-eabi/8.2.1/thumb/v6-m/nofp/libgcc.a(floatunsidf.o)
                0x00000000080086b8                __aeabi_ui2d
 .text          0x000000000800871c       0x74 /home/liam/Documents/toolchain/gcc-arm-none-eabi-8-2018-q4-major/bin/../lib/gcc/arm-none-eabi/8.2.1/thumb/v6-m/nofp/libgcc.a(_arm_cmpsf2.o)
                0x000000000800871c                __aeabi_cfrcmple
                0x0000000008008724                __aeabi_cfcmple
                0x0000000008008724                __aeabi_cfcmpeq
                0x0000000008008734                __aeabi_fcmpeq
                0x0000000008008740                __aeabi_fcmplt
                0x0000000008008754                __aeabi_fcmple
                0x0000000008008768                __aeabi_fcmpgt
                0x000000000800877c                __aeabi_fcmpge
 .text          0x0000000008008790       0x3c /home/liam/Documents/toolchain/gcc-arm-none-eabi-8-2018-q4-major/bin/../lib/gcc/arm-none-eabi/8.2.1/thumb/v6-m/nofp/libgcc.a(_clzsi2.o)
                0x0000000008008790                __clzsi2
 .text          0x00000000080087cc       0x18 /home/liam/Documents/toolchain/gcc-arm-none-eabi-8-2018-q4-major/bin/../lib/gcc/arm-none-eabi/8.2.1/thumb/v6-m/nofp/libgcc.a(_clzdi2.o)
                0x00000000080087cc                __clzdi2
 .text          0x00000000080087e4       0x50 /home/liam/Documents/toolchain/gcc-arm-none-eabi-8-2018-q4-major/bin/../lib/gcc/arm-none-eabi/8.2.1/thumb/v6-m/nofp/libgcc.a(eqsf2.o)
                0x00000000080087e4                __nesf2
                0x00000000080087e4                __eqsf2
 .text          0x0000000008008834       0x9c /home/liam/Documents/toolchain/gcc-arm-none-eabi-8-2018-q4-major/bin/../lib/gcc/arm-none-eabi/8.2.1/thumb/v6-m/nofp/libgcc.a(gesf2.o)
                0x0000000008008834                __gtsf2
                0x0000000008008834                __gesf2
 .text          0x00000000080088d0       0x9c /home/liam/Documents/toolchain/gcc-arm-none-eabi-8-2018-q4-major/bin/../lib/gcc/arm-none-eabi/8.2.1/thumb/v6-m/nofp/libgcc.a(lesf2.o)
                0x00000000080088d0                __lesf2
                0x00000000080088d0                __ltsf2
 .text.__sflush_r
                0x000000000800896c      0x114 /home/liam/Documents/toolchain/gcc-arm-none-eabi-8-2018-q4-major/bin/../lib/gcc/arm-none-eabi/8.2.1/../../../../arm-none-eabi/lib/thumb/v6-m/nofp/libg_nano.a(lib_a-fflush.o)
                0x000000000800896c                __sflush_r
 .text._fflush_r
                0x0000000008008a80       0x80 /home/liam/Documents/toolchain/gcc-arm-none-eabi-8-2018-q4-major/bin/../lib/gcc/arm-none-eabi/8.2.1/../../../../arm-none-eabi/lib/thumb/v6-m/nofp/libg_nano.a(lib_a-fflush.o)
                0x0000000008008a80                _fflush_r
 .text.std      0x0000000008008b00       0x48 /home/liam/Documents/toolchain/gcc-arm-none-eabi-8-2018-q4-major/bin/../lib/gcc/arm-none-eabi/8.2.1/../../../../arm-none-eabi/lib/thumb/v6-m/nofp/libg_nano.a(lib_a-findfp.o)
 .text._cleanup_r
                0x0000000008008b48       0x10 /home/liam/Documents/toolchain/gcc-arm-none-eabi-8-2018-q4-major/bin/../lib/gcc/arm-none-eabi/8.2.1/../../../../arm-none-eabi/lib/thumb/v6-m/nofp/libg_nano.a(lib_a-findfp.o)
                0x0000000008008b48                _cleanup_r
 .text.__sfmoreglue
                0x0000000008008b58       0x2c /home/liam/Documents/toolchain/gcc-arm-none-eabi-8-2018-q4-major/bin/../lib/gcc/arm-none-eabi/8.2.1/../../../../arm-none-eabi/lib/thumb/v6-m/nofp/libg_nano.a(lib_a-findfp.o)
                0x0000000008008b58                __sfmoreglue
 .text.__sfp_lock_acquire
                0x0000000008008b84       0x10 /home/liam/Documents/toolchain/gcc-arm-none-eabi-8-2018-q4-major/bin/../lib/gcc/arm-none-eabi/8.2.1/../../../../arm-none-eabi/lib/thumb/v6-m/nofp/libg_nano.a(lib_a-findfp.o)
                0x0000000008008b84                __sfp_lock_acquire
 .text.__sfp_lock_release
                0x0000000008008b94       0x10 /home/liam/Documents/toolchain/gcc-arm-none-eabi-8-2018-q4-major/bin/../lib/gcc/arm-none-eabi/8.2.1/../../../../arm-none-eabi/lib/thumb/v6-m/nofp/libg_nano.a(lib_a-findfp.o)
                0x0000000008008b94                __sfp_lock_release
 .text.__sinit_lock_acquire
                0x0000000008008ba4       0x10 /home/liam/Documents/toolchain/gcc-arm-none-eabi-8-2018-q4-major/bin/../lib/gcc/arm-none-eabi/8.2.1/../../../../arm-none-eabi/lib/thumb/v6-m/nofp/libg_nano.a(lib_a-findfp.o)
                0x0000000008008ba4                __sinit_lock_acquire
 .text.__sinit_lock_release
                0x0000000008008bb4       0x10 /home/liam/Documents/toolchain/gcc-arm-none-eabi-8-2018-q4-major/bin/../lib/gcc/arm-none-eabi/8.2.1/../../../../arm-none-eabi/lib/thumb/v6-m/nofp/libg_nano.a(lib_a-findfp.o)
                0x0000000008008bb4                __sinit_lock_release
 .text.__sinit  0x0000000008008bc4       0x70 /home/liam/Documents/toolchain/gcc-arm-none-eabi-8-2018-q4-major/bin/../lib/gcc/arm-none-eabi/8.2.1/../../../../arm-none-eabi/lib/thumb/v6-m/nofp/libg_nano.a(lib_a-findfp.o)
                0x0000000008008bc4                __sinit
 .text.__sfp    0x0000000008008c34       0x90 /home/liam/Documents/toolchain/gcc-arm-none-eabi-8-2018-q4-major/bin/../lib/gcc/arm-none-eabi/8.2.1/../../../../arm-none-eabi/lib/thumb/v6-m/nofp/libg_nano.a(lib_a-findfp.o)
                0x0000000008008c34                __sfp
 .text._fwalk_reent
                0x0000000008008cc4       0x42 /home/liam/Documents/toolchain/gcc-arm-none-eabi-8-2018-q4-major/bin/../lib/gcc/arm-none-eabi/8.2.1/../../../../arm-none-eabi/lib/thumb/v6-m/nofp/libg_nano.a(lib_a-fwalk.o)
                0x0000000008008cc4                _fwalk_reent
 *fill*         0x0000000008008d06        0x2 
 .text.__libc_init_array
                0x0000000008008d08       0x48 /home/liam/Documents/toolchain/gcc-arm-none-eabi-8-2018-q4-major/bin/../lib/gcc/arm-none-eabi/8.2.1/../../../../arm-none-eabi/lib/thumb/v6-m/nofp/libg_nano.a(lib_a-init.o)
                0x0000000008008d08                __libc_init_array
 .text.__retarget_lock_init_recursive
                0x0000000008008d50        0x2 /home/liam/Documents/toolchain/gcc-arm-none-eabi-8-2018-q4-major/bin/../lib/gcc/arm-none-eabi/8.2.1/../../../../arm-none-eabi/lib/thumb/v6-m/nofp/libg_nano.a(lib_a-lock.o)
                0x0000000008008d50                __retarget_lock_init_recursive
 .text.__retarget_lock_acquire_recursive
                0x0000000008008d52        0x2 /home/liam/Documents/toolchain/gcc-arm-none-eabi-8-2018-q4-major/bin/../lib/gcc/arm-none-eabi/8.2.1/../../../../arm-none-eabi/lib/thumb/v6-m/nofp/libg_nano.a(lib_a-lock.o)
                0x0000000008008d52                __retarget_lock_acquire_recursive
 .text.__retarget_lock_release_recursive
                0x0000000008008d54        0x2 /home/liam/Documents/toolchain/gcc-arm-none-eabi-8-2018-q4-major/bin/../lib/gcc/arm-none-eabi/8.2.1/../../../../arm-none-eabi/lib/thumb/v6-m/nofp/libg_nano.a(lib_a-lock.o)
                0x0000000008008d54                __retarget_lock_release_recursive
 .text.memcpy   0x0000000008008d56       0x12 /home/liam/Documents/toolchain/gcc-arm-none-eabi-8-2018-q4-major/bin/../lib/gcc/arm-none-eabi/8.2.1/../../../../arm-none-eabi/lib/thumb/v6-m/nofp/libg_nano.a(lib_a-memcpy-stub.o)
                0x0000000008008d56                memcpy
 .text.memset   0x0000000008008d68       0x10 /home/liam/Documents/toolchain/gcc-arm-none-eabi-8-2018-q4-major/bin/../lib/gcc/arm-none-eabi/8.2.1/../../../../arm-none-eabi/lib/thumb/v6-m/nofp/libg_nano.a(lib_a-memset.o)
                0x0000000008008d68                memset
 .text._free_r  0x0000000008008d78       0x94 /home/liam/Documents/toolchain/gcc-arm-none-eabi-8-2018-q4-major/bin/../lib/gcc/arm-none-eabi/8.2.1/../../../../arm-none-eabi/lib/thumb/v6-m/nofp/libg_nano.a(lib_a-nano-freer.o)
                0x0000000008008d78                _free_r
 .text._malloc_r
                0x0000000008008e0c       0xbc /home/liam/Documents/toolchain/gcc-arm-none-eabi-8-2018-q4-major/bin/../lib/gcc/arm-none-eabi/8.2.1/../../../../arm-none-eabi/lib/thumb/v6-m/nofp/libg_nano.a(lib_a-nano-mallocr.o)
                0x0000000008008e0c                _malloc_r
 .text.printf   0x0000000008008ec8       0x34 /home/liam/Documents/toolchain/gcc-arm-none-eabi-8-2018-q4-major/bin/../lib/gcc/arm-none-eabi/8.2.1/../../../../arm-none-eabi/lib/thumb/v6-m/nofp/libg_nano.a(lib_a-printf.o)
                0x0000000008008ec8                printf
                0x0000000008008ec8                iprintf
 .text.srand    0x0000000008008efc       0x48 /home/liam/Documents/toolchain/gcc-arm-none-eabi-8-2018-q4-major/bin/../lib/gcc/arm-none-eabi/8.2.1/../../../../arm-none-eabi/lib/thumb/v6-m/nofp/libg_nano.a(lib_a-rand.o)
                0x0000000008008efc                srand
 .text.realloc  0x0000000008008f44       0x14 /home/liam/Documents/toolchain/gcc-arm-none-eabi-8-2018-q4-major/bin/../lib/gcc/arm-none-eabi/8.2.1/../../../../arm-none-eabi/lib/thumb/v6-m/nofp/libg_nano.a(lib_a-realloc.o)
                0x0000000008008f44                realloc
 .text._sbrk_r  0x0000000008008f58       0x24 /home/liam/Documents/toolchain/gcc-arm-none-eabi-8-2018-q4-major/bin/../lib/gcc/arm-none-eabi/8.2.1/../../../../arm-none-eabi/lib/thumb/v6-m/nofp/libg_nano.a(lib_a-sbrkr.o)
                0x0000000008008f58                _sbrk_r
 .text.__sread  0x0000000008008f7c       0x28 /home/liam/Documents/toolchain/gcc-arm-none-eabi-8-2018-q4-major/bin/../lib/gcc/arm-none-eabi/8.2.1/../../../../arm-none-eabi/lib/thumb/v6-m/nofp/libg_nano.a(lib_a-stdio.o)
                0x0000000008008f7c                __sread
 .text.__swrite
                0x0000000008008fa4       0x38 /home/liam/Documents/toolchain/gcc-arm-none-eabi-8-2018-q4-major/bin/../lib/gcc/arm-none-eabi/8.2.1/../../../../arm-none-eabi/lib/thumb/v6-m/nofp/libg_nano.a(lib_a-stdio.o)
                0x0000000008008fa4                __swrite
 .text.__sseek  0x0000000008008fdc       0x2c /home/liam/Documents/toolchain/gcc-arm-none-eabi-8-2018-q4-major/bin/../lib/gcc/arm-none-eabi/8.2.1/../../../../arm-none-eabi/lib/thumb/v6-m/nofp/libg_nano.a(lib_a-stdio.o)
                0x0000000008008fdc                __sseek
 .text.__sclose
                0x0000000008009008        0xc /home/liam/Documents/toolchain/gcc-arm-none-eabi-8-2018-q4-major/bin/../lib/gcc/arm-none-eabi/8.2.1/../../../../arm-none-eabi/lib/thumb/v6-m/nofp/libg_nano.a(lib_a-stdio.o)
                0x0000000008009008                __sclose
 .text.strcpy   0x0000000008009014       0x10 /home/liam/Documents/toolchain/gcc-arm-none-eabi-8-2018-q4-major/bin/../lib/gcc/arm-none-eabi/8.2.1/../../../../arm-none-eabi/lib/thumb/v6-m/nofp/libg_nano.a(lib_a-strcpy.o)
                0x0000000008009014                strcpy
 .text.vprintf  0x0000000008009024       0x2c /home/liam/Documents/toolchain/gcc-arm-none-eabi-8-2018-q4-major/bin/../lib/gcc/arm-none-eabi/8.2.1/../../../../arm-none-eabi/lib/thumb/v6-m/nofp/libg_nano.a(lib_a-vprintf.o)
                0x0000000008009024                vprintf
                0x0000000008009024                viprintf
 .text._write_r
                0x0000000008009050       0x28 /home/liam/Documents/toolchain/gcc-arm-none-eabi-8-2018-q4-major/bin/../lib/gcc/arm-none-eabi/8.2.1/../../../../arm-none-eabi/lib/thumb/v6-m/nofp/libg_nano.a(lib_a-writer.o)
                0x0000000008009050                _write_r
 .text._close_r
                0x0000000008009078       0x24 /home/liam/Documents/toolchain/gcc-arm-none-eabi-8-2018-q4-major/bin/../lib/gcc/arm-none-eabi/8.2.1/../../../../arm-none-eabi/lib/thumb/v6-m/nofp/libg_nano.a(lib_a-closer.o)
                0x0000000008009078                _close_r
 .text._lseek_r
                0x000000000800909c       0x28 /home/liam/Documents/toolchain/gcc-arm-none-eabi-8-2018-q4-major/bin/../lib/gcc/arm-none-eabi/8.2.1/../../../../arm-none-eabi/lib/thumb/v6-m/nofp/libg_nano.a(lib_a-lseekr.o)
                0x000000000800909c                _lseek_r
 .text.malloc   0x00000000080090c4       0x14 /home/liam/Documents/toolchain/gcc-arm-none-eabi-8-2018-q4-major/bin/../lib/gcc/arm-none-eabi/8.2.1/../../../../arm-none-eabi/lib/thumb/v6-m/nofp/libg_nano.a(lib_a-malloc.o)
                0x00000000080090c4                malloc
 .text.__malloc_lock
                0x00000000080090d8       0x10 /home/liam/Documents/toolchain/gcc-arm-none-eabi-8-2018-q4-major/bin/../lib/gcc/arm-none-eabi/8.2.1/../../../../arm-none-eabi/lib/thumb/v6-m/nofp/libg_nano.a(lib_a-mlock.o)
                0x00000000080090d8                __malloc_lock
 .text.__malloc_unlock
                0x00000000080090e8       0x10 /home/liam/Documents/toolchain/gcc-arm-none-eabi-8-2018-q4-major/bin/../lib/gcc/arm-none-eabi/8.2.1/../../../../arm-none-eabi/lib/thumb/v6-m/nofp/libg_nano.a(lib_a-mlock.o)
                0x00000000080090e8                __malloc_unlock
 .text._realloc_r
                0x00000000080090f8       0x4c /home/liam/Documents/toolchain/gcc-arm-none-eabi-8-2018-q4-major/bin/../lib/gcc/arm-none-eabi/8.2.1/../../../../arm-none-eabi/lib/thumb/v6-m/nofp/libg_nano.a(lib_a-nano-reallocr.o)
                0x00000000080090f8                _realloc_r
 .text.__sfputc_r
                0x0000000008009144       0x2a /home/liam/Documents/toolchain/gcc-arm-none-eabi-8-2018-q4-major/bin/../lib/gcc/arm-none-eabi/8.2.1/../../../../arm-none-eabi/lib/thumb/v6-m/nofp/libg_nano.a(lib_a-nano-vfprintf.o)
 .text.__sfputs_r
                0x000000000800916e       0x24 /home/liam/Documents/toolchain/gcc-arm-none-eabi-8-2018-q4-major/bin/../lib/gcc/arm-none-eabi/8.2.1/../../../../arm-none-eabi/lib/thumb/v6-m/nofp/libg_nano.a(lib_a-nano-vfprintf.o)
                0x000000000800916e                __sfputs_r
 *fill*         0x0000000008009192        0x2 
 .text._vfprintf_r
                0x0000000008009194      0x26c /home/liam/Documents/toolchain/gcc-arm-none-eabi-8-2018-q4-major/bin/../lib/gcc/arm-none-eabi/8.2.1/../../../../arm-none-eabi/lib/thumb/v6-m/nofp/libg_nano.a(lib_a-nano-vfprintf.o)
                0x0000000008009194                _vfiprintf_r
                0x0000000008009194                _vfprintf_r
 .text._printf_common
                0x0000000008009400       0xda /home/liam/Documents/toolchain/gcc-arm-none-eabi-8-2018-q4-major/bin/../lib/gcc/arm-none-eabi/8.2.1/../../../../arm-none-eabi/lib/thumb/v6-m/nofp/libg_nano.a(lib_a-nano-vfprintf_i.o)
                0x0000000008009400                _printf_common
 *fill*         0x00000000080094da        0x2 
 .text._printf_i
                0x00000000080094dc      0x214 /home/liam/Documents/toolchain/gcc-arm-none-eabi-8-2018-q4-major/bin/../lib/gcc/arm-none-eabi/8.2.1/../../../../arm-none-eabi/lib/thumb/v6-m/nofp/libg_nano.a(lib_a-nano-vfprintf_i.o)
                0x00000000080094dc                _printf_i
 .text._read_r  0x00000000080096f0       0x28 /home/liam/Documents/toolchain/gcc-arm-none-eabi-8-2018-q4-major/bin/../lib/gcc/arm-none-eabi/8.2.1/../../../../arm-none-eabi/lib/thumb/v6-m/nofp/libg_nano.a(lib_a-readr.o)
                0x00000000080096f0                _read_r
 .text.__swbuf_r
                0x0000000008009718       0xac /home/liam/Documents/toolchain/gcc-arm-none-eabi-8-2018-q4-major/bin/../lib/gcc/arm-none-eabi/8.2.1/../../../../arm-none-eabi/lib/thumb/v6-m/nofp/libg_nano.a(lib_a-wbuf.o)
                0x0000000008009718                __swbuf_r
 .text.__swsetup_r
                0x00000000080097c4       0xec /home/liam/Documents/toolchain/gcc-arm-none-eabi-8-2018-q4-major/bin/../lib/gcc/arm-none-eabi/8.2.1/../../../../arm-none-eabi/lib/thumb/v6-m/nofp/libg_nano.a(lib_a-wsetup.o)
                0x00000000080097c4                __swsetup_r
 .text.__swhatbuf_r
                0x00000000080098b0       0x50 /home/liam/Documents/toolchain/gcc-arm-none-eabi-8-2018-q4-major/bin/../lib/gcc/arm-none-eabi/8.2.1/../../../../arm-none-eabi/lib/thumb/v6-m/nofp/libg_nano.a(lib_a-makebuf.o)
                0x00000000080098b0                __swhatbuf_r
 .text.__smakebuf_r
                0x0000000008009900       0x88 /home/liam/Documents/toolchain/gcc-arm-none-eabi-8-2018-q4-major/bin/../lib/gcc/arm-none-eabi/8.2.1/../../../../arm-none-eabi/lib/thumb/v6-m/nofp/libg_nano.a(lib_a-makebuf.o)
                0x0000000008009900                __smakebuf_r
 .text.memchr   0x0000000008009988       0x16 /home/liam/Documents/toolchain/gcc-arm-none-eabi-8-2018-q4-major/bin/../lib/gcc/arm-none-eabi/8.2.1/../../../../arm-none-eabi/lib/thumb/v6-m/nofp/libg_nano.a(lib_a-memchr-stub.o)
                0x0000000008009988                memchr
 .text._malloc_usable_size_r
                0x000000000800999e       0x10 /home/liam/Documents/toolchain/gcc-arm-none-eabi-8-2018-q4-major/bin/../lib/gcc/arm-none-eabi/8.2.1/../../../../arm-none-eabi/lib/thumb/v6-m/nofp/libg_nano.a(lib_a-nano-msizer.o)
                0x000000000800999e                _malloc_usable_size_r
 *fill*         0x00000000080099ae        0x2 
 .text._fstat_r
                0x00000000080099b0       0x24 /home/liam/Documents/toolchain/gcc-arm-none-eabi-8-2018-q4-major/bin/../lib/gcc/arm-none-eabi/8.2.1/../../../../arm-none-eabi/lib/thumb/v6-m/nofp/libg_nano.a(lib_a-fstatr.o)
                0x00000000080099b0                _fstat_r
 .text._isatty_r
                0x00000000080099d4       0x24 /home/liam/Documents/toolchain/gcc-arm-none-eabi-8-2018-q4-major/bin/../lib/gcc/arm-none-eabi/8.2.1/../../../../arm-none-eabi/lib/thumb/v6-m/nofp/libg_nano.a(lib_a-isattyr.o)
                0x00000000080099d4                _isatty_r
 .text._close   0x00000000080099f8       0x10 /home/liam/Documents/toolchain/gcc-arm-none-eabi-8-2018-q4-major/bin/../lib/gcc/arm-none-eabi/8.2.1/../../../../arm-none-eabi/lib/thumb/v6-m/nofp/libnosys.a(close.o)
                0x00000000080099f8                _close
 .text._fstat   0x0000000008009a08       0x10 /home/liam/Documents/toolchain/gcc-arm-none-eabi-8-2018-q4-major/bin/../lib/gcc/arm-none-eabi/8.2.1/../../../../arm-none-eabi/lib/thumb/v6-m/nofp/libnosys.a(fstat.o)
                0x0000000008009a08                _fstat
 .text._isatty  0x0000000008009a18       0x10 /home/liam/Documents/toolchain/gcc-arm-none-eabi-8-2018-q4-major/bin/../lib/gcc/arm-none-eabi/8.2.1/../../../../arm-none-eabi/lib/thumb/v6-m/nofp/libnosys.a(isatty.o)
                0x0000000008009a18                _isatty
 .text._lseek   0x0000000008009a28       0x10 /home/liam/Documents/toolchain/gcc-arm-none-eabi-8-2018-q4-major/bin/../lib/gcc/arm-none-eabi/8.2.1/../../../../arm-none-eabi/lib/thumb/v6-m/nofp/libnosys.a(lseek.o)
                0x0000000008009a28                _lseek
 .text._read    0x0000000008009a38       0x10 /home/liam/Documents/toolchain/gcc-arm-none-eabi-8-2018-q4-major/bin/../lib/gcc/arm-none-eabi/8.2.1/../../../../arm-none-eabi/lib/thumb/v6-m/nofp/libnosys.a(read.o)
                0x0000000008009a38                _read
 .text._sbrk    0x0000000008009a48       0x1c /home/liam/Documents/toolchain/gcc-arm-none-eabi-8-2018-q4-major/bin/../lib/gcc/arm-none-eabi/8.2.1/../../../../arm-none-eabi/lib/thumb/v6-m/nofp/libnosys.a(sbrk.o)
                0x0000000008009a48                _sbrk
 *(.init)
 .init          0x0000000008009a64        0x4 /home/liam/Documents/toolchain/gcc-arm-none-eabi-8-2018-q4-major/bin/../lib/gcc/arm-none-eabi/8.2.1/thumb/v6-m/nofp/crti.o
                0x0000000008009a64                _init
 .init          0x0000000008009a68        0x8 /home/liam/Documents/toolchain/gcc-arm-none-eabi-8-2018-q4-major/bin/../lib/gcc/arm-none-eabi/8.2.1/thumb/v6-m/nofp/crtn.o
 *(.fini)
 .fini          0x0000000008009a70        0x4 /home/liam/Documents/toolchain/gcc-arm-none-eabi-8-2018-q4-major/bin/../lib/gcc/arm-none-eabi/8.2.1/thumb/v6-m/nofp/crti.o
                0x0000000008009a70                _fini
 .fini          0x0000000008009a74        0x8 /home/liam/Documents/toolchain/gcc-arm-none-eabi-8-2018-q4-major/bin/../lib/gcc/arm-none-eabi/8.2.1/thumb/v6-m/nofp/crtn.o
 *crtbegin.o(.ctors)
 *crtbegin?.o(.ctors)
 *(EXCLUDE_FILE(*crtend.o *crtend?.o) .ctors)
 *(SORT_BY_NAME(.ctors.*))
 *(.ctors)
 *crtbegin.o(.dtors)
 *crtbegin?.o(.dtors)
 *(EXCLUDE_FILE(*crtend.o *crtend?.o) .dtors)
 *(SORT_BY_NAME(.dtors.*))
 *(.dtors)
 *(.rodata*)
 .rodata.bootstrap.str1.4
                0x0000000008009a7c       0x1b CMakeFiles/continuous_rx.elf.dir/continuous_rx.c.obj
 *fill*         0x0000000008009a97        0x1 
 .rodata.__func__.9561
                0x0000000008009a98        0xf ../../framework/libframework.a(platf_main.c.obj)
 *fill*         0x0000000008009aa7        0x1 
 .rodata.hw_radio_reset.str1.4
                0x0000000008009aa8       0x6c ../../framework/libframework.a(platf_main.c.obj)
 .rodata.__func__.9210
                0x0000000008009b14        0xb ../../framework/libframework.a(platf_leds.c.obj)
 *fill*         0x0000000008009b1f        0x1 
 .rodata.__led_init.str1.4
                0x0000000008009b20       0x6c ../../framework/libframework.a(platf_leds.c.obj)
 .rodata.__func__.9347
                0x0000000008009b8c        0xf ../../framework/libframework.a(platf_button.c.obj)
 *fill*         0x0000000008009b9b        0x1 
 .rodata.__ubutton_init.str1.4
                0x0000000008009b9c       0x5e ../../framework/libframework.a(platf_button.c.obj)
                                         0x6e (size before relaxing)
 *fill*         0x0000000008009bfa        0x2 
 .rodata.__assert_func.str1.4
                0x0000000008009bfc       0x3f ../../framework/libframework.a(libc_overrides.c.obj)
                                         0x43 (size before relaxing)
 *fill*         0x0000000008009c3b        0x1 
 .rodata.AHBPrescTable
                0x0000000008009c3c       0x10 ../../framework/libframework.a(system_stm32l0xx.c.obj)
                0x0000000008009c3c                AHBPrescTable
 .rodata.APBPrescTable
                0x0000000008009c4c        0x8 ../../framework/libframework.a(system_stm32l0xx.c.obj)
                0x0000000008009c4c                APBPrescTable
 .rodata.PLLMulTable
                0x0000000008009c54        0x9 ../../framework/libframework.a(system_stm32l0xx.c.obj)
                0x0000000008009c54                PLLMulTable
 *fill*         0x0000000008009c5d        0x3 
 .rodata.UART_SetConfig
                0x0000000008009c60       0x48 ../../framework/libframework.a(stm32l0xx_hal_uart.c.obj)
 .rodata.__func__.9158
                0x0000000008009ca8       0x12 ../../framework/libframework.a(stm32_common_gpio.c.obj)
 *fill*         0x0000000008009cba        0x2 
 .rodata.__func__.9170
                0x0000000008009cbc       0x1b ../../framework/libframework.a(stm32_common_gpio.c.obj)
 *fill*         0x0000000008009cd7        0x1 
 .rodata.__func__.9185
                0x0000000008009cd8       0x1c ../../framework/libframework.a(stm32_common_gpio.c.obj)
 .rodata.__func__.9190
                0x0000000008009cf4       0x19 ../../framework/libframework.a(stm32_common_gpio.c.obj)
 *fill*         0x0000000008009d0d        0x3 
 .rodata.gpio_int_callback.str1.4
                0x0000000008009d10       0x7d ../../framework/libframework.a(stm32_common_gpio.c.obj)
 *fill*         0x0000000008009d8d        0x3 
 .rodata.hw_gpio_set_edge_interrupt.str1.4
                0x0000000008009d90        0x6 ../../framework/libframework.a(stm32_common_gpio.c.obj)
 *fill*         0x0000000008009d96        0x2 
 .rodata.__func__.9132
                0x0000000008009d98        0xb ../../framework/libframework.a(stm32_common_mcu.c.obj)
 *fill*         0x0000000008009da3        0x1 
 .rodata.init_clock.str1.4
                0x0000000008009da4      0x108 ../../framework/libframework.a(stm32_common_mcu.c.obj)
 .rodata.__func__.9143
                0x0000000008009eac        0xb ../../framework/libframework.a(stm32_common_spi.c.obj)
 *fill*         0x0000000008009eb7        0x1 
 .rodata.__func__.9151
                0x0000000008009eb8        0xc ../../framework/libframework.a(stm32_common_spi.c.obj)
 .rodata.__func__.9159
                0x0000000008009ec4        0x9 ../../framework/libframework.a(stm32_common_spi.c.obj)
 *fill*         0x0000000008009ecd        0x3 
 .rodata.__func__.9175
                0x0000000008009ed0        0xf ../../framework/libframework.a(stm32_common_spi.c.obj)
 *fill*         0x0000000008009edf        0x1 
 .rodata.spi_enable.str1.4
                0x0000000008009ee0       0x5c ../../framework/libframework.a(stm32_common_spi.c.obj)
                                         0x64 (size before relaxing)
 .rodata.spi_init.str1.4
                0x0000000008009f3c       0x27 ../../framework/libframework.a(stm32_common_spi.c.obj)
 *fill*         0x0000000008009f63        0x1 
 .rodata.spi_init_slave.str1.4
                0x0000000008009f64       0x52 ../../framework/libframework.a(stm32_common_spi.c.obj)
 *fill*         0x0000000008009fb6        0x2 
 .rodata.spi_ports
                0x0000000008009fb8       0x14 ../../framework/libframework.a(stm32_common_spi.c.obj)
 .rodata.__func__.9119
                0x0000000008009fcc       0x1d ../../framework/libframework.a(stm32_common_system.c.obj)
 *fill*         0x0000000008009fe9        0x3 
 .rodata.__func__.9126
                0x0000000008009fec       0x17 ../../framework/libframework.a(stm32_common_system.c.obj)
 *fill*         0x000000000800a003        0x1 
 .rodata.__func__.9141
                0x000000000800a004       0x14 ../../framework/libframework.a(stm32_common_system.c.obj)
 .rodata.__hardfault_handler.str1.4
                0x000000000800a018       0x17 ../../framework/libframework.a(stm32_common_system.c.obj)
 *fill*         0x000000000800a02f        0x1 
 .rodata.hw_enter_lowpower_mode.str1.4
                0x000000000800a030       0x1e ../../framework/libframework.a(stm32_common_system.c.obj)
 *fill*         0x000000000800a04e        0x2 
 .rodata.hw_system_save_reboot_reason.str1.4
                0x000000000800a050       0x5f ../../framework/libframework.a(stm32_common_system.c.obj)
                                         0x67 (size before relaxing)
 *fill*         0x000000000800a0af        0x1 
 .rodata.__func__.9076
                0x000000000800a0b0        0xe ../../framework/libframework.a(stm32_common_timer.c.obj)
 *fill*         0x000000000800a0be        0x2 
 .rodata.hw_timer_init.str1.4
                0x000000000800a0c0       0x82 ../../framework/libframework.a(stm32_common_timer.c.obj)
 *fill*         0x000000000800a142        0x2 
 .rodata.timer_info.9080
                0x000000000800a144        0x1 ../../framework/libframework.a(stm32_common_timer.c.obj)
 *fill*         0x000000000800a145        0x3 
 .rodata.__func__.9744
                0x000000000800a148        0xa ../../framework/libframework.a(stm32_common_uart.c.obj)
 *fill*         0x000000000800a152        0x2 
 .rodata.__func__.9749
                0x000000000800a154        0xc ../../framework/libframework.a(stm32_common_uart.c.obj)
 .rodata.__func__.9795
                0x000000000800a160       0x11 ../../framework/libframework.a(stm32_common_uart.c.obj)
 *fill*         0x000000000800a171        0x3 
 .rodata.uart_enable.str1.4
                0x000000000800a174       0x98 ../../framework/libframework.a(stm32_common_uart.c.obj)
 .rodata.uart_init.str1.4
                0x000000000800a20c       0x16 ../../framework/libframework.a(stm32_common_uart.c.obj)
 *fill*         0x000000000800a222        0x2 
 .rodata.uart_irq_handler.str1.4
                0x000000000800a224       0x5d ../../framework/libframework.a(stm32_common_uart.c.obj)
                                         0x65 (size before relaxing)
 *fill*         0x000000000800a281        0x3 
 .rodata.uart_ports
                0x000000000800a284       0x28 ../../framework/libframework.a(stm32_common_uart.c.obj)
 .rodata.__func__.9701
                0x000000000800a2ac        0xf ../../framework/libframework.a(sx127x.c.obj)
 *fill*         0x000000000800a2bb        0x1 
 .rodata.__func__.9711
                0x000000000800a2bc       0x12 ../../framework/libframework.a(sx127x.c.obj)
 *fill*         0x000000000800a2ce        0x2 
 .rodata.__func__.9721
                0x000000000800a2d0       0x17 ../../framework/libframework.a(sx127x.c.obj)
 *fill*         0x000000000800a2e7        0x1 
 .rodata.__func__.9724
                0x000000000800a2e8       0x10 ../../framework/libframework.a(sx127x.c.obj)
 .rodata.__func__.9729
                0x000000000800a2f8       0x10 ../../framework/libframework.a(sx127x.c.obj)
 .rodata.__func__.9741
                0x000000000800a308        0xf ../../framework/libframework.a(sx127x.c.obj)
 *fill*         0x000000000800a317        0x1 
 .rodata.__func__.9746
                0x000000000800a318       0x13 ../../framework/libframework.a(sx127x.c.obj)
 *fill*         0x000000000800a32b        0x1 
 .rodata.__func__.9767
                0x000000000800a32c       0x13 ../../framework/libframework.a(sx127x.c.obj)
 *fill*         0x000000000800a33f        0x1 
 .rodata.__func__.9781
                0x000000000800a340       0x13 ../../framework/libframework.a(sx127x.c.obj)
 *fill*         0x000000000800a353        0x1 
 .rodata.__func__.9796
                0x000000000800a354        0xe ../../framework/libframework.a(sx127x.c.obj)
 *fill*         0x000000000800a362        0x2 
 .rodata.bg_scan_rx_done.str1.4
                0x000000000800a364       0x5d ../../framework/libframework.a(sx127x.c.obj)
 *fill*         0x000000000800a3c1        0x3 
 .rodata.calibrate_rx_chain.str1.4
                0x000000000800a3c4       0x37 ../../framework/libframework.a(sx127x.c.obj)
 *fill*         0x000000000800a3fb        0x1 
 .rodata.configure_channel.str1.4
                0x000000000800a3fc       0x76 ../../framework/libframework.a(sx127x.c.obj)
 *fill*         0x000000000800a472        0x2 
 .rodata.configure_eirp.str1.4
                0x000000000800a474       0x63 ../../framework/libframework.a(sx127x.c.obj)
 *fill*         0x000000000800a4d7        0x1 
 .rodata.configure_syncword.str1.4
                0x000000000800a4d8       0x39 ../../framework/libframework.a(sx127x.c.obj)
 *fill*         0x000000000800a511        0x3 
 .rodata.fifo_level_isr.str1.4
                0x000000000800a514       0x30 ../../framework/libframework.a(sx127x.c.obj)
                                         0x36 (size before relaxing)
 .rodata.fifo_threshold_isr.str1.4
                0x000000000800a544       0xb5 ../../framework/libframework.a(sx127x.c.obj)
 *fill*         0x000000000800a5f9        0x3 
 .rodata.fill_in_fifo.str1.4
                0x000000000800a5fc       0x5f ../../framework/libframework.a(sx127x.c.obj)
 *fill*         0x000000000800a65b        0x1 
 .rodata.hw_radio_continuous_rx.str1.4
                0x000000000800a65c       0x9c ../../framework/libframework.a(sx127x.c.obj)
 .rodata.hw_radio_init.str1.4
                0x000000000800a6f8       0x2e ../../framework/libframework.a(sx127x.c.obj)
                                         0x3e (size before relaxing)
 *fill*         0x000000000800a726        0x2 
 .rodata.lora_rxdone_isr.str1.4
                0x000000000800a728       0x6e ../../framework/libframework.a(sx127x.c.obj)
 *fill*         0x000000000800a796        0x2 
 .rodata.packet_transmitted_isr.str1.4
                0x000000000800a798       0x32 ../../framework/libframework.a(sx127x.c.obj)
 *fill*         0x000000000800a7ca        0x2 
 .rodata.restart_rx_chain.str1.4
                0x000000000800a7cc       0x1f ../../framework/libframework.a(sx127x.c.obj)
 *fill*         0x000000000800a7eb        0x1 
 .rodata.resume_from_sleep_mode.str1.4
                0x000000000800a7ec       0x19 ../../framework/libframework.a(sx127x.c.obj)
 *fill*         0x000000000800a805        0x3 
 .rodata.set_center_freq.str1.4
                0x000000000800a808       0x10 ../../framework/libframework.a(sx127x.c.obj)
 .rodata.set_lora_mode.str1.4
                0x000000000800a818       0x27 ../../framework/libframework.a(sx127x.c.obj)
 *fill*         0x000000000800a83f        0x1 
 .rodata.start_hw_radio_continuous_rx.str1.4
                0x000000000800a840       0x32 ../../framework/libframework.a(sx127x.c.obj)
 *fill*         0x000000000800a872        0x2 
 .rodata.switch_to_sleep_mode.str1.4
                0x000000000800a874       0x18 ../../framework/libframework.a(sx127x.c.obj)
 .rodata.sync_word_value
                0x000000000800a88c       0x10 ../../framework/libframework.a(sx127x.c.obj)
                0x000000000800a88c                sync_word_value
 .rodata.__func__.5495
                0x000000000800a89c        0xd ../../framework/libframework.a(console.c.obj)
 *fill*         0x000000000800a8a9        0x3 
 .rodata.console_init.str1.4
                0x000000000800a8ac       0x63 ../../framework/libframework.a(console.c.obj)
 *fill*         0x000000000800a90f        0x1 
 .rodata.fec_lut
                0x000000000800a910       0x10 ../../framework/libframework.a(fec.c.obj)
 .rodata.trellis0_lut
                0x000000000800a920        0x8 ../../framework/libframework.a(fec.c.obj)
 .rodata.trellis1_lut
                0x000000000800a928        0x8 ../../framework/libframework.a(fec.c.obj)
 .rodata.log_print_data.str1.4
                0x000000000800a930       0x12 ../../framework/libframework.a(log.c.obj)
 *fill*         0x000000000800a942        0x2 
 .rodata.log_print_string.str1.4
                0x000000000800a944        0xa ../../framework/libframework.a(log.c.obj)
 *fill*         0x000000000800a94e        0x2 
 .rodata.__func__.5119
                0x000000000800a950        0xc ../../framework/libframework.a(scheduler.c.obj)
 .rodata.__func__.5130
                0x000000000800a95c       0x14 ../../framework/libframework.a(scheduler.c.obj)
 .rodata.__func__.5139
                0x000000000800a970        0xd ../../framework/libframework.a(scheduler.c.obj)
 *fill*         0x000000000800a97d        0x3 
 .rodata.__func__.5178
                0x000000000800a980        0xe ../../framework/libframework.a(scheduler.c.obj)
 *fill*         0x000000000800a98e        0x2 
 .rodata.get_task_id.str1.4
                0x000000000800a990       0x86 ../../framework/libframework.a(scheduler.c.obj)
 *fill*         0x000000000800aa16        0x2 
 .rodata.sched_is_scheduled.str1.4
                0x000000000800aa18        0xf ../../framework/libframework.a(scheduler.c.obj)
 *fill*         0x000000000800aa27        0x1 
 .rodata.scheduler_run.str1.4
                0x000000000800aa28       0x12 ../../framework/libframework.a(scheduler.c.obj)
 *fill*         0x000000000800aa3a        0x2 
 .rodata._DoInit.str1.4
                0x000000000800aa3c       0x17 ../../framework/libframework.a(SEGGER_RTT.c.obj)
 *fill*         0x000000000800aa53        0x1 
 .rodata.__func__.4919
                0x000000000800aa54        0xb ../../framework/libframework.a(timer.c.obj)
 *fill*         0x000000000800aa5f        0x1 
 .rodata.__func__.4980
                0x000000000800aa60       0x15 ../../framework/libframework.a(timer.c.obj)
 *fill*         0x000000000800aa75        0x3 
 .rodata.__func__.4983
                0x000000000800aa78        0xf ../../framework/libframework.a(timer.c.obj)
 *fill*         0x000000000800aa87        0x1 
 .rodata.__func__.4987
                0x000000000800aa88        0xc ../../framework/libframework.a(timer.c.obj)
 .rodata.configure_next_event.str1.4
                0x000000000800aa94       0x1a ../../framework/libframework.a(timer.c.obj)
 *fill*         0x000000000800aaae        0x2 
 .rodata.timer_fired.str1.4
                0x000000000800aab0       0x40 ../../framework/libframework.a(timer.c.obj)
 .rodata.timer_init.str1.4
                0x000000000800aaf0       0x4b ../../framework/libframework.a(timer.c.obj)
                                         0x5b (size before relaxing)
 *fill*         0x000000000800ab3b        0x1 
 .rodata.timer_overflow.str1.4
                0x000000000800ab3c       0x68 ../../framework/libframework.a(timer.c.obj)
 .rodata        0x000000000800aba4       0xac /home/liam/Documents/toolchain/gcc-arm-none-eabi-8-2018-q4-major/bin/../lib/gcc/arm-none-eabi/8.2.1/thumb/v6-m/nofp/libgcc.a(divsf3.o)
 .rodata        0x000000000800ac50       0x40 /home/liam/Documents/toolchain/gcc-arm-none-eabi-8-2018-q4-major/bin/../lib/gcc/arm-none-eabi/8.2.1/thumb/v6-m/nofp/libgcc.a(mulsf3.o)
 .rodata        0x000000000800ac90       0x40 /home/liam/Documents/toolchain/gcc-arm-none-eabi-8-2018-q4-major/bin/../lib/gcc/arm-none-eabi/8.2.1/thumb/v6-m/nofp/libgcc.a(divdf3.o)
 .rodata.__sf_fake_stderr
                0x000000000800acd0       0x20 /home/liam/Documents/toolchain/gcc-arm-none-eabi-8-2018-q4-major/bin/../lib/gcc/arm-none-eabi/8.2.1/../../../../arm-none-eabi/lib/thumb/v6-m/nofp/libg_nano.a(lib_a-findfp.o)
                0x000000000800acd0                __sf_fake_stderr
 .rodata.__sf_fake_stdin
                0x000000000800acf0       0x20 /home/liam/Documents/toolchain/gcc-arm-none-eabi-8-2018-q4-major/bin/../lib/gcc/arm-none-eabi/8.2.1/../../../../arm-none-eabi/lib/thumb/v6-m/nofp/libg_nano.a(lib_a-findfp.o)
                0x000000000800acf0                __sf_fake_stdin
 .rodata.__sf_fake_stdout
                0x000000000800ad10       0x20 /home/liam/Documents/toolchain/gcc-arm-none-eabi-8-2018-q4-major/bin/../lib/gcc/arm-none-eabi/8.2.1/../../../../arm-none-eabi/lib/thumb/v6-m/nofp/libg_nano.a(lib_a-findfp.o)
                0x000000000800ad10                __sf_fake_stdout
 .rodata._global_impure_ptr
                0x000000000800ad30        0x4 /home/liam/Documents/toolchain/gcc-arm-none-eabi-8-2018-q4-major/bin/../lib/gcc/arm-none-eabi/8.2.1/../../../../arm-none-eabi/lib/thumb/v6-m/nofp/libg_nano.a(lib_a-impure.o)
                0x000000000800ad30                _global_impure_ptr
 .rodata._vfprintf_r.str1.1
                0x000000000800ad34       0x11 /home/liam/Documents/toolchain/gcc-arm-none-eabi-8-2018-q4-major/bin/../lib/gcc/arm-none-eabi/8.2.1/../../../../arm-none-eabi/lib/thumb/v6-m/nofp/libg_nano.a(lib_a-nano-vfprintf.o)
 .rodata._printf_i.str1.1
                0x000000000800ad45       0x22 /home/liam/Documents/toolchain/gcc-arm-none-eabi-8-2018-q4-major/bin/../lib/gcc/arm-none-eabi/8.2.1/../../../../arm-none-eabi/lib/thumb/v6-m/nofp/libg_nano.a(lib_a-nano-vfprintf_i.o)
 *(.eh_frame*)
 *fill*         0x000000000800ad67        0x1 
 .eh_frame      0x000000000800ad68        0x0 /home/liam/Documents/toolchain/gcc-arm-none-eabi-8-2018-q4-major/bin/../lib/gcc/arm-none-eabi/8.2.1/thumb/v6-m/nofp/crtbegin.o
 .eh_frame      0x000000000800ad68        0x4 /home/liam/Documents/toolchain/gcc-arm-none-eabi-8-2018-q4-major/bin/../lib/gcc/arm-none-eabi/8.2.1/thumb/v6-m/nofp/crtend.o

.glue_7         0x000000000800ad6c        0x0
 .glue_7        0x000000000800ad6c        0x0 linker stubs

.glue_7t        0x000000000800ad6c        0x0
 .glue_7t       0x000000000800ad6c        0x0 linker stubs

.vfp11_veneer   0x000000000800ad6c        0x0
 .vfp11_veneer  0x000000000800ad6c        0x0 linker stubs

.v4_bx          0x000000000800ad6c        0x0
 .v4_bx         0x000000000800ad6c        0x0 linker stubs

.iplt           0x000000000800ad6c        0x0
 .iplt          0x000000000800ad6c        0x0 /home/liam/Documents/toolchain/gcc-arm-none-eabi-8-2018-q4-major/bin/../lib/gcc/arm-none-eabi/8.2.1/thumb/v6-m/nofp/crtbegin.o

.ARM.extab
 *(.ARM.extab* .gnu.linkonce.armextab.*)
                0x000000000800ad6c                __exidx_start = .

.ARM.exidx      0x000000000800ad6c        0x8
 *(.ARM.exidx* .gnu.linkonce.armexidx.*)
 .ARM.exidx     0x000000000800ad6c        0x8 /home/liam/Documents/toolchain/gcc-arm-none-eabi-8-2018-q4-major/bin/../lib/gcc/arm-none-eabi/8.2.1/thumb/v6-m/nofp/libgcc.a(_udivmoddi4.o)
                0x000000000800ad74                __exidx_end = .
                0x000000000800ad74                __etext = .
                0x000000000800ad74                _sidata = .

.rel.dyn        0x000000000800ad74        0x0
 .rel.iplt      0x000000000800ad74        0x0 /home/liam/Documents/toolchain/gcc-arm-none-eabi-8-2018-q4-major/bin/../lib/gcc/arm-none-eabi/8.2.1/thumb/v6-m/nofp/crtbegin.o

.stack          0x0000000020000000      0x500
                0x0000000020000000                . = ALIGN (0x8)
                0x0000000020000000                __stack_start = .
                0x0000000020000500                . = (. + _stack_size)
 *fill*         0x0000000020000000      0x500 
                0x0000000020000500                . = ALIGN (0x8)
                0x0000000020000500                PROVIDE (_estack = .)

.data           0x0000000020000500       0x80 load address 0x000000000800ad74
                0x0000000020000500                __data_start__ = .
                0x0000000020000500                _sdata = .
 *(vtable)
 *(.data*)
 .data.channel_count
                0x0000000020000500        0x2 CMakeFiles/continuous_rx.elf.dir/continuous_rx.c.obj
 *fill*         0x0000000020000502        0x2 
 .data.SystemCoreClock
                0x0000000020000504        0x4 ../../framework/libframework.a(system_stm32l0xx.c.obj)
                0x0000000020000504                SystemCoreClock
 .data.reboot_reason
                0x0000000020000508        0x1 ../../framework/libframework.a(stm32_common_system.c.obj)
 *fill*         0x0000000020000509        0x3 
 .data.current_channel_id
                0x000000002000050c        0x4 ../../framework/libframework.a(sx127x.c.obj)
 .data.default_channel_id
                0x0000000020000510        0x4 ../../framework/libframework.a(sx127x.c.obj)
 .data._impure_ptr
                0x0000000020000514        0x4 /home/liam/Documents/toolchain/gcc-arm-none-eabi-8-2018-q4-major/bin/../lib/gcc/arm-none-eabi/8.2.1/../../../../arm-none-eabi/lib/thumb/v6-m/nofp/libg_nano.a(lib_a-impure.o)
                0x0000000020000514                _impure_ptr
 .data.impure_data
                0x0000000020000518       0x60 /home/liam/Documents/toolchain/gcc-arm-none-eabi-8-2018-q4-major/bin/../lib/gcc/arm-none-eabi/8.2.1/../../../../arm-none-eabi/lib/thumb/v6-m/nofp/libg_nano.a(lib_a-impure.o)
                0x0000000020000578                . = ALIGN (0x4)
                0x0000000020000578                PROVIDE (__preinit_array_start = .)
 *(.preinit_array)
                0x0000000020000578                PROVIDE (__preinit_array_end = .)
                0x0000000020000578                . = ALIGN (0x4)
                0x0000000020000578                PROVIDE (__init_array_start = .)
 *(SORT_BY_NAME(.init_array.*))
 *(.init_array)
 .init_array    0x0000000020000578        0x4 /home/liam/Documents/toolchain/gcc-arm-none-eabi-8-2018-q4-major/bin/../lib/gcc/arm-none-eabi/8.2.1/thumb/v6-m/nofp/crtbegin.o
                0x000000002000057c                PROVIDE (__init_array_end = .)
                0x000000002000057c                . = ALIGN (0x4)
                [!provide]                        PROVIDE (__fini_array_start = .)
 *(SORT_BY_NAME(.fini_array.*))
 *(.fini_array)
 .fini_array    0x000000002000057c        0x4 /home/liam/Documents/toolchain/gcc-arm-none-eabi-8-2018-q4-major/bin/../lib/gcc/arm-none-eabi/8.2.1/thumb/v6-m/nofp/crtbegin.o
                [!provide]                        PROVIDE (__fini_array_end = .)
 *(.jcr*)
                0x0000000020000580                . = ALIGN (0x4)
                0x0000000020000580                __data_end__ = .
                0x0000000020000580                _edata = .

.igot.plt       0x0000000020000580        0x0 load address 0x000000000800adf4
 .igot.plt      0x0000000020000580        0x0 /home/liam/Documents/toolchain/gcc-arm-none-eabi-8-2018-q4-major/bin/../lib/gcc/arm-none-eabi/8.2.1/thumb/v6-m/nofp/crtbegin.o

.bss            0x0000000020000580     0x150c load address 0x000000000800adf4
                0x0000000020000580                . = ALIGN (0x4)
                0x0000000020000580                __bss_start__ = .
                0x0000000020000580                _sbss = .
 *(.bss*)
 .bss           0x0000000020000580       0x1c /home/liam/Documents/toolchain/gcc-arm-none-eabi-8-2018-q4-major/bin/../lib/gcc/arm-none-eabi/8.2.1/thumb/v6-m/nofp/crtbegin.o
 .bss.channel_indexes
                0x000000002000059c      0x230 CMakeFiles/continuous_rx.elf.dir/continuous_rx.c.obj
 .bss.rx_cfg    0x00000000200007cc        0x6 CMakeFiles/continuous_rx.elf.dir/continuous_rx.c.obj
 *fill*         0x00000000200007d2        0x2 
 .bss.leds      0x00000000200007d4       0x10 ../../framework/libframework.a(platf_leds.c.obj)
 .bss.buttons   0x00000000200007e4       0x30 ../../framework/libframework.a(platf_button.c.obj)
                0x00000000200007e4                buttons
 .bss.interrupts
                0x0000000020000814       0x80 ../../framework/libframework.a(stm32_common_gpio.c.obj)
 .bss.handle    0x0000000020000894       0x70 ../../framework/libframework.a(stm32_common_spi.c.obj)
 .bss.next_spi_slave_handle
                0x0000000020000904        0x1 ../../framework/libframework.a(stm32_common_spi.c.obj)
                0x0000000020000904                next_spi_slave_handle
 *fill*         0x0000000020000905        0x3 
 .bss.slave_handle
                0x0000000020000908       0x3c ../../framework/libframework.a(stm32_common_spi.c.obj)
                0x0000000020000908                slave_handle
 .bss.gpioa_moder
                0x0000000020000944        0x4 ../../framework/libframework.a(stm32_common_system.c.obj)
 .bss.gpiob_moder
                0x0000000020000948        0x4 ../../framework/libframework.a(stm32_common_system.c.obj)
 .bss.gpioc_moder
                0x000000002000094c        0x4 ../../framework/libframework.a(stm32_common_system.c.obj)
 .bss.gpiod_moder
                0x0000000020000950        0x4 ../../framework/libframework.a(stm32_common_system.c.obj)
 .bss.gpioe_moder
                0x0000000020000954        0x4 ../../framework/libframework.a(stm32_common_system.c.obj)
 .bss.gpioh_moder
                0x0000000020000958        0x4 ../../framework/libframework.a(stm32_common_system.c.obj)
 .bss.iopenr    0x000000002000095c        0x4 ../../framework/libframework.a(stm32_common_system.c.obj)
 .bss.cmp_reg_write_pending
                0x0000000020000960        0x1 ../../framework/libframework.a(stm32_common_timer.c.obj)
 *fill*         0x0000000020000961        0x3 
 .bss.compare_f
                0x0000000020000964        0x4 ../../framework/libframework.a(stm32_common_timer.c.obj)
 .bss.overflow_f
                0x0000000020000968        0x4 ../../framework/libframework.a(stm32_common_timer.c.obj)
 .bss.timer     0x000000002000096c       0x30 ../../framework/libframework.a(stm32_common_timer.c.obj)
 .bss.timer_inited
                0x000000002000099c        0x1 ../../framework/libframework.a(stm32_common_timer.c.obj)
 *fill*         0x000000002000099d        0x3 
 .bss.handle    0x00000000200009a0       0xf8 ../../framework/libframework.a(stm32_common_uart.c.obj)
 .bss.FskPacketHandler
                0x0000000020000a98        0x3 ../../framework/libframework.a(sx127x.c.obj)
                0x0000000020000a98                FskPacketHandler
 *fill*         0x0000000020000a9b        0x1 
 .bss.alloc_packet_callback
                0x0000000020000a9c        0x4 ../../framework/libframework.a(sx127x.c.obj)
 .bss.bg_adv    0x0000000020000aa0       0x2c ../../framework/libframework.a(sx127x.c.obj)
                0x0000000020000aa0                bg_adv
 .bss.current_packet
                0x0000000020000acc        0x4 ../../framework/libframework.a(sx127x.c.obj)
 .bss.current_syncword_class
                0x0000000020000ad0        0x1 ../../framework/libframework.a(sx127x.c.obj)
 *fill*         0x0000000020000ad1        0x3 
 .bss.fg_frame  0x0000000020000ad4      0x20c ../../framework/libframework.a(sx127x.c.obj)
                0x0000000020000ad4                fg_frame
 .bss.is_sx1272
                0x0000000020000ce0        0x1 ../../framework/libframework.a(sx127x.c.obj)
 .bss.lora_mode
                0x0000000020000ce1        0x1 ../../framework/libframework.a(sx127x.c.obj)
 *fill*         0x0000000020000ce2        0x2 
 .bss.release_packet_callback
                0x0000000020000ce4        0x4 ../../framework/libframework.a(sx127x.c.obj)
 .bss.rssi_valid_callback
                0x0000000020000ce8        0x4 ../../framework/libframework.a(sx127x.c.obj)
 .bss.rx_packet_callback
                0x0000000020000cec        0x4 ../../framework/libframework.a(sx127x.c.obj)
 .bss.spi_handle
                0x0000000020000cf0        0x4 ../../framework/libframework.a(sx127x.c.obj)
 .bss.state     0x0000000020000cf4        0x1 ../../framework/libframework.a(sx127x.c.obj)
 *fill*         0x0000000020000cf5        0x3 
 .bss.sx127x_spi
                0x0000000020000cf8        0x4 ../../framework/libframework.a(sx127x.c.obj)
 .bss.tx_packet_callback
                0x0000000020000cfc        0x4 ../../framework/libframework.a(sx127x.c.obj)
 .bss.console_tx_buffer
                0x0000000020000d00       0xff ../../framework/libframework.a(console.c.obj)
 *fill*         0x0000000020000dff        0x1 
 .bss.console_tx_fifo
                0x0000000020000e00       0x10 ../../framework/libframework.a(console.c.obj)
 .bss.uart      0x0000000020000e10        0x4 ../../framework/libframework.a(console.c.obj)