Archive member included to satisfy reference by file (symbol)

../../framework/libframework.a(framework_bootstrap.c.obj)
                              (--whole-archive)
../../framework/libframework.a(platf_main.c.obj)
                              (--whole-archive)
../../framework/libframework.a(platf_leds.c.obj)
                              (--whole-archive)
../../framework/libframework.a(platf_button.c.obj)
                              (--whole-archive)
../../framework/libframework.a(platf_debug.c.obj)
                              (--whole-archive)
../../framework/libframework.a(libc_overrides.c.obj)
                              (--whole-archive)
../../framework/libframework.a(startup_STM32L072xx.s.obj)
                              (--whole-archive)
../../framework/libframework.a(stm32l0xx_hal_msp.c.obj)
                              (--whole-archive)
../../framework/libframework.a(system_stm32l0xx.c.obj)
                              (--whole-archive)
../../framework/libframework.a(stm32l0xx_hal.c.obj)
                              (--whole-archive)
../../framework/libframework.a(stm32l0xx_hal_cortex.c.obj)
                              (--whole-archive)
../../framework/libframework.a(stm32l0xx_hal_flash.c.obj)
                              (--whole-archive)
../../framework/libframework.a(stm32l0xx_hal_flash_ex.c.obj)
                              (--whole-archive)
../../framework/libframework.a(stm32l0xx_hal_gpio.c.obj)
                              (--whole-archive)
../../framework/libframework.a(stm32l0xx_hal_i2c.c.obj)
                              (--whole-archive)
../../framework/libframework.a(stm32l0xx_hal_iwdg.c.obj)
                              (--whole-archive)
../../framework/libframework.a(stm32l0xx_hal_pwr.c.obj)
                              (--whole-archive)
../../framework/libframework.a(stm32l0xx_hal_pwr_ex.c.obj)
                              (--whole-archive)
../../framework/libframework.a(stm32l0xx_hal_rcc.c.obj)
                              (--whole-archive)
../../framework/libframework.a(stm32l0xx_hal_rcc_ex.c.obj)
                              (--whole-archive)
../../framework/libframework.a(stm32l0xx_hal_rtc.c.obj)
                              (--whole-archive)
../../framework/libframework.a(stm32l0xx_hal_rtc_ex.c.obj)
                              (--whole-archive)
../../framework/libframework.a(stm32l0xx_hal_spi.c.obj)
                              (--whole-archive)
../../framework/libframework.a(stm32l0xx_hal_tim.c.obj)
                              (--whole-archive)
../../framework/libframework.a(stm32l0xx_hal_tim_ex.c.obj)
                              (--whole-archive)
../../framework/libframework.a(stm32l0xx_hal_lptim.c.obj)
                              (--whole-archive)
../../framework/libframework.a(stm32l0xx_hal_uart.c.obj)
                              (--whole-archive)
../../framework/libframework.a(stm32l0xx_ll_gpio.c.obj)
                              (--whole-archive)
../../framework/libframework.a(stm32_common_atomic.c.obj)
                              (--whole-archive)
../../framework/libframework.a(stm32_common_gpio.c.obj)
                              (--whole-archive)
../../framework/libframework.a(stm32_common_i2c.c.obj)
                              (--whole-archive)
../../framework/libframework.a(stm32_common_mcu.c.obj)
                              (--whole-archive)
../../framework/libframework.a(stm32_common_spi.c.obj)
                              (--whole-archive)
../../framework/libframework.a(stm32_common_system.c.obj)
                              (--whole-archive)
../../framework/libframework.a(stm32_common_timer.c.obj)
                              (--whole-archive)
../../framework/libframework.a(stm32_common_uart.c.obj)
                              (--whole-archive)
../../framework/libframework.a(stm32_common_watchdog.c.obj)
                              (--whole-archive)
../../framework/libframework.a(stm32_common_eeprom.c.obj)
                              (--whole-archive)
../../framework/libframework.a(sx127x.c.obj)
                              (--whole-archive)
../../framework/libframework.a(aes.c.obj)
                              (--whole-archive)
../../framework/libframework.a(ccm.c.obj)
                              (--whole-archive)
../../framework/libframework.a(alp.c.obj)
                              (--whole-archive)
../../framework/libframework.a(cli.c.obj)
                              (--whole-archive)
../../framework/libframework.a(compress.c.obj)
                              (--whole-archive)
../../framework/libframework.a(console.c.obj)
                              (--whole-archive)
../../framework/libframework.a(crc.c.obj)
                              (--whole-archive)
../../framework/libframework.a(fec.c.obj)
                              (--whole-archive)
../../framework/libframework.a(fifo.c.obj)
                              (--whole-archive)
../../framework/libframework.a(fs.c.obj)
[...]
Memory Configuration

Name             Origin             Length             Attributes
FLASH            0x0000000008000000 0x0000000000030000 xr
RAM              0x0000000020000000 0x0000000000005000 xrw
*default*        0x0000000000000000 0xffffffffffffffff

Linker script and memory map

LOAD /home/liam/Documents/toolchain/gcc-arm-none-eabi-8-2018-q4-major/bin/../lib/gcc/arm-none-eabi/8.2.1/thumb/v6-m/nofp/crti.o
LOAD /home/liam/Documents/toolchain/gcc-arm-none-eabi-8-2018-q4-major/bin/../lib/gcc/arm-none-eabi/8.2.1/thumb/v6-m/nofp/crtbegin.o
LOAD /home/liam/Documents/toolchain/gcc-arm-none-eabi-8-2018-q4-major/bin/../lib/gcc/arm-none-eabi/8.2.1/../../../../arm-none-eabi/lib/thumb/v6-m/nofp/crt0.o
LOAD CMakeFiles/continuous_tx.elf.dir/continuous_tx.c.obj
LOAD CMakeFiles/continuous_tx.elf.dir/version.c.obj
START GROUP
LOAD ../../framework/libframework.a
END GROUP
START GROUP
LOAD /home/liam/Documents/toolchain/gcc-arm-none-eabi-8-2018-q4-major/bin/../lib/gcc/arm-none-eabi/8.2.1/thumb/v6-m/nofp/libgcc.a
LOAD /home/liam/Documents/toolchain/gcc-arm-none-eabi-8-2018-q4-major/bin/../lib/gcc/arm-none-eabi/8.2.1/../../../../arm-none-eabi/lib/thumb/v6-m/nofp/libg_nano.a
LOAD /home/liam/Documents/toolchain/gcc-arm-none-eabi-8-2018-q4-major/bin/../lib/gcc/arm-none-eabi/8.2.1/../../../../arm-none-eabi/lib/thumb/v6-m/nofp/libc_nano.a
END GROUP
START GROUP
LOAD /home/liam/Documents/toolchain/gcc-arm-none-eabi-8-2018-q4-major/bin/../lib/gcc/arm-none-eabi/8.2.1/thumb/v6-m/nofp/libgcc.a
LOAD /home/liam/Documents/toolchain/gcc-arm-none-eabi-8-2018-q4-major/bin/../lib/gcc/arm-none-eabi/8.2.1/../../../../arm-none-eabi/lib/thumb/v6-m/nofp/libc_nano.a
LOAD /home/liam/Documents/toolchain/gcc-arm-none-eabi-8-2018-q4-major/bin/../lib/gcc/arm-none-eabi/8.2.1/../../../../arm-none-eabi/lib/thumb/v6-m/nofp/libnosys.a
END GROUP
START GROUP
LOAD /home/liam/Documents/toolchain/gcc-arm-none-eabi-8-2018-q4-major/bin/../lib/gcc/arm-none-eabi/8.2.1/thumb/v6-m/nofp/libgcc.a
LOAD /home/liam/Documents/toolchain/gcc-arm-none-eabi-8-2018-q4-major/bin/../lib/gcc/arm-none-eabi/8.2.1/../../../../arm-none-eabi/lib/thumb/v6-m/nofp/libc_nano.a
LOAD /home/liam/Documents/toolchain/gcc-arm-none-eabi-8-2018-q4-major/bin/../lib/gcc/arm-none-eabi/8.2.1/../../../../arm-none-eabi/lib/thumb/v6-m/nofp/libnosys.a
END GROUP
LOAD /home/liam/Documents/toolchain/gcc-arm-none-eabi-8-2018-q4-major/bin/../lib/gcc/arm-none-eabi/8.2.1/thumb/v6-m/nofp/crtend.o
LOAD /home/liam/Documents/toolchain/gcc-arm-none-eabi-8-2018-q4-major/bin/../lib/gcc/arm-none-eabi/8.2.1/thumb/v6-m/nofp/crtn.o
                0x0000000000000500                _stack_size = 0x500
                0x0000000000000300                _heap_size = 0x300

.text           0x0000000008000000     0xabdc
 *(.isr_vector)
 .isr_vector    0x0000000008000000       0xc0 ../../framework/libframework.a(startup_STM32L072xx.s.obj)
                0x0000000008000000                g_pfnVectors
 *(.text*)
 .text          0x00000000080000c0       0x48 /home/liam/Documents/toolchain/gcc-arm-none-eabi-8-2018-q4-major/bin/../lib/gcc/arm-none-eabi/8.2.1/thumb/v6-m/nofp/crtbegin.o
 .text.alloc_packet_callback
                0x0000000008000108       0x1c CMakeFiles/continuous_tx.elf.dir/continuous_tx.c.obj
                0x0000000008000108                alloc_packet_callback
 .text.release_packet_callback
                0x0000000008000124       0x1c CMakeFiles/continuous_tx.elf.dir/continuous_tx.c.obj
                0x0000000008000124                release_packet_callback
 .text.start_radio
                0x0000000008000140       0x14 CMakeFiles/continuous_tx.elf.dir/continuous_tx.c.obj
                0x0000000008000140                start_radio
 .text.configure_radio
                0x0000000008000154       0x20 CMakeFiles/continuous_tx.elf.dir/continuous_tx.c.obj
                0x0000000008000154                configure_radio
 .text.start    0x0000000008000174       0x38 CMakeFiles/continuous_tx.elf.dir/continuous_tx.c.obj
                0x0000000008000174                start
 .text.bootstrap
                0x00000000080001ac       0xa0 CMakeFiles/continuous_tx.elf.dir/continuous_tx.c.obj
                0x00000000080001ac                bootstrap
 .text.__framework_bootstrap
                0x000000000800024c       0x34 ../../framework/libframework.a(framework_bootstrap.c.obj)
                0x000000000800024c                __framework_bootstrap
 .text.hw_radio_reset
                0x0000000008000280       0x5c ../../framework/libframework.a(platf_main.c.obj)
                0x0000000008000280                hw_radio_reset
 .text.__platform_post_framework_init
                0x00000000080002dc        0xc ../../framework/libframework.a(platf_main.c.obj)
                0x00000000080002dc                __platform_post_framework_init
 .text.hw_radio_io_init
                0x00000000080002e8       0x94 ../../framework/libframework.a(platf_main.c.obj)
                0x00000000080002e8                hw_radio_io_init
 .text.__platform_init
                0x000000000800037c       0x1c ../../framework/libframework.a(platf_main.c.obj)
                0x000000000800037c                __platform_init
 .text.main     0x0000000008000398       0x16 ../../framework/libframework.a(platf_main.c.obj)
                0x0000000008000398                main
 *fill*         0x00000000080003ae        0x2 
 .text.hw_radio_io_deinit
                0x00000000080003b0       0x90 ../../framework/libframework.a(platf_main.c.obj)
                0x00000000080003b0                hw_radio_io_deinit
 .text.__led_init
                0x0000000008000440       0x68 ../../framework/libframework.a(platf_leds.c.obj)
                0x0000000008000440                __led_init
 .text.led_on   0x00000000080004a8       0x18 ../../framework/libframework.a(platf_leds.c.obj)
                0x00000000080004a8                led_on
 .text.led_off  0x00000000080004c0       0x18 ../../framework/libframework.a(platf_leds.c.obj)
                0x00000000080004c0                led_off
 .text.end_flash_green
                0x00000000080004d8        0xa ../../framework/libframework.a(platf_leds.c.obj)
 *fill*         0x00000000080004e2        0x2 
 .text.led_toggle
                0x00000000080004e4       0x18 ../../framework/libframework.a(platf_leds.c.obj)
                0x00000000080004e4                led_toggle
 .text.led_init
                0x00000000080004fc       0x14 ../../framework/libframework.a(platf_leds.c.obj)
                0x00000000080004fc                led_init
 .text.button_task
                0x0000000008000510       0x94 ../../framework/libframework.a(platf_button.c.obj)
 .text.button_callback
                0x00000000080005a4       0x40 ../../framework/libframework.a(platf_button.c.obj)
 .text.__ubutton_init
                0x00000000080005e4       0xa0 ../../framework/libframework.a(platf_button.c.obj)
                0x00000000080005e4                __ubutton_init
 .text.__hw_debug_init
                0x0000000008000684        0x2 ../../framework/libframework.a(platf_debug.c.obj)
                0x0000000008000684                __hw_debug_init
 .text.hw_debug_clr
                0x0000000008000686        0x2 ../../framework/libframework.a(platf_debug.c.obj)
                0x0000000008000686                hw_debug_clr
 .text._write   0x0000000008000688        0xe ../../framework/libframework.a(libc_overrides.c.obj)
                0x0000000008000688                _write
 *fill*         0x0000000008000696        0x2 
 .text.__assert_func
                0x0000000008000698       0x80 ../../framework/libframework.a(libc_overrides.c.obj)
                0x0000000008000698                __assert_func
 .text.Reset_Handler
                0x0000000008000718       0x50 ../../framework/libframework.a(startup_STM32L072xx.s.obj)
                0x0000000008000718                Reset_Handler
 .text.Default_Handler
                0x0000000008000768        0x2 ../../framework/libframework.a(startup_STM32L072xx.s.obj)
                0x0000000008000768                TSC_IRQHandler
                0x0000000008000768                ADC1_COMP_IRQHandler
                0x0000000008000768                SysTick_Handler
                0x0000000008000768                PVD_IRQHandler
                0x0000000008000768                PendSV_Handler
                0x0000000008000768                NMI_Handler
                0x0000000008000768                I2C1_IRQHandler
                0x0000000008000768                RCC_CRS_IRQHandler
                0x0000000008000768                SPI1_IRQHandler
                0x0000000008000768                TIM6_DAC_IRQHandler
                0x0000000008000768                I2C2_IRQHandler
                0x0000000008000768                RTC_IRQHandler
                0x0000000008000768                DMA1_Channel4_5_6_7_IRQHandler
                0x0000000008000768                TIM3_IRQHandler
                0x0000000008000768                DMA1_Channel1_IRQHandler
                0x0000000008000768                USART4_5_IRQHandler
                0x0000000008000768                Default_Handler
                0x0000000008000768                TIM22_IRQHandler
                0x0000000008000768                TIM7_IRQHandler
                0x0000000008000768                USB_IRQHandler
                0x0000000008000768                I2C3_IRQHandler
                0x0000000008000768                SPI2_IRQHandler
                0x0000000008000768                SVC_Handler
                0x0000000008000768                TIM21_IRQHandler
                0x0000000008000768                WWDG_IRQHandler
                0x0000000008000768                TIM2_IRQHandler
                0x0000000008000768                DMA1_Channel2_3_IRQHandler
                0x0000000008000768                FLASH_IRQHandler
 .text.HAL_InitTick
                0x000000000800076a        0x4 ../../framework/libframework.a(stm32l0xx_hal_msp.c.obj)
                0x000000000800076a                HAL_InitTick
 *fill*         0x000000000800076e        0x2 
 .text.HAL_MspInit
                0x0000000008000770       0x3c ../../framework/libframework.a(stm32l0xx_hal_msp.c.obj)
                0x0000000008000770                HAL_MspInit
 .text.SystemInit
                0x00000000080007ac       0x5c ../../framework/libframework.a(system_stm32l0xx.c.obj)
                0x00000000080007ac                SystemInit
 .text.HAL_Init
                0x0000000008000808       0x20 ../../framework/libframework.a(stm32l0xx_hal.c.obj)
                0x0000000008000808                HAL_Init
 .text.HAL_DBGMCU_EnableDBGSleepMode
                0x0000000008000828       0x10 ../../framework/libframework.a(stm32l0xx_hal.c.obj)
                0x0000000008000828                HAL_DBGMCU_EnableDBGSleepMode
 .text.HAL_NVIC_SetPriority
                0x0000000008000838       0x64 ../../framework/libframework.a(stm32l0xx_hal_cortex.c.obj)
                0x0000000008000838                HAL_NVIC_SetPriority
 .text.HAL_NVIC_EnableIRQ
                0x000000000800089c       0x14 ../../framework/libframework.a(stm32l0xx_hal_cortex.c.obj)
                0x000000000800089c                HAL_NVIC_EnableIRQ
 .text.HAL_NVIC_ClearPendingIRQ
                0x00000000080008b0       0x18 ../../framework/libframework.a(stm32l0xx_hal_cortex.c.obj)
                0x00000000080008b0                HAL_NVIC_ClearPendingIRQ
 .text.HAL_GPIO_Init
                0x00000000080008c8      0x19c ../../framework/libframework.a(stm32l0xx_hal_gpio.c.obj)
                0x00000000080008c8                HAL_GPIO_Init
 .text.HAL_GPIO_ReadPin
                0x0000000008000a64        0xe ../../framework/libframework.a(stm32l0xx_hal_gpio.c.obj)
                0x0000000008000a64                HAL_GPIO_ReadPin
 .text.HAL_GPIO_WritePin
                0x0000000008000a72        0xc ../../framework/libframework.a(stm32l0xx_hal_gpio.c.obj)
                0x0000000008000a72                HAL_GPIO_WritePin
 .text.HAL_GPIO_TogglePin
                0x0000000008000a7e        0x8 ../../framework/libframework.a(stm32l0xx_hal_gpio.c.obj)
                0x0000000008000a7e                HAL_GPIO_TogglePin
 *fill*         0x0000000008000a86        0x2 
 .text.HAL_PWR_DisablePVD
                0x0000000008000a88       0x10 ../../framework/libframework.a(stm32l0xx_hal_pwr.c.obj)
                0x0000000008000a88                HAL_PWR_DisablePVD
 .text.HAL_PWR_EnterSLEEPMode
                0x0000000008000a98       0x30 ../../framework/libframework.a(stm32l0xx_hal_pwr.c.obj)
                0x0000000008000a98                HAL_PWR_EnterSLEEPMode
 .text.HAL_PWR_EnterSTOPMode
                0x0000000008000ac8       0x3c ../../framework/libframework.a(stm32l0xx_hal_pwr.c.obj)
                0x0000000008000ac8                HAL_PWR_EnterSTOPMode
 .text.HAL_PWREx_EnableFastWakeUp
                0x0000000008000b04       0x14 ../../framework/libframework.a(stm32l0xx_hal_pwr_ex.c.obj)
                0x0000000008000b04                HAL_PWREx_EnableFastWakeUp
 .text.HAL_PWREx_EnableUltraLowPower
                0x0000000008000b18       0x14 ../../framework/libframework.a(stm32l0xx_hal_pwr_ex.c.obj)
                0x0000000008000b18                HAL_PWREx_EnableUltraLowPower
 .text.RCC_SetFlashLatencyFromMSIRange
                0x0000000008000b2c       0x80 ../../framework/libframework.a(stm32l0xx_hal_rcc.c.obj)
 .text.HAL_RCC_OscConfig
                0x0000000008000bac      0x580 ../../framework/libframework.a(stm32l0xx_hal_rcc.c.obj)
                0x0000000008000bac                HAL_RCC_OscConfig
 .text.HAL_RCC_GetSysClockFreq
                0x000000000800112c       0xb0 ../../framework/libframework.a(stm32l0xx_hal_rcc.c.obj)
                0x000000000800112c                HAL_RCC_GetSysClockFreq
 .text.HAL_RCC_ClockConfig
                0x00000000080011dc      0x1a0 ../../framework/libframework.a(stm32l0xx_hal_rcc.c.obj)
                0x00000000080011dc                HAL_RCC_ClockConfig
 .text.HAL_RCC_GetHCLKFreq
                0x000000000800137c        0xc ../../framework/libframework.a(stm32l0xx_hal_rcc.c.obj)
                0x000000000800137c                HAL_RCC_GetHCLKFreq
 .text.HAL_RCC_GetPCLK1Freq
                0x0000000008001388       0x20 ../../framework/libframework.a(stm32l0xx_hal_rcc.c.obj)
                0x0000000008001388                HAL_RCC_GetPCLK1Freq
 .text.HAL_RCC_GetPCLK2Freq
                0x00000000080013a8       0x20 ../../framework/libframework.a(stm32l0xx_hal_rcc.c.obj)
                0x00000000080013a8                HAL_RCC_GetPCLK2Freq
 .text.HAL_RCCEx_PeriphCLKConfig
                0x00000000080013c8      0x1e8 ../../framework/libframework.a(stm32l0xx_hal_rcc_ex.c.obj)
                0x00000000080013c8                HAL_RCCEx_PeriphCLKConfig
 .text.HAL_RCCEx_GetPeriphCLKFreq
                0x00000000080015b0      0x2b8 ../../framework/libframework.a(stm32l0xx_hal_rcc_ex.c.obj)
                0x00000000080015b0                HAL_RCCEx_GetPeriphCLKFreq
 .text.SPI_WaitOnFlagUntilTimeout
                0x0000000008001868       0xf0 ../../framework/libframework.a(stm32l0xx_hal_spi.c.obj)
 .text.HAL_SPI_MspInit
                0x0000000008001958        0x2 ../../framework/libframework.a(stm32l0xx_hal_spi.c.obj)
                0x0000000008001958                HAL_SPI_MspInit
 *fill*         0x000000000800195a        0x2 
 .text.HAL_SPI_Init
                0x000000000800195c       0x88 ../../framework/libframework.a(stm32l0xx_hal_spi.c.obj)
                0x000000000800195c                HAL_SPI_Init
 .text.HAL_SPI_MspDeInit
                0x00000000080019e4        0x2 ../../framework/libframework.a(stm32l0xx_hal_spi.c.obj)
                0x00000000080019e4                HAL_SPI_MspDeInit
 .text.HAL_SPI_DeInit
                0x00000000080019e6       0x2c ../../framework/libframework.a(stm32l0xx_hal_spi.c.obj)
                0x00000000080019e6                HAL_SPI_DeInit
 *fill*         0x0000000008001a12        0x2 
 .text.HAL_SPI_Transmit
                0x0000000008001a14      0x1e4 ../../framework/libframework.a(stm32l0xx_hal_spi.c.obj)
                0x0000000008001a14                HAL_SPI_Transmit
 .text.HAL_SPI_TransmitReceive
                0x0000000008001bf8      0x3ac ../../framework/libframework.a(stm32l0xx_hal_spi.c.obj)
                0x0000000008001bf8                HAL_SPI_TransmitReceive
 .text.HAL_SPI_Receive
                0x0000000008001fa4      0x260 ../../framework/libframework.a(stm32l0xx_hal_spi.c.obj)
                0x0000000008001fa4                HAL_SPI_Receive
 .text.HAL_LPTIM_MspInit
                0x0000000008002204        0x2 ../../framework/libframework.a(stm32l0xx_hal_lptim.c.obj)
                0x0000000008002204                HAL_LPTIM_MspInit
 *fill*         0x0000000008002206        0x2 
 .text.HAL_LPTIM_Init
                0x0000000008002208       0x8c ../../framework/libframework.a(stm32l0xx_hal_lptim.c.obj)
                0x0000000008002208                HAL_LPTIM_Init
 .text.HAL_UART_MspInit
                0x0000000008002294        0x2 ../../framework/libframework.a(stm32l0xx_hal_uart.c.obj)
                0x0000000008002294                HAL_UART_MspInit
 *fill*         0x0000000008002296        0x2 
 .text.UART_SetConfig
                0x0000000008002298      0x35c ../../framework/libframework.a(stm32l0xx_hal_uart.c.obj)
                0x0000000008002298                UART_SetConfig
 .text.UART_AdvFeatureConfig
                0x00000000080025f4       0xe0 ../../framework/libframework.a(stm32l0xx_hal_uart.c.obj)
                0x00000000080025f4                UART_AdvFeatureConfig
 .text.UART_WaitOnFlagUntilTimeout
                0x00000000080026d4       0x6c ../../framework/libframework.a(stm32l0xx_hal_uart.c.obj)
                0x00000000080026d4                UART_WaitOnFlagUntilTimeout
 .text.HAL_UART_Transmit
                0x0000000008002740       0xe2 ../../framework/libframework.a(stm32l0xx_hal_uart.c.obj)
                0x0000000008002740                HAL_UART_Transmit
 *fill*         0x0000000008002822        0x2 
 .text.UART_CheckIdleState
                0x0000000008002824       0x70 ../../framework/libframework.a(stm32l0xx_hal_uart.c.obj)
                0x0000000008002824                UART_CheckIdleState
 .text.HAL_UART_Init
                0x0000000008002894       0x70 ../../framework/libframework.a(stm32l0xx_hal_uart.c.obj)
                0x0000000008002894                HAL_UART_Init
 .text.start_atomic
                0x0000000008002904        0x4 ../../framework/libframework.a(stm32_common_atomic.c.obj)
                0x0000000008002904                start_atomic
 .text.end_atomic
                0x0000000008002908        0x4 ../../framework/libframework.a(stm32_common_atomic.c.obj)
                0x0000000008002908                end_atomic
 .text.gpio_int_callback
                0x000000000800290c       0x4c ../../framework/libframework.a(stm32_common_gpio.c.obj)
 .text.__gpio_init
                0x0000000008002958      0x138 ../../framework/libframework.a(stm32_common_gpio.c.obj)
                0x0000000008002958                __gpio_init
 .text.hw_gpio_configure_pin_stm
                0x0000000008002a90      0x10c ../../framework/libframework.a(stm32_common_gpio.c.obj)
                0x0000000008002a90                hw_gpio_configure_pin_stm
 .text.hw_gpio_configure_pin
                0x0000000008002b9c       0x48 ../../framework/libframework.a(stm32_common_gpio.c.obj)
                0x0000000008002b9c                hw_gpio_configure_pin
 .text.hw_gpio_set
                0x0000000008002be4       0x1c ../../framework/libframework.a(stm32_common_gpio.c.obj)
                0x0000000008002be4                hw_gpio_set
 .text.hw_gpio_clr
                0x0000000008002c00       0x1c ../../framework/libframework.a(stm32_common_gpio.c.obj)
                0x0000000008002c00                hw_gpio_clr
 .text.hw_gpio_toggle
                0x0000000008002c1c       0x1a ../../framework/libframework.a(stm32_common_gpio.c.obj)
                0x0000000008002c1c                hw_gpio_toggle
 .text.hw_gpio_get_in
                0x0000000008002c36       0x20 ../../framework/libframework.a(stm32_common_gpio.c.obj)
                0x0000000008002c36                hw_gpio_get_in
 *fill*         0x0000000008002c56        0x2 
 .text.hw_gpio_set_edge_interrupt
                0x0000000008002c58       0x64 ../../framework/libframework.a(stm32_common_gpio.c.obj)
                0x0000000008002c58                hw_gpio_set_edge_interrupt
 .text.hw_gpio_configure_interrupt
                0x0000000008002cbc      0x140 ../../framework/libframework.a(stm32_common_gpio.c.obj)
                0x0000000008002cbc                hw_gpio_configure_interrupt
 .text.hw_gpio_enable_interrupt
                0x0000000008002dfc       0x7c ../../framework/libframework.a(stm32_common_gpio.c.obj)
                0x0000000008002dfc                hw_gpio_enable_interrupt
 .text.hw_gpio_disable_interrupt
                0x0000000008002e78       0x18 ../../framework/libframework.a(stm32_common_gpio.c.obj)
                0x0000000008002e78                hw_gpio_disable_interrupt
 .text.EXTI_IRQHandler
                0x0000000008002e90       0x38 ../../framework/libframework.a(stm32_common_gpio.c.obj)
                0x0000000008002e90                EXTI_IRQHandler
 .text.init_clock
                0x0000000008002ec8      0x148 ../../framework/libframework.a(stm32_common_mcu.c.obj)
 .text.stm32_common_mcu_init
                0x0000000008003010       0x10 ../../framework/libframework.a(stm32_common_mcu.c.obj)
                0x0000000008003010                stm32_common_mcu_init
 .text.HAL_GetTick
                0x0000000008003020        0x8 ../../framework/libframework.a(stm32_common_mcu.c.obj)
                0x0000000008003020                HAL_GetTick
 .text.init_pins
                0x0000000008003028       0x5c ../../framework/libframework.a(stm32_common_spi.c.obj)
 .text.deinit_pins
                0x0000000008003084       0x4c ../../framework/libframework.a(stm32_common_spi.c.obj)
 .text.ensure_slaves_deselected
                0x00000000080030d0       0x32 ../../framework/libframework.a(stm32_common_spi.c.obj)
 *fill*         0x0000000008003102        0x2 
 .text.spi_enable
                0x0000000008003104       0x84 ../../framework/libframework.a(stm32_common_spi.c.obj)
                0x0000000008003104                spi_enable
 .text.spi_disable
                0x0000000008003188       0x78 ../../framework/libframework.a(stm32_common_spi.c.obj)
                0x0000000008003188                spi_disable
 .text.spi_init
                0x0000000008003200      0x204 ../../framework/libframework.a(stm32_common_spi.c.obj)
                0x0000000008003200                spi_init
 .text.spi_init_slave
                0x0000000008003404       0xb4 ../../framework/libframework.a(stm32_common_spi.c.obj)
                0x0000000008003404                spi_init_slave
 .text.spi_select
                0x00000000080034b8       0x24 ../../framework/libframework.a(stm32_common_spi.c.obj)
                0x00000000080034b8                spi_select
 .text.spi_deselect
                0x00000000080034dc       0x24 ../../framework/libframework.a(stm32_common_spi.c.obj)
                0x00000000080034dc                spi_deselect
 .text.spi_exchange_byte
                0x0000000008003500       0x26 ../../framework/libframework.a(stm32_common_spi.c.obj)
                0x0000000008003500                spi_exchange_byte
 *fill*         0x0000000008003526        0x2 
 .text.spi_exchange_bytes
                0x0000000008003528       0xcc ../../framework/libframework.a(stm32_common_spi.c.obj)
                0x0000000008003528                spi_exchange_bytes
 .text.gpio_config_save
                0x00000000080035f4       0x70 ../../framework/libframework.a(stm32_common_system.c.obj)
 .text.gpio_config_restore
                0x0000000008003664       0xf8 ../../framework/libframework.a(stm32_common_system.c.obj)
 .text.hw_system_save_reboot_reason
                0x000000000800375c       0x84 ../../framework/libframework.a(stm32_common_system.c.obj)
                0x000000000800375c                hw_system_save_reboot_reason
 .text.hw_enter_lowpower_mode
                0x00000000080037e0       0xc4 ../../framework/libframework.a(stm32_common_system.c.obj)
                0x00000000080037e0                hw_enter_lowpower_mode
 .text.hw_get_unique_id
                0x00000000080038a4       0x1c ../../framework/libframework.a(stm32_common_system.c.obj)
                0x00000000080038a4                hw_get_unique_id
 .text.hw_busy_wait
                0x00000000080038c0       0x24 ../../framework/libframework.a(stm32_common_system.c.obj)
                0x00000000080038c0                hw_busy_wait
 .text.__hardfault_handler
                0x00000000080038e4       0x28 ../../framework/libframework.a(stm32_common_system.c.obj)
                0x00000000080038e4                __hardfault_handler
 .text.HardFault_Handler
                0x000000000800390c       0x40 ../../framework/libframework.a(stm32_common_system.c.obj)
                0x000000000800390c                HardFault_Handler
 .text.hw_timer_init
                0x000000000800394c       0xec ../../framework/libframework.a(stm32_common_timer.c.obj)
                0x000000000800394c                hw_timer_init
 .text.hw_timer_get_info
                0x0000000008003a38       0x10 ../../framework/libframework.a(stm32_common_timer.c.obj)
                0x0000000008003a38                hw_timer_get_info
 .text.hw_timer_getvalue
                0x0000000008003a48       0x34 ../../framework/libframework.a(stm32_common_timer.c.obj)
                0x0000000008003a48                hw_timer_getvalue
 .text.hw_timer_schedule
                0x0000000008003a7c       0x5c ../../framework/libframework.a(stm32_common_timer.c.obj)
                0x0000000008003a7c                hw_timer_schedule
 .text.hw_timer_cancel
                0x0000000008003ad8       0x48 ../../framework/libframework.a(stm32_common_timer.c.obj)
                0x0000000008003ad8                hw_timer_cancel
 .text.hw_timer_is_overflow_pending
                0x0000000008003b20       0x2c ../../framework/libframework.a(stm32_common_timer.c.obj)
                0x0000000008003b20                hw_timer_is_overflow_pending
 .text.LPTIM1_IRQHandler
                0x0000000008003b4c       0x70 ../../framework/libframework.a(stm32_common_timer.c.obj)
                0x0000000008003b4c                LPTIM1_IRQHandler
 .text.uart_irq_handler
                0x0000000008003bbc       0x74 ../../framework/libframework.a(stm32_common_uart.c.obj)
 .text.uart_init
                0x0000000008003c30       0x48 ../../framework/libframework.a(stm32_common_uart.c.obj)
                0x0000000008003c30                uart_init
 .text.uart_enable
                0x0000000008003c78      0x12c ../../framework/libframework.a(stm32_common_uart.c.obj)
                0x0000000008003c78                uart_enable
 .text.uart_send_bytes
                0x0000000008003da4       0x10 ../../framework/libframework.a(stm32_common_uart.c.obj)
                0x0000000008003da4                uart_send_bytes
 .text.USART2_IRQHandler
                0x0000000008003db4       0x10 ../../framework/libframework.a(stm32_common_uart.c.obj)
                0x0000000008003db4                USART2_IRQHandler
 .text.USART1_IRQHandler
                0x0000000008003dc4       0x10 ../../framework/libframework.a(stm32_common_uart.c.obj)
                0x0000000008003dc4                USART1_IRQHandler
 .text.RNG_LPUART1_IRQHandler
                0x0000000008003dd4       0x10 ../../framework/libframework.a(stm32_common_uart.c.obj)
                0x0000000008003dd4                RNG_LPUART1_IRQHandler
 .text.is_lora_channel
                0x0000000008003de4       0x10 ../../framework/libframework.a(sx127x.c.obj)
 .text.read_fifo
                0x0000000008003df4       0x30 ../../framework/libframework.a(sx127x.c.obj)
 .text.write_reg
                0x0000000008003e24       0x30 ../../framework/libframework.a(sx127x.c.obj)
 .text.set_center_freq
                0x0000000008003e54       0x48 ../../framework/libframework.a(sx127x.c.obj)
 .text.configure_eirp
                0x0000000008003e9c       0x68 ../../framework/libframework.a(sx127x.c.obj)
 .text.configure_syncword
                0x0000000008003f04       0x6c ../../framework/libframework.a(sx127x.c.obj)
 .text.write_fifo
                0x0000000008003f70       0x30 ../../framework/libframework.a(sx127x.c.obj)
 .text.read_reg
                0x0000000008003fa0       0x30 ../../framework/libframework.a(sx127x.c.obj)
 .text.bg_scan_rx_done
                0x0000000008003fd0      0x110 ../../framework/libframework.a(sx127x.c.obj)
 .text.lora_rxdone_isr
                0x00000000080040e0      0x134 ../../framework/libframework.a(sx127x.c.obj)
 .text.get_opmode
                0x0000000008004214        0xe ../../framework/libframework.a(sx127x.c.obj)
 *fill*         0x0000000008004222        0x2 
 .text.calibrate_rx_chain
                0x0000000008004224       0x68 ../../framework/libframework.a(sx127x.c.obj)
 .text.assemble_background_payload
                0x000000000800428c       0x78 ../../framework/libframework.a(sx127x.c.obj)
 .text.fill_in_fifo
                0x0000000008004304      0x1c8 ../../framework/libframework.a(sx127x.c.obj)
 .text.fifo_level_isr
                0x00000000080044cc       0x44 ../../framework/libframework.a(sx127x.c.obj)
 .text.set_antenna_switch
                0x0000000008004510       0x54 ../../framework/libframework.a(sx127x.c.obj)
 .text.set_opmode
                0x0000000008004564       0x38 ../../framework/libframework.a(sx127x.c.obj)
 .text.restart_rx
                0x000000000800459c       0x4c ../../framework/libframework.a(sx127x.c.obj)
 .text.fifo_threshold_isr
                0x00000000080045e8      0x294 ../../framework/libframework.a(sx127x.c.obj)
 .text.dio1_isr
                0x000000000800487c       0x1c ../../framework/libframework.a(sx127x.c.obj)
 .text.packet_transmitted_isr
                0x0000000008004898       0x94 ../../framework/libframework.a(sx127x.c.obj)
 .text.dio0_isr
                0x000000000800492c       0x2c ../../framework/libframework.a(sx127x.c.obj)
 .text.set_lora_mode
                0x0000000008004958       0x64 ../../framework/libframework.a(sx127x.c.obj)
 .text.configure_channel
                0x00000000080049bc      0x198 ../../framework/libframework.a(sx127x.c.obj)
 .text.init_regs
                0x0000000008004b54       0xc4 ../../framework/libframework.a(sx127x.c.obj)
 .text.resume_from_sleep_mode
                0x0000000008004c18       0x30 ../../framework/libframework.a(sx127x.c.obj)
 .text.switch_to_sleep_mode
                0x0000000008004c48       0x44 ../../framework/libframework.a(sx127x.c.obj)
 .text.hw_radio_init
                0x0000000008004c8c      0x130 ../../framework/libframework.a(sx127x.c.obj)
                0x0000000008004c8c                hw_radio_init
 .text.start_hw_radio_continuous_tx
                0x0000000008004dbc       0x60 ../../framework/libframework.a(sx127x.c.obj)
                0x0000000008004dbc                start_hw_radio_continuous_tx
 .text.hw_radio_continuous_tx
                0x0000000008004e1c       0x64 ../../framework/libframework.a(sx127x.c.obj)
                0x0000000008004e1c                hw_radio_continuous_tx
 .text.flush_console_tx_fifo
                0x0000000008004e80       0x5c ../../framework/libframework.a(console.c.obj)
 .text.console_init
                0x0000000008004edc       0x54 ../../framework/libframework.a(console.c.obj)
                0x0000000008004edc                console_init
 .text.update_crc
                0x0000000008004f30       0x30 ../../framework/libframework.a(crc.c.obj)
 .text.crc_calculate
                0x0000000008004f60       0x2c ../../framework/libframework.a(crc.c.obj)
                0x0000000008004f60                crc_calculate
 .text.fec_decode
                0x0000000008004f8c      0x2dc ../../framework/libframework.a(fec.c.obj)
 .text.fec_calculated_decoded_length
                0x0000000008005268        0xe ../../framework/libframework.a(fec.c.obj)
                0x0000000008005268                fec_calculated_decoded_length
 *fill*         0x0000000008005276        0x2 
 .text.fec_encode
                0x0000000008005278      0x170 ../../framework/libframework.a(fec.c.obj)
                0x0000000008005278                fec_encode
 .text.fec_decode_packet
                0x00000000080053e8       0xac ../../framework/libframework.a(fec.c.obj)
                0x00000000080053e8                fec_decode_packet
 .text.skip     0x0000000008005494       0x1a ../../framework/libframework.a(fifo.c.obj)
 .text.fifo_init_filled
                0x00000000080054ae       0x12 ../../framework/libframework.a(fifo.c.obj)
                0x00000000080054ae                fifo_init_filled
 .text.fifo_init
                0x00000000080054c0        0xc ../../framework/libframework.a(fifo.c.obj)
                0x00000000080054c0                fifo_init
 .text.fifo_get_size
                0x00000000080054cc       0x1a ../../framework/libframework.a(fifo.c.obj)
                0x00000000080054cc                fifo_get_size
 *fill*         0x00000000080054e6        0x2 
 .text.check_len
                0x00000000080054e8       0x20 ../../framework/libframework.a(fifo.c.obj)
 .text.fifo_peek
                0x0000000008005508       0x7a ../../framework/libframework.a(fifo.c.obj)
                0x0000000008005508                fifo_peek
 .text.fifo_pop
                0x0000000008005582       0x20 ../../framework/libframework.a(fifo.c.obj)
                0x0000000008005582                fifo_pop
 *fill*         0x00000000080055a2        0x2 
 .text.log_counter_reset
                0x00000000080055a4        0xc ../../framework/libframework.a(log.c.obj)
                0x00000000080055a4                log_counter_reset
 .text.log_print_string
                0x00000000080055b0       0x34 ../../framework/libframework.a(log.c.obj)
                0x00000000080055b0                log_print_string
 .text.log_print_stack_string
                0x00000000080055e4       0x34 ../../framework/libframework.a(log.c.obj)
                0x00000000080055e4                log_print_stack_string
 .text.log_print_data
                0x0000000008005618       0x34 ../../framework/libframework.a(log.c.obj)
                0x0000000008005618                log_print_data
 .text.phy_radio_channel_ids_equal
                0x000000000800564c       0x1c ../../framework/libframework.a(phy.c.obj)
                0x000000000800564c                phy_radio_channel_ids_equal
 .text.pn9_next
                0x0000000008005668       0x22 ../../framework/libframework.a(pn9.c.obj)
                0x0000000008005668                pn9_next
 .text.pn9_generator
                0x000000000800568a       0x18 ../../framework/libframework.a(pn9.c.obj)
                0x000000000800568a                pn9_generator
 *fill*         0x00000000080056a2        0x2 
 .text.pn9_encode
                0x00000000080056a4       0x34 ../../framework/libframework.a(pn9.c.obj)
                0x00000000080056a4                pn9_encode
 .text.set_rng_seed
                0x00000000080056d8        0x8 ../../framework/libframework.a(random.c.obj)
                0x00000000080056d8                set_rng_seed
 .text.pop_task
                0x00000000080056e0       0x68 ../../framework/libframework.a(scheduler.c.obj)
 .text.scheduler_init
                0x0000000008005748       0x6c ../../framework/libframework.a(scheduler.c.obj)
                0x0000000008005748                scheduler_init
 .text.get_task_id
                0x00000000080057b4       0x80 ../../framework/libframework.a(scheduler.c.obj)
                0x00000000080057b4                get_task_id
 .text.sched_register_task
                0x0000000008005834       0x94 ../../framework/libframework.a(scheduler.c.obj)
                0x0000000008005834                sched_register_task
 .text.sched_post_task_prio
                0x00000000080058c8       0xc0 ../../framework/libframework.a(scheduler.c.obj)
                0x00000000080058c8                sched_post_task_prio
 .text.scheduler_run
                0x0000000008005988       0xa8 ../../framework/libframework.a(scheduler.c.obj)
                0x0000000008005988                scheduler_run
 .text._GetAvailWriteSpace
                0x0000000008005a30       0x18 ../../framework/libframework.a(SEGGER_RTT.c.obj)
 .text._WriteNoCheck
                0x0000000008005a48       0x50 ../../framework/libframework.a(SEGGER_RTT.c.obj)
 .text._WriteBlocking
                0x0000000008005a98       0x6c ../../framework/libframework.a(SEGGER_RTT.c.obj)
 .text._DoInit  0x0000000008005b04       0x5c ../../framework/libframework.a(SEGGER_RTT.c.obj)
 .text.SEGGER_RTT_WriteNoLock
                0x0000000008005b60       0x74 ../../framework/libframework.a(SEGGER_RTT.c.obj)
                0x0000000008005b60                SEGGER_RTT_WriteNoLock
 .text.SEGGER_RTT_Write
                0x0000000008005bd4       0x34 ../../framework/libframework.a(SEGGER_RTT.c.obj)
                0x0000000008005bd4                SEGGER_RTT_Write
 .text.timer_init
                0x0000000008005c08       0x74 ../../framework/libframework.a(timer.c.obj)
                0x0000000008005c08                timer_init
 .text.timer_get_counter_value
                0x0000000008005c7c       0x30 ../../framework/libframework.a(timer.c.obj)
                0x0000000008005c7c                timer_get_counter_value
 .text.get_next_event
                0x0000000008005cac       0x40 ../../framework/libframework.a(timer.c.obj)
 .text.configure_next_event
                0x0000000008005cec       0xe8 ../../framework/libframework.a(timer.c.obj)
 .text.timer_fired
                0x0000000008005dd4       0x78 ../../framework/libframework.a(timer.c.obj)
 .text.timer_overflow
                0x0000000008005e4c       0xc0 ../../framework/libframework.a(timer.c.obj)
 .text.timer_post_task_prio
                0x0000000008005f0c       0xc8 ../../framework/libframework.a(timer.c.obj)
                0x0000000008005f0c                timer_post_task_prio
 .text          0x0000000008005fd4      0x114 /home/liam/Documents/toolchain/gcc-arm-none-eabi-8-2018-q4-major/bin/../lib/gcc/arm-none-eabi/8.2.1/thumb/v6-m/nofp/libgcc.a(_udivsi3.o)
                0x0000000008005fd4                __udivsi3
                0x0000000008005fd4                __aeabi_uidiv
                0x00000000080060e0                __aeabi_uidivmod
 .text          0x00000000080060e8      0x1d4 /home/liam/Documents/toolchain/gcc-arm-none-eabi-8-2018-q4-major/bin/../lib/gcc/arm-none-eabi/8.2.1/thumb/v6-m/nofp/libgcc.a(_divsi3.o)
                0x00000000080060e8                __aeabi_idiv
                0x00000000080060e8                __divsi3
                0x00000000080062b4                __aeabi_idivmod
 .text          0x00000000080062bc        0x4 /home/liam/Documents/toolchain/gcc-arm-none-eabi-8-2018-q4-major/bin/../lib/gcc/arm-none-eabi/8.2.1/thumb/v6-m/nofp/libgcc.a(_dvmd_tls.o)
                0x00000000080062bc                __aeabi_ldiv0
                0x00000000080062bc                __aeabi_idiv0
 .text          0x00000000080062c0       0x7c /home/liam/Documents/toolchain/gcc-arm-none-eabi-8-2018-q4-major/bin/../lib/gcc/arm-none-eabi/8.2.1/thumb/v6-m/nofp/libgcc.a(_arm_cmpdf2.o)
                0x00000000080062c0                __aeabi_cdrcmple
                0x00000000080062d0                __aeabi_cdcmple
                0x00000000080062d0                __aeabi_cdcmpeq
                0x00000000080062e0                __aeabi_dcmpeq
                0x00000000080062ec                __aeabi_dcmplt
                0x0000000008006300                __aeabi_dcmple
                0x0000000008006314                __aeabi_dcmpgt
                0x0000000008006328                __aeabi_dcmpge
 .text          0x000000000800633c       0x40 /home/liam/Documents/toolchain/gcc-arm-none-eabi-8-2018-q4-major/bin/../lib/gcc/arm-none-eabi/8.2.1/thumb/v6-m/nofp/libgcc.a(_aeabi_uldivmod.o)
                0x000000000800633c                __aeabi_uldivmod
 .text          0x000000000800637c       0x30 /home/liam/Documents/toolchain/gcc-arm-none-eabi-8-2018-q4-major/bin/../lib/gcc/arm-none-eabi/8.2.1/thumb/v6-m/nofp/libgcc.a(_fixunssfsi.o)
                0x000000000800637c                __aeabi_f2uiz
                0x000000000800637c                __fixunssfsi
 .text          0x00000000080063ac       0x3c /home/liam/Documents/toolchain/gcc-arm-none-eabi-8-2018-q4-major/bin/../lib/gcc/arm-none-eabi/8.2.1/thumb/v6-m/nofp/libgcc.a(_fixunsdfsi.o)
                0x00000000080063ac                __fixunsdfsi
                0x00000000080063ac                __aeabi_d2uiz
 .text          0x00000000080063e8      0x1a4 /home/liam/Documents/toolchain/gcc-arm-none-eabi-8-2018-q4-major/bin/../lib/gcc/arm-none-eabi/8.2.1/thumb/v6-m/nofp/libgcc.a(_udivmoddi4.o)
                0x00000000080063e8                __udivmoddi4
 .text          0x000000000800658c      0x230 /home/liam/Documents/toolchain/gcc-arm-none-eabi-8-2018-q4-major/bin/../lib/gcc/arm-none-eabi/8.2.1/thumb/v6-m/nofp/libgcc.a(divsf3.o)
                0x000000000800658c                __aeabi_fdiv
 .text          0x00000000080067bc      0x22c /home/liam/Documents/toolchain/gcc-arm-none-eabi-8-2018-q4-major/bin/../lib/gcc/arm-none-eabi/8.2.1/thumb/v6-m/nofp/libgcc.a(mulsf3.o)
                0x00000000080067bc                __aeabi_fmul
 .text          0x00000000080069e8      0x34c /home/liam/Documents/toolchain/gcc-arm-none-eabi-8-2018-q4-major/bin/../lib/gcc/arm-none-eabi/8.2.1/thumb/v6-m/nofp/libgcc.a(subsf3.o)
                0x00000000080069e8                __aeabi_fsub
 .text          0x0000000008006d34       0x40 /home/liam/Documents/toolchain/gcc-arm-none-eabi-8-2018-q4-major/bin/../lib/gcc/arm-none-eabi/8.2.1/thumb/v6-m/nofp/libgcc.a(fixsfsi.o)
                0x0000000008006d34                __aeabi_f2iz
 .text          0x0000000008006d74       0x94 /home/liam/Documents/toolchain/gcc-arm-none-eabi-8-2018-q4-major/bin/../lib/gcc/arm-none-eabi/8.2.1/thumb/v6-m/nofp/libgcc.a(floatsisf.o)
                0x0000000008006d74                __aeabi_i2f
 .text          0x0000000008006e08       0x80 /home/liam/Documents/toolchain/gcc-arm-none-eabi-8-2018-q4-major/bin/../lib/gcc/arm-none-eabi/8.2.1/thumb/v6-m/nofp/libgcc.a(floatunsisf.o)
                0x0000000008006e08                __aeabi_ui2f
 .text          0x0000000008006e88      0x6ec /home/liam/Documents/toolchain/gcc-arm-none-eabi-8-2018-q4-major/bin/../lib/gcc/arm-none-eabi/8.2.1/thumb/v6-m/nofp/libgcc.a(adddf3.o)
                0x0000000008006e88                __aeabi_dadd
 .text          0x0000000008007574      0x5ec /home/liam/Documents/toolchain/gcc-arm-none-eabi-8-2018-q4-major/bin/../lib/gcc/arm-none-eabi/8.2.1/thumb/v6-m/nofp/libgcc.a(divdf3.o)
                0x0000000008007574                __aeabi_ddiv
 .text          0x0000000008007b60       0x80 /home/liam/Documents/toolchain/gcc-arm-none-eabi-8-2018-q4-major/bin/../lib/gcc/arm-none-eabi/8.2.1/thumb/v6-m/nofp/libgcc.a(eqdf2.o)
                0x0000000008007b60                __eqdf2
                0x0000000008007b60                __nedf2
 .text          0x0000000008007be0       0xc8 /home/liam/Documents/toolchain/gcc-arm-none-eabi-8-2018-q4-major/bin/../lib/gcc/arm-none-eabi/8.2.1/thumb/v6-m/nofp/libgcc.a(gedf2.o)
                0x0000000008007be0                __gtdf2
                0x0000000008007be0                __gedf2
 .text          0x0000000008007ca8       0xc8 /home/liam/Documents/toolchain/gcc-arm-none-eabi-8-2018-q4-major/bin/../lib/gcc/arm-none-eabi/8.2.1/thumb/v6-m/nofp/libgcc.a(ledf2.o)
                0x0000000008007ca8                __ltdf2
                0x0000000008007ca8                __ledf2
 .text          0x0000000008007d70      0x730 /home/liam/Documents/toolchain/gcc-arm-none-eabi-8-2018-q4-major/bin/../lib/gcc/arm-none-eabi/8.2.1/thumb/v6-m/nofp/libgcc.a(subdf3.o)
                0x0000000008007d70                __aeabi_dsub
 .text          0x00000000080084a0       0x6c /home/liam/Documents/toolchain/gcc-arm-none-eabi-8-2018-q4-major/bin/../lib/gcc/arm-none-eabi/8.2.1/thumb/v6-m/nofp/libgcc.a(fixdfsi.o)
                0x00000000080084a0                __aeabi_d2iz
 .text          0x000000000800850c       0x78 /home/liam/Documents/toolchain/gcc-arm-none-eabi-8-2018-q4-major/bin/../lib/gcc/arm-none-eabi/8.2.1/thumb/v6-m/nofp/libgcc.a(floatsidf.o)
                0x000000000800850c                __aeabi_i2d
 .text          0x0000000008008584       0x64 /home/liam/Documents/toolchain/gcc-arm-none-eabi-8-2018-q4-major/bin/../lib/gcc/arm-none-eabi/8.2.1/thumb/v6-m/nofp/libgcc.a(floatunsidf.o)
                0x0000000008008584                __aeabi_ui2d
 .text          0x00000000080085e8       0x74 /home/liam/Documents/toolchain/gcc-arm-none-eabi-8-2018-q4-major/bin/../lib/gcc/arm-none-eabi/8.2.1/thumb/v6-m/nofp/libgcc.a(_arm_cmpsf2.o)
                0x00000000080085e8                __aeabi_cfrcmple
                0x00000000080085f0                __aeabi_cfcmple
                0x00000000080085f0                __aeabi_cfcmpeq
                0x0000000008008600                __aeabi_fcmpeq
                0x000000000800860c                __aeabi_fcmplt
                0x0000000008008620                __aeabi_fcmple
                0x0000000008008634                __aeabi_fcmpgt
                0x0000000008008648                __aeabi_fcmpge
 .text          0x000000000800865c       0x3c /home/liam/Documents/toolchain/gcc-arm-none-eabi-8-2018-q4-major/bin/../lib/gcc/arm-none-eabi/8.2.1/thumb/v6-m/nofp/libgcc.a(_clzsi2.o)
                0x000000000800865c                __clzsi2
 .text          0x0000000008008698       0x18 /home/liam/Documents/toolchain/gcc-arm-none-eabi-8-2018-q4-major/bin/../lib/gcc/arm-none-eabi/8.2.1/thumb/v6-m/nofp/libgcc.a(_clzdi2.o)
                0x0000000008008698                __clzdi2
 .text          0x00000000080086b0       0x50 /home/liam/Documents/toolchain/gcc-arm-none-eabi-8-2018-q4-major/bin/../lib/gcc/arm-none-eabi/8.2.1/thumb/v6-m/nofp/libgcc.a(eqsf2.o)
                0x00000000080086b0                __nesf2
                0x00000000080086b0                __eqsf2
 .text          0x0000000008008700       0x9c /home/liam/Documents/toolchain/gcc-arm-none-eabi-8-2018-q4-major/bin/../lib/gcc/arm-none-eabi/8.2.1/thumb/v6-m/nofp/libgcc.a(gesf2.o)
                0x0000000008008700                __gtsf2
                0x0000000008008700                __gesf2
 .text          0x000000000800879c       0x9c /home/liam/Documents/toolchain/gcc-arm-none-eabi-8-2018-q4-major/bin/../lib/gcc/arm-none-eabi/8.2.1/thumb/v6-m/nofp/libgcc.a(lesf2.o)
                0x000000000800879c                __lesf2
                0x000000000800879c                __ltsf2
 .text.__sflush_r
                0x0000000008008838      0x114 /home/liam/Documents/toolchain/gcc-arm-none-eabi-8-2018-q4-major/bin/../lib/gcc/arm-none-eabi/8.2.1/../../../../arm-none-eabi/lib/thumb/v6-m/nofp/libg_nano.a(lib_a-fflush.o)
                0x0000000008008838                __sflush_r
 .text._fflush_r
                0x000000000800894c       0x80 /home/liam/Documents/toolchain/gcc-arm-none-eabi-8-2018-q4-major/bin/../lib/gcc/arm-none-eabi/8.2.1/../../../../arm-none-eabi/lib/thumb/v6-m/nofp/libg_nano.a(lib_a-fflush.o)
                0x000000000800894c                _fflush_r
 .text.std      0x00000000080089cc       0x48 /home/liam/Documents/toolchain/gcc-arm-none-eabi-8-2018-q4-major/bin/../lib/gcc/arm-none-eabi/8.2.1/../../../../arm-none-eabi/lib/thumb/v6-m/nofp/libg_nano.a(lib_a-findfp.o)
 .text._cleanup_r
                0x0000000008008a14       0x10 /home/liam/Documents/toolchain/gcc-arm-none-eabi-8-2018-q4-major/bin/../lib/gcc/arm-none-eabi/8.2.1/../../../../arm-none-eabi/lib/thumb/v6-m/nofp/libg_nano.a(lib_a-findfp.o)
                0x0000000008008a14                _cleanup_r
 .text.__sfmoreglue
                0x0000000008008a24       0x2c /home/liam/Documents/toolchain/gcc-arm-none-eabi-8-2018-q4-major/bin/../lib/gcc/arm-none-eabi/8.2.1/../../../../arm-none-eabi/lib/thumb/v6-m/nofp/libg_nano.a(lib_a-findfp.o)
                0x0000000008008a24                __sfmoreglue
 .text.__sfp_lock_acquire
                0x0000000008008a50       0x10 /home/liam/Documents/toolchain/gcc-arm-none-eabi-8-2018-q4-major/bin/../lib/gcc/arm-none-eabi/8.2.1/../../../../arm-none-eabi/lib/thumb/v6-m/nofp/libg_nano.a(lib_a-findfp.o)
                0x0000000008008a50                __sfp_lock_acquire
 .text.__sfp_lock_release
                0x0000000008008a60       0x10 /home/liam/Documents/toolchain/gcc-arm-none-eabi-8-2018-q4-major/bin/../lib/gcc/arm-none-eabi/8.2.1/../../../../arm-none-eabi/lib/thumb/v6-m/nofp/libg_nano.a(lib_a-findfp.o)
                0x0000000008008a60                __sfp_lock_release
 .text.__sinit_lock_acquire
                0x0000000008008a70       0x10 /home/liam/Documents/toolchain/gcc-arm-none-eabi-8-2018-q4-major/bin/../lib/gcc/arm-none-eabi/8.2.1/../../../../arm-none-eabi/lib/thumb/v6-m/nofp/libg_nano.a(lib_a-findfp.o)
                0x0000000008008a70                __sinit_lock_acquire
 .text.__sinit_lock_release
                0x0000000008008a80       0x10 /home/liam/Documents/toolchain/gcc-arm-none-eabi-8-2018-q4-major/bin/../lib/gcc/arm-none-eabi/8.2.1/../../../../arm-none-eabi/lib/thumb/v6-m/nofp/libg_nano.a(lib_a-findfp.o)
                0x0000000008008a80                __sinit_lock_release
 .text.__sinit  0x0000000008008a90       0x70 /home/liam/Documents/toolchain/gcc-arm-none-eabi-8-2018-q4-major/bin/../lib/gcc/arm-none-eabi/8.2.1/../../../../arm-none-eabi/lib/thumb/v6-m/nofp/libg_nano.a(lib_a-findfp.o)
                0x0000000008008a90                __sinit
 .text.__sfp    0x0000000008008b00       0x90 /home/liam/Documents/toolchain/gcc-arm-none-eabi-8-2018-q4-major/bin/../lib/gcc/arm-none-eabi/8.2.1/../../../../arm-none-eabi/lib/thumb/v6-m/nofp/libg_nano.a(lib_a-findfp.o)
                0x0000000008008b00                __sfp
 .text._fwalk_reent
                0x0000000008008b90       0x42 /home/liam/Documents/toolchain/gcc-arm-none-eabi-8-2018-q4-major/bin/../lib/gcc/arm-none-eabi/8.2.1/../../../../arm-none-eabi/lib/thumb/v6-m/nofp/libg_nano.a(lib_a-fwalk.o)
                0x0000000008008b90                _fwalk_reent
 *fill*         0x0000000008008bd2        0x2 
 .text.__libc_init_array
                0x0000000008008bd4       0x48 /home/liam/Documents/toolchain/gcc-arm-none-eabi-8-2018-q4-major/bin/../lib/gcc/arm-none-eabi/8.2.1/../../../../arm-none-eabi/lib/thumb/v6-m/nofp/libg_nano.a(lib_a-init.o)
                0x0000000008008bd4                __libc_init_array
 .text.__retarget_lock_init_recursive
                0x0000000008008c1c        0x2 /home/liam/Documents/toolchain/gcc-arm-none-eabi-8-2018-q4-major/bin/../lib/gcc/arm-none-eabi/8.2.1/../../../../arm-none-eabi/lib/thumb/v6-m/nofp/libg_nano.a(lib_a-lock.o)
                0x0000000008008c1c                __retarget_lock_init_recursive
 .text.__retarget_lock_acquire_recursive
                0x0000000008008c1e        0x2 /home/liam/Documents/toolchain/gcc-arm-none-eabi-8-2018-q4-major/bin/../lib/gcc/arm-none-eabi/8.2.1/../../../../arm-none-eabi/lib/thumb/v6-m/nofp/libg_nano.a(lib_a-lock.o)
                0x0000000008008c1e                __retarget_lock_acquire_recursive
 .text.__retarget_lock_release_recursive
                0x0000000008008c20        0x2 /home/liam/Documents/toolchain/gcc-arm-none-eabi-8-2018-q4-major/bin/../lib/gcc/arm-none-eabi/8.2.1/../../../../arm-none-eabi/lib/thumb/v6-m/nofp/libg_nano.a(lib_a-lock.o)
                0x0000000008008c20                __retarget_lock_release_recursive
 .text.memcpy   0x0000000008008c22       0x12 /home/liam/Documents/toolchain/gcc-arm-none-eabi-8-2018-q4-major/bin/../lib/gcc/arm-none-eabi/8.2.1/../../../../arm-none-eabi/lib/thumb/v6-m/nofp/libg_nano.a(lib_a-memcpy-stub.o)
                0x0000000008008c22                memcpy
 .text.memset   0x0000000008008c34       0x10 /home/liam/Documents/toolchain/gcc-arm-none-eabi-8-2018-q4-major/bin/../lib/gcc/arm-none-eabi/8.2.1/../../../../arm-none-eabi/lib/thumb/v6-m/nofp/libg_nano.a(lib_a-memset.o)
                0x0000000008008c34                memset
 .text._free_r  0x0000000008008c44       0x94 /home/liam/Documents/toolchain/gcc-arm-none-eabi-8-2018-q4-major/bin/../lib/gcc/arm-none-eabi/8.2.1/../../../../arm-none-eabi/lib/thumb/v6-m/nofp/libg_nano.a(lib_a-nano-freer.o)
                0x0000000008008c44                _free_r
 .text._malloc_r
                0x0000000008008cd8       0xbc /home/liam/Documents/toolchain/gcc-arm-none-eabi-8-2018-q4-major/bin/../lib/gcc/arm-none-eabi/8.2.1/../../../../arm-none-eabi/lib/thumb/v6-m/nofp/libg_nano.a(lib_a-nano-mallocr.o)
                0x0000000008008cd8                _malloc_r
 .text.printf   0x0000000008008d94       0x34 /home/liam/Documents/toolchain/gcc-arm-none-eabi-8-2018-q4-major/bin/../lib/gcc/arm-none-eabi/8.2.1/../../../../arm-none-eabi/lib/thumb/v6-m/nofp/libg_nano.a(lib_a-printf.o)
                0x0000000008008d94                printf
                0x0000000008008d94                iprintf
 .text.srand    0x0000000008008dc8       0x48 /home/liam/Documents/toolchain/gcc-arm-none-eabi-8-2018-q4-major/bin/../lib/gcc/arm-none-eabi/8.2.1/../../../../arm-none-eabi/lib/thumb/v6-m/nofp/libg_nano.a(lib_a-rand.o)
                0x0000000008008dc8                srand
 .text.realloc  0x0000000008008e10       0x14 /home/liam/Documents/toolchain/gcc-arm-none-eabi-8-2018-q4-major/bin/../lib/gcc/arm-none-eabi/8.2.1/../../../../arm-none-eabi/lib/thumb/v6-m/nofp/libg_nano.a(lib_a-realloc.o)
                0x0000000008008e10                realloc
 .text._sbrk_r  0x0000000008008e24       0x24 /home/liam/Documents/toolchain/gcc-arm-none-eabi-8-2018-q4-major/bin/../lib/gcc/arm-none-eabi/8.2.1/../../../../arm-none-eabi/lib/thumb/v6-m/nofp/libg_nano.a(lib_a-sbrkr.o)
                0x0000000008008e24                _sbrk_r
 .text.__sread  0x0000000008008e48       0x28 /home/liam/Documents/toolchain/gcc-arm-none-eabi-8-2018-q4-major/bin/../lib/gcc/arm-none-eabi/8.2.1/../../../../arm-none-eabi/lib/thumb/v6-m/nofp/libg_nano.a(lib_a-stdio.o)
                0x0000000008008e48                __sread
 .text.__swrite
                0x0000000008008e70       0x38 /home/liam/Documents/toolchain/gcc-arm-none-eabi-8-2018-q4-major/bin/../lib/gcc/arm-none-eabi/8.2.1/../../../../arm-none-eabi/lib/thumb/v6-m/nofp/libg_nano.a(lib_a-stdio.o)
                0x0000000008008e70                __swrite
 .text.__sseek  0x0000000008008ea8       0x2c /home/liam/Documents/toolchain/gcc-arm-none-eabi-8-2018-q4-major/bin/../lib/gcc/arm-none-eabi/8.2.1/../../../../arm-none-eabi/lib/thumb/v6-m/nofp/libg_nano.a(lib_a-stdio.o)
                0x0000000008008ea8                __sseek
 .text.__sclose
                0x0000000008008ed4        0xc /home/liam/Documents/toolchain/gcc-arm-none-eabi-8-2018-q4-major/bin/../lib/gcc/arm-none-eabi/8.2.1/../../../../arm-none-eabi/lib/thumb/v6-m/nofp/libg_nano.a(lib_a-stdio.o)
                0x0000000008008ed4                __sclose
 .text.strcpy   0x0000000008008ee0       0x10 /home/liam/Documents/toolchain/gcc-arm-none-eabi-8-2018-q4-major/bin/../lib/gcc/arm-none-eabi/8.2.1/../../../../arm-none-eabi/lib/thumb/v6-m/nofp/libg_nano.a(lib_a-strcpy.o)
                0x0000000008008ee0                strcpy
 .text.vprintf  0x0000000008008ef0       0x2c /home/liam/Documents/toolchain/gcc-arm-none-eabi-8-2018-q4-major/bin/../lib/gcc/arm-none-eabi/8.2.1/../../../../arm-none-eabi/lib/thumb/v6-m/nofp/libg_nano.a(lib_a-vprintf.o)
                0x0000000008008ef0                vprintf
                0x0000000008008ef0                viprintf
 .text._write_r
                0x0000000008008f1c       0x28 /home/liam/Documents/toolchain/gcc-arm-none-eabi-8-2018-q4-major/bin/../lib/gcc/arm-none-eabi/8.2.1/../../../../arm-none-eabi/lib/thumb/v6-m/nofp/libg_nano.a(lib_a-writer.o)
                0x0000000008008f1c                _write_r
 .text._close_r
                0x0000000008008f44       0x24 /home/liam/Documents/toolchain/gcc-arm-none-eabi-8-2018-q4-major/bin/../lib/gcc/arm-none-eabi/8.2.1/../../../../arm-none-eabi/lib/thumb/v6-m/nofp/libg_nano.a(lib_a-closer.o)
                0x0000000008008f44                _close_r
 .text._lseek_r
                0x0000000008008f68       0x28 /home/liam/Documents/toolchain/gcc-arm-none-eabi-8-2018-q4-major/bin/../lib/gcc/arm-none-eabi/8.2.1/../../../../arm-none-eabi/lib/thumb/v6-m/nofp/libg_nano.a(lib_a-lseekr.o)
                0x0000000008008f68                _lseek_r
 .text.malloc   0x0000000008008f90       0x14 /home/liam/Documents/toolchain/gcc-arm-none-eabi-8-2018-q4-major/bin/../lib/gcc/arm-none-eabi/8.2.1/../../../../arm-none-eabi/lib/thumb/v6-m/nofp/libg_nano.a(lib_a-malloc.o)
                0x0000000008008f90                malloc
 .text.__malloc_lock
                0x0000000008008fa4       0x10 /home/liam/Documents/toolchain/gcc-arm-none-eabi-8-2018-q4-major/bin/../lib/gcc/arm-none-eabi/8.2.1/../../../../arm-none-eabi/lib/thumb/v6-m/nofp/libg_nano.a(lib_a-mlock.o)
                0x0000000008008fa4                __malloc_lock
 .text.__malloc_unlock
                0x0000000008008fb4       0x10 /home/liam/Documents/toolchain/gcc-arm-none-eabi-8-2018-q4-major/bin/../lib/gcc/arm-none-eabi/8.2.1/../../../../arm-none-eabi/lib/thumb/v6-m/nofp/libg_nano.a(lib_a-mlock.o)
                0x0000000008008fb4                __malloc_unlock
 .text._realloc_r
                0x0000000008008fc4       0x4c /home/liam/Documents/toolchain/gcc-arm-none-eabi-8-2018-q4-major/bin/../lib/gcc/arm-none-eabi/8.2.1/../../../../arm-none-eabi/lib/thumb/v6-m/nofp/libg_nano.a(lib_a-nano-reallocr.o)
                0x0000000008008fc4                _realloc_r
 .text.__sfputc_r
                0x0000000008009010       0x2a /home/liam/Documents/toolchain/gcc-arm-none-eabi-8-2018-q4-major/bin/../lib/gcc/arm-none-eabi/8.2.1/../../../../arm-none-eabi/lib/thumb/v6-m/nofp/libg_nano.a(lib_a-nano-vfprintf.o)
 .text.__sfputs_r
                0x000000000800903a       0x24 /home/liam/Documents/toolchain/gcc-arm-none-eabi-8-2018-q4-major/bin/../lib/gcc/arm-none-eabi/8.2.1/../../../../arm-none-eabi/lib/thumb/v6-m/nofp/libg_nano.a(lib_a-nano-vfprintf.o)
                0x000000000800903a                __sfputs_r
 *fill*         0x000000000800905e        0x2 
 .text._vfprintf_r
                0x0000000008009060      0x26c /home/liam/Documents/toolchain/gcc-arm-none-eabi-8-2018-q4-major/bin/../lib/gcc/arm-none-eabi/8.2.1/../../../../arm-none-eabi/lib/thumb/v6-m/nofp/libg_nano.a(lib_a-nano-vfprintf.o)
                0x0000000008009060                _vfiprintf_r
                0x0000000008009060                _vfprintf_r
 .text._printf_common
                0x00000000080092cc       0xda /home/liam/Documents/toolchain/gcc-arm-none-eabi-8-2018-q4-major/bin/../lib/gcc/arm-none-eabi/8.2.1/../../../../arm-none-eabi/lib/thumb/v6-m/nofp/libg_nano.a(lib_a-nano-vfprintf_i.o)
                0x00000000080092cc                _printf_common
 *fill*         0x00000000080093a6        0x2 
 .text._printf_i
                0x00000000080093a8      0x214 /home/liam/Documents/toolchain/gcc-arm-none-eabi-8-2018-q4-major/bin/../lib/gcc/arm-none-eabi/8.2.1/../../../../arm-none-eabi/lib/thumb/v6-m/nofp/libg_nano.a(lib_a-nano-vfprintf_i.o)
                0x00000000080093a8                _printf_i
 .text._read_r  0x00000000080095bc       0x28 /home/liam/Documents/toolchain/gcc-arm-none-eabi-8-2018-q4-major/bin/../lib/gcc/arm-none-eabi/8.2.1/../../../../arm-none-eabi/lib/thumb/v6-m/nofp/libg_nano.a(lib_a-readr.o)
                0x00000000080095bc                _read_r
 .text.__swbuf_r
                0x00000000080095e4       0xac /home/liam/Documents/toolchain/gcc-arm-none-eabi-8-2018-q4-major/bin/../lib/gcc/arm-none-eabi/8.2.1/../../../../arm-none-eabi/lib/thumb/v6-m/nofp/libg_nano.a(lib_a-wbuf.o)
                0x00000000080095e4                __swbuf_r
 .text.__swsetup_r
                0x0000000008009690       0xec /home/liam/Documents/toolchain/gcc-arm-none-eabi-8-2018-q4-major/bin/../lib/gcc/arm-none-eabi/8.2.1/../../../../arm-none-eabi/lib/thumb/v6-m/nofp/libg_nano.a(lib_a-wsetup.o)
                0x0000000008009690                __swsetup_r
 .text.__swhatbuf_r
                0x000000000800977c       0x50 /home/liam/Documents/toolchain/gcc-arm-none-eabi-8-2018-q4-major/bin/../lib/gcc/arm-none-eabi/8.2.1/../../../../arm-none-eabi/lib/thumb/v6-m/nofp/libg_nano.a(lib_a-makebuf.o)
                0x000000000800977c                __swhatbuf_r
 .text.__smakebuf_r
                0x00000000080097cc       0x88 /home/liam/Documents/toolchain/gcc-arm-none-eabi-8-2018-q4-major/bin/../lib/gcc/arm-none-eabi/8.2.1/../../../../arm-none-eabi/lib/thumb/v6-m/nofp/libg_nano.a(lib_a-makebuf.o)
                0x00000000080097cc                __smakebuf_r
 .text.memchr   0x0000000008009854       0x16 /home/liam/Documents/toolchain/gcc-arm-none-eabi-8-2018-q4-major/bin/../lib/gcc/arm-none-eabi/8.2.1/../../../../arm-none-eabi/lib/thumb/v6-m/nofp/libg_nano.a(lib_a-memchr-stub.o)
                0x0000000008009854                memchr
 .text._malloc_usable_size_r
                0x000000000800986a       0x10 /home/liam/Documents/toolchain/gcc-arm-none-eabi-8-2018-q4-major/bin/../lib/gcc/arm-none-eabi/8.2.1/../../../../arm-none-eabi/lib/thumb/v6-m/nofp/libg_nano.a(lib_a-nano-msizer.o)
                0x000000000800986a                _malloc_usable_size_r
 *fill*         0x000000000800987a        0x2 
 .text._fstat_r
                0x000000000800987c       0x24 /home/liam/Documents/toolchain/gcc-arm-none-eabi-8-2018-q4-major/bin/../lib/gcc/arm-none-eabi/8.2.1/../../../../arm-none-eabi/lib/thumb/v6-m/nofp/libg_nano.a(lib_a-fstatr.o)
                0x000000000800987c                _fstat_r
 .text._isatty_r
                0x00000000080098a0       0x24 /home/liam/Documents/toolchain/gcc-arm-none-eabi-8-2018-q4-major/bin/../lib/gcc/arm-none-eabi/8.2.1/../../../../arm-none-eabi/lib/thumb/v6-m/nofp/libg_nano.a(lib_a-isattyr.o)
                0x00000000080098a0                _isatty_r
 .text._close   0x00000000080098c4       0x10 /home/liam/Documents/toolchain/gcc-arm-none-eabi-8-2018-q4-major/bin/../lib/gcc/arm-none-eabi/8.2.1/../../../../arm-none-eabi/lib/thumb/v6-m/nofp/libnosys.a(close.o)
                0x00000000080098c4                _close
 .text._fstat   0x00000000080098d4       0x10 /home/liam/Documents/toolchain/gcc-arm-none-eabi-8-2018-q4-major/bin/../lib/gcc/arm-none-eabi/8.2.1/../../../../arm-none-eabi/lib/thumb/v6-m/nofp/libnosys.a(fstat.o)
                0x00000000080098d4                _fstat
 .text._isatty  0x00000000080098e4       0x10 /home/liam/Documents/toolchain/gcc-arm-none-eabi-8-2018-q4-major/bin/../lib/gcc/arm-none-eabi/8.2.1/../../../../arm-none-eabi/lib/thumb/v6-m/nofp/libnosys.a(isatty.o)
                0x00000000080098e4                _isatty
 .text._lseek   0x00000000080098f4       0x10 /home/liam/Documents/toolchain/gcc-arm-none-eabi-8-2018-q4-major/bin/../lib/gcc/arm-none-eabi/8.2.1/../../../../arm-none-eabi/lib/thumb/v6-m/nofp/libnosys.a(lseek.o)
                0x00000000080098f4                _lseek
 .text._read    0x0000000008009904       0x10 /home/liam/Documents/toolchain/gcc-arm-none-eabi-8-2018-q4-major/bin/../lib/gcc/arm-none-eabi/8.2.1/../../../../arm-none-eabi/lib/thumb/v6-m/nofp/libnosys.a(read.o)
                0x0000000008009904                _read
 .text._sbrk    0x0000000008009914       0x1c /home/liam/Documents/toolchain/gcc-arm-none-eabi-8-2018-q4-major/bin/../lib/gcc/arm-none-eabi/8.2.1/../../../../arm-none-eabi/lib/thumb/v6-m/nofp/libnosys.a(sbrk.o)
                0x0000000008009914                _sbrk
 *(.init)
 .init          0x0000000008009930        0x4 /home/liam/Documents/toolchain/gcc-arm-none-eabi-8-2018-q4-major/bin/../lib/gcc/arm-none-eabi/8.2.1/thumb/v6-m/nofp/crti.o
                0x0000000008009930                _init
 .init          0x0000000008009934        0x8 /home/liam/Documents/toolchain/gcc-arm-none-eabi-8-2018-q4-major/bin/../lib/gcc/arm-none-eabi/8.2.1/thumb/v6-m/nofp/crtn.o
 *(.fini)
 .fini          0x000000000800993c        0x4 /home/liam/Documents/toolchain/gcc-arm-none-eabi-8-2018-q4-major/bin/../lib/gcc/arm-none-eabi/8.2.1/thumb/v6-m/nofp/crti.o
                0x000000000800993c                _fini
 .fini          0x0000000008009940        0x8 /home/liam/Documents/toolchain/gcc-arm-none-eabi-8-2018-q4-major/bin/../lib/gcc/arm-none-eabi/8.2.1/thumb/v6-m/nofp/crtn.o
 *crtbegin.o(.ctors)
 *crtbegin?.o(.ctors)
 *(EXCLUDE_FILE(*crtend.o *crtend?.o) .ctors)
 *(SORT_BY_NAME(.ctors.*))
 *(.ctors)
 *crtbegin.o(.dtors)
 *crtbegin?.o(.dtors)
 *(EXCLUDE_FILE(*crtend.o *crtend?.o) .dtors)
 *(SORT_BY_NAME(.dtors.*))
 *(.dtors)
 *(.rodata*)
 .rodata.__func__.5643
                0x0000000008009948       0x16 CMakeFiles/continuous_tx.elf.dir/continuous_tx.c.obj
 *fill*         0x000000000800995e        0x2 
 .rodata.__func__.5647
                0x0000000008009960       0x18 CMakeFiles/continuous_tx.elf.dir/continuous_tx.c.obj
 .rodata.alloc_packet_callback.str1.4
                0x0000000008009978       0x53 CMakeFiles/continuous_tx.elf.dir/continuous_tx.c.obj
 *fill*         0x00000000080099cb        0x1 
 .rodata.bootstrap.str1.4
                0x00000000080099cc       0x1b CMakeFiles/continuous_tx.elf.dir/continuous_tx.c.obj
 *fill*         0x00000000080099e7        0x1 
 .rodata.start_radio.str1.4
                0x00000000080099e8        0xa CMakeFiles/continuous_tx.elf.dir/continuous_tx.c.obj
 *fill*         0x00000000080099f2        0x2 
 .rodata.__func__.9561
                0x00000000080099f4        0xf ../../framework/libframework.a(platf_main.c.obj)
 *fill*         0x0000000008009a03        0x1 
 .rodata.hw_radio_reset.str1.4
                0x0000000008009a04       0x6c ../../framework/libframework.a(platf_main.c.obj)
 .rodata.__func__.9210
                0x0000000008009a70        0xb ../../framework/libframework.a(platf_leds.c.obj)
 *fill*         0x0000000008009a7b        0x1 
 .rodata.__led_init.str1.4
                0x0000000008009a7c       0x6c ../../framework/libframework.a(platf_leds.c.obj)
 .rodata.__func__.9347
                0x0000000008009ae8        0xf ../../framework/libframework.a(platf_button.c.obj)
 *fill*         0x0000000008009af7        0x1 
 .rodata.__ubutton_init.str1.4
                0x0000000008009af8       0x5e ../../framework/libframework.a(platf_button.c.obj)
                                         0x6e (size before relaxing)
 *fill*         0x0000000008009b56        0x2 
 .rodata.__assert_func.str1.4
                0x0000000008009b58       0x3f ../../framework/libframework.a(libc_overrides.c.obj)
                                         0x43 (size before relaxing)
 *fill*         0x0000000008009b97        0x1 
 .rodata.AHBPrescTable
                0x0000000008009b98       0x10 ../../framework/libframework.a(system_stm32l0xx.c.obj)
                0x0000000008009b98                AHBPrescTable
 .rodata.APBPrescTable
                0x0000000008009ba8        0x8 ../../framework/libframework.a(system_stm32l0xx.c.obj)
                0x0000000008009ba8                APBPrescTable
 .rodata.PLLMulTable
                0x0000000008009bb0        0x9 ../../framework/libframework.a(system_stm32l0xx.c.obj)
                0x0000000008009bb0                PLLMulTable
 *fill*         0x0000000008009bb9        0x3 
 .rodata.UART_SetConfig
                0x0000000008009bbc       0x48 ../../framework/libframework.a(stm32l0xx_hal_uart.c.obj)
 .rodata.__func__.9158
                0x0000000008009c04       0x12 ../../framework/libframework.a(stm32_common_gpio.c.obj)
 *fill*         0x0000000008009c16        0x2 
 .rodata.__func__.9170
                0x0000000008009c18       0x1b ../../framework/libframework.a(stm32_common_gpio.c.obj)
 *fill*         0x0000000008009c33        0x1 
 .rodata.__func__.9185
                0x0000000008009c34       0x1c ../../framework/libframework.a(stm32_common_gpio.c.obj)
 .rodata.__func__.9190
                0x0000000008009c50       0x19 ../../framework/libframework.a(stm32_common_gpio.c.obj)
 *fill*         0x0000000008009c69        0x3 
 .rodata.gpio_int_callback.str1.4
                0x0000000008009c6c       0x7d ../../framework/libframework.a(stm32_common_gpio.c.obj)
 .rodata.hw_gpio_set_edge_interrupt.str1.4
                0x0000000008009ce9        0x6 ../../framework/libframework.a(stm32_common_gpio.c.obj)
 *fill*         0x0000000008009ce9        0x3 
 .rodata.__func__.9132
                0x0000000008009cec        0xb ../../framework/libframework.a(stm32_common_mcu.c.obj)
 *fill*         0x0000000008009cf7        0x1 
 .rodata.init_clock.str1.4
                0x0000000008009cf8      0x108 ../../framework/libframework.a(stm32_common_mcu.c.obj)
 .rodata.__func__.9143
                0x0000000008009e00        0xb ../../framework/libframework.a(stm32_common_spi.c.obj)
 *fill*         0x0000000008009e0b        0x1 
 .rodata.__func__.9151
                0x0000000008009e0c        0xc ../../framework/libframework.a(stm32_common_spi.c.obj)
 .rodata.__func__.9159
                0x0000000008009e18        0x9 ../../framework/libframework.a(stm32_common_spi.c.obj)
 *fill*         0x0000000008009e21        0x3 
 .rodata.__func__.9175
                0x0000000008009e24        0xf ../../framework/libframework.a(stm32_common_spi.c.obj)
 *fill*         0x0000000008009e33        0x1 
 .rodata.spi_enable.str1.4
                0x0000000008009e34       0x5c ../../framework/libframework.a(stm32_common_spi.c.obj)
                                         0x64 (size before relaxing)
 .rodata.spi_init.str1.4
                0x0000000008009e90       0x27 ../../framework/libframework.a(stm32_common_spi.c.obj)
 *fill*         0x0000000008009eb7        0x1 
 .rodata.spi_init_slave.str1.4
                0x0000000008009eb8       0x52 ../../framework/libframework.a(stm32_common_spi.c.obj)
 *fill*         0x0000000008009f0a        0x2 
 .rodata.spi_ports
                0x0000000008009f0c       0x14 ../../framework/libframework.a(stm32_common_spi.c.obj)
 .rodata.__func__.9119
                0x0000000008009f20       0x1d ../../framework/libframework.a(stm32_common_system.c.obj)
 *fill*         0x0000000008009f3d        0x3 
 .rodata.__func__.9126
                0x0000000008009f40       0x17 ../../framework/libframework.a(stm32_common_system.c.obj)
 *fill*         0x0000000008009f57        0x1 
 .rodata.__func__.9141
                0x0000000008009f58       0x14 ../../framework/libframework.a(stm32_common_system.c.obj)
 .rodata.__hardfault_handler.str1.4
                0x0000000008009f6c       0x17 ../../framework/libframework.a(stm32_common_system.c.obj)
 *fill*         0x0000000008009f83        0x1 
 .rodata.hw_enter_lowpower_mode.str1.4
                0x0000000008009f84       0x1e ../../framework/libframework.a(stm32_common_system.c.obj)
 *fill*         0x0000000008009fa2        0x2 
 .rodata.hw_system_save_reboot_reason.str1.4
                0x0000000008009fa4       0x5f ../../framework/libframework.a(stm32_common_system.c.obj)
                                         0x67 (size before relaxing)
 *fill*         0x000000000800a003        0x1 
 .rodata.__func__.9076
                0x000000000800a004        0xe ../../framework/libframework.a(stm32_common_timer.c.obj)
 *fill*         0x000000000800a012        0x2 
 .rodata.hw_timer_init.str1.4
                0x000000000800a014       0x82 ../../framework/libframework.a(stm32_common_timer.c.obj)
 *fill*         0x000000000800a096        0x2 
 .rodata.timer_info.9080
                0x000000000800a098        0x1 ../../framework/libframework.a(stm32_common_timer.c.obj)
 *fill*         0x000000000800a099        0x3 
 .rodata.__func__.9744
                0x000000000800a09c        0xa ../../framework/libframework.a(stm32_common_uart.c.obj)
 *fill*         0x000000000800a0a6        0x2 
 .rodata.__func__.9749
                0x000000000800a0a8        0xc ../../framework/libframework.a(stm32_common_uart.c.obj)
 .rodata.__func__.9795
                0x000000000800a0b4       0x11 ../../framework/libframework.a(stm32_common_uart.c.obj)
 *fill*         0x000000000800a0c5        0x3 
 .rodata.uart_enable.str1.4
                0x000000000800a0c8       0x98 ../../framework/libframework.a(stm32_common_uart.c.obj)
 .rodata.uart_init.str1.4
                0x000000000800a160       0x16 ../../framework/libframework.a(stm32_common_uart.c.obj)
 *fill*         0x000000000800a176        0x2 
 .rodata.uart_irq_handler.str1.4
                0x000000000800a178       0x5d ../../framework/libframework.a(stm32_common_uart.c.obj)
                                         0x65 (size before relaxing)
 *fill*         0x000000000800a1d5        0x3 
 .rodata.uart_ports
                0x000000000800a1d8       0x28 ../../framework/libframework.a(stm32_common_uart.c.obj)
 .rodata.__func__.9701
                0x000000000800a200        0xf ../../framework/libframework.a(sx127x.c.obj)
 *fill*         0x000000000800a20f        0x1 
 .rodata.__func__.9711
                0x000000000800a210       0x12 ../../framework/libframework.a(sx127x.c.obj)
 *fill*         0x000000000800a222        0x2 
 .rodata.__func__.9721
                0x000000000800a224       0x17 ../../framework/libframework.a(sx127x.c.obj)
 *fill*         0x000000000800a23b        0x1 
 .rodata.__func__.9724
                0x000000000800a23c       0x10 ../../framework/libframework.a(sx127x.c.obj)
 .rodata.__func__.9729
                0x000000000800a24c       0x10 ../../framework/libframework.a(sx127x.c.obj)
 .rodata.__func__.9741
                0x000000000800a25c        0xf ../../framework/libframework.a(sx127x.c.obj)
 *fill*         0x000000000800a26b        0x1 
 .rodata.__func__.9746
                0x000000000800a26c       0x13 ../../framework/libframework.a(sx127x.c.obj)
 *fill*         0x000000000800a27f        0x1 
 .rodata.__func__.9767
                0x000000000800a280       0x13 ../../framework/libframework.a(sx127x.c.obj)
 *fill*         0x000000000800a293        0x1 
 .rodata.__func__.9781
                0x000000000800a294       0x13 ../../framework/libframework.a(sx127x.c.obj)
 *fill*         0x000000000800a2a7        0x1 
 .rodata.__func__.9796
                0x000000000800a2a8        0xe ../../framework/libframework.a(sx127x.c.obj)
 *fill*         0x000000000800a2b6        0x2 
 .rodata.bg_scan_rx_done.str1.4
                0x000000000800a2b8       0x5d ../../framework/libframework.a(sx127x.c.obj)
 *fill*         0x000000000800a315        0x3 
 .rodata.calibrate_rx_chain.str1.4
                0x000000000800a318       0x37 ../../framework/libframework.a(sx127x.c.obj)
 *fill*         0x000000000800a34f        0x1 
 .rodata.configure_channel.str1.4
                0x000000000800a350       0x76 ../../framework/libframework.a(sx127x.c.obj)
 *fill*         0x000000000800a3c6        0x2 
 .rodata.configure_eirp.str1.4
                0x000000000800a3c8       0x63 ../../framework/libframework.a(sx127x.c.obj)
 *fill*         0x000000000800a42b        0x1 
 .rodata.configure_syncword.str1.4
                0x000000000800a42c       0x39 ../../framework/libframework.a(sx127x.c.obj)
 *fill*         0x000000000800a465        0x3 
 .rodata.fifo_level_isr.str1.4
                0x000000000800a468       0x30 ../../framework/libframework.a(sx127x.c.obj)
                                         0x36 (size before relaxing)
 .rodata.fifo_threshold_isr.str1.4
                0x000000000800a498       0xb5 ../../framework/libframework.a(sx127x.c.obj)
 *fill*         0x000000000800a54d        0x3 
 .rodata.fill_in_fifo.str1.4
                0x000000000800a550       0x5f ../../framework/libframework.a(sx127x.c.obj)
 *fill*         0x000000000800a5af        0x1 
 .rodata.hw_radio_continuous_tx.str1.4
                0x000000000800a5b0        0x9 ../../framework/libframework.a(sx127x.c.obj)
 *fill*         0x000000000800a5b9        0x3 
 .rodata.hw_radio_init.str1.4
                0x000000000800a5bc       0x2e ../../framework/libframework.a(sx127x.c.obj)
                                         0x3e (size before relaxing)
 *fill*         0x000000000800a5ea        0x2 
 .rodata.lora_rxdone_isr.str1.4
                0x000000000800a5ec       0x6e ../../framework/libframework.a(sx127x.c.obj)
 *fill*         0x000000000800a65a        0x2 
 .rodata.packet_transmitted_isr.str1.4
                0x000000000800a65c       0x32 ../../framework/libframework.a(sx127x.c.obj)
 *fill*         0x000000000800a68e        0x2 
 .rodata.resume_from_sleep_mode.str1.4
                0x000000000800a690       0x19 ../../framework/libframework.a(sx127x.c.obj)
 *fill*         0x000000000800a6a9        0x3 
 .rodata.set_center_freq.str1.4
                0x000000000800a6ac       0x10 ../../framework/libframework.a(sx127x.c.obj)
 .rodata.set_lora_mode.str1.4
                0x000000000800a6bc       0x27 ../../framework/libframework.a(sx127x.c.obj)
 *fill*         0x000000000800a6e3        0x1 
 .rodata.switch_to_sleep_mode.str1.4
                0x000000000800a6e4       0x18 ../../framework/libframework.a(sx127x.c.obj)
 .rodata.sync_word_value
                0x000000000800a6fc       0x10 ../../framework/libframework.a(sx127x.c.obj)
                0x000000000800a6fc                sync_word_value
 .rodata.__func__.5495
                0x000000000800a70c        0xd ../../framework/libframework.a(console.c.obj)
 *fill*         0x000000000800a719        0x3 
 .rodata.console_init.str1.4
                0x000000000800a71c       0x63 ../../framework/libframework.a(console.c.obj)
 *fill*         0x000000000800a77f        0x1 
 .rodata.fec_lut
                0x000000000800a780       0x10 ../../framework/libframework.a(fec.c.obj)
 .rodata.trellis0_lut
                0x000000000800a790        0x8 ../../framework/libframework.a(fec.c.obj)
 .rodata.trellis1_lut
                0x000000000800a798        0x8 ../../framework/libframework.a(fec.c.obj)
 .rodata.log_print_data.str1.4
                0x000000000800a7a0       0x12 ../../framework/libframework.a(log.c.obj)
 *fill*         0x000000000800a7b2        0x2 
 .rodata.log_print_string.str1.4
                0x000000000800a7b4        0xa ../../framework/libframework.a(log.c.obj)
 *fill*         0x000000000800a7be        0x2 
 .rodata.__func__.5119
                0x000000000800a7c0        0xc ../../framework/libframework.a(scheduler.c.obj)
 .rodata.__func__.5130
                0x000000000800a7cc       0x14 ../../framework/libframework.a(scheduler.c.obj)
 .rodata.__func__.5139
                0x000000000800a7e0        0xd ../../framework/libframework.a(scheduler.c.obj)
 *fill*         0x000000000800a7ed        0x3 
 .rodata.__func__.5178
                0x000000000800a7f0        0xe ../../framework/libframework.a(scheduler.c.obj)
 *fill*         0x000000000800a7fe        0x2 
 .rodata.get_task_id.str1.4
                0x000000000800a800       0x86 ../../framework/libframework.a(scheduler.c.obj)
 *fill*         0x000000000800a886        0x2 
 .rodata.sched_is_scheduled.str1.4
                0x000000000800a888        0xf ../../framework/libframework.a(scheduler.c.obj)
 *fill*         0x000000000800a897        0x1 
 .rodata.scheduler_run.str1.4
                0x000000000800a898       0x12 ../../framework/libframework.a(scheduler.c.obj)
 *fill*         0x000000000800a8aa        0x2 
 .rodata._DoInit.str1.4
                0x000000000800a8ac       0x17 ../../framework/libframework.a(SEGGER_RTT.c.obj)
 *fill*         0x000000000800a8c3        0x1 
 .rodata.__func__.4919
                0x000000000800a8c4        0xb ../../framework/libframework.a(timer.c.obj)
 *fill*         0x000000000800a8cf        0x1 
 .rodata.__func__.4980
                0x000000000800a8d0       0x15 ../../framework/libframework.a(timer.c.obj)
 *fill*         0x000000000800a8e5        0x3 
 .rodata.__func__.4983
                0x000000000800a8e8        0xf ../../framework/libframework.a(timer.c.obj)
 *fill*         0x000000000800a8f7        0x1 
 .rodata.__func__.4987
                0x000000000800a8f8        0xc ../../framework/libframework.a(timer.c.obj)
 .rodata.configure_next_event.str1.4
                0x000000000800a904       0x1a ../../framework/libframework.a(timer.c.obj)
 *fill*         0x000000000800a91e        0x2 
 .rodata.timer_fired.str1.4
                0x000000000800a920       0x40 ../../framework/libframework.a(timer.c.obj)
 .rodata.timer_init.str1.4
                0x000000000800a960       0x4b ../../framework/libframework.a(timer.c.obj)
                                         0x5b (size before relaxing)
 *fill*         0x000000000800a9ab        0x1 
 .rodata.timer_overflow.str1.4
                0x000000000800a9ac       0x68 ../../framework/libframework.a(timer.c.obj)
 .rodata        0x000000000800aa14       0xac /home/liam/Documents/toolchain/gcc-arm-none-eabi-8-2018-q4-major/bin/../lib/gcc/arm-none-eabi/8.2.1/thumb/v6-m/nofp/libgcc.a(divsf3.o)
 .rodata        0x000000000800aac0       0x40 /home/liam/Documents/toolchain/gcc-arm-none-eabi-8-2018-q4-major/bin/../lib/gcc/arm-none-eabi/8.2.1/thumb/v6-m/nofp/libgcc.a(mulsf3.o)
 .rodata        0x000000000800ab00       0x40 /home/liam/Documents/toolchain/gcc-arm-none-eabi-8-2018-q4-major/bin/../lib/gcc/arm-none-eabi/8.2.1/thumb/v6-m/nofp/libgcc.a(divdf3.o)
 .rodata.__sf_fake_stderr
                0x000000000800ab40       0x20 /home/liam/Documents/toolchain/gcc-arm-none-eabi-8-2018-q4-major/bin/../lib/gcc/arm-none-eabi/8.2.1/../../../../arm-none-eabi/lib/thumb/v6-m/nofp/libg_nano.a(lib_a-findfp.o)
                0x000000000800ab40                __sf_fake_stderr
 .rodata.__sf_fake_stdin
                0x000000000800ab60       0x20 /home/liam/Documents/toolchain/gcc-arm-none-eabi-8-2018-q4-major/bin/../lib/gcc/arm-none-eabi/8.2.1/../../../../arm-none-eabi/lib/thumb/v6-m/nofp/libg_nano.a(lib_a-findfp.o)
                0x000000000800ab60                __sf_fake_stdin
 .rodata.__sf_fake_stdout
                0x000000000800ab80       0x20 /home/liam/Documents/toolchain/gcc-arm-none-eabi-8-2018-q4-major/bin/../lib/gcc/arm-none-eabi/8.2.1/../../../../arm-none-eabi/lib/thumb/v6-m/nofp/libg_nano.a(lib_a-findfp.o)
                0x000000000800ab80                __sf_fake_stdout
 .rodata._global_impure_ptr
                0x000000000800aba0        0x4 /home/liam/Documents/toolchain/gcc-arm-none-eabi-8-2018-q4-major/bin/../lib/gcc/arm-none-eabi/8.2.1/../../../../arm-none-eabi/lib/thumb/v6-m/nofp/libg_nano.a(lib_a-impure.o)
                0x000000000800aba0                _global_impure_ptr
 .rodata._vfprintf_r.str1.1
                0x000000000800aba4       0x11 /home/liam/Documents/toolchain/gcc-arm-none-eabi-8-2018-q4-major/bin/../lib/gcc/arm-none-eabi/8.2.1/../../../../arm-none-eabi/lib/thumb/v6-m/nofp/libg_nano.a(lib_a-nano-vfprintf.o)
 .rodata._printf_i.str1.1
                0x000000000800abb5       0x22 /home/liam/Documents/toolchain/gcc-arm-none-eabi-8-2018-q4-major/bin/../lib/gcc/arm-none-eabi/8.2.1/../../../../arm-none-eabi/lib/thumb/v6-m/nofp/libg_nano.a(lib_a-nano-vfprintf_i.o)
 *(.eh_frame*)
 *fill*         0x000000000800abd7        0x1 
 .eh_frame      0x000000000800abd8        0x0 /home/liam/Documents/toolchain/gcc-arm-none-eabi-8-2018-q4-major/bin/../lib/gcc/arm-none-eabi/8.2.1/thumb/v6-m/nofp/crtbegin.o
 .eh_frame      0x000000000800abd8        0x4 /home/liam/Documents/toolchain/gcc-arm-none-eabi-8-2018-q4-major/bin/../lib/gcc/arm-none-eabi/8.2.1/thumb/v6-m/nofp/crtend.o

.glue_7         0x000000000800abdc        0x0
 .glue_7        0x000000000800abdc        0x0 linker stubs

.glue_7t        0x000000000800abdc        0x0
 .glue_7t       0x000000000800abdc        0x0 linker stubs

.vfp11_veneer   0x000000000800abdc        0x0
 .vfp11_veneer  0x000000000800abdc        0x0 linker stubs

.v4_bx          0x000000000800abdc        0x0
 .v4_bx         0x000000000800abdc        0x0 linker stubs

.iplt           0x000000000800abdc        0x0
 .iplt          0x000000000800abdc        0x0 /home/liam/Documents/toolchain/gcc-arm-none-eabi-8-2018-q4-major/bin/../lib/gcc/arm-none-eabi/8.2.1/thumb/v6-m/nofp/crtbegin.o

.ARM.extab
 *(.ARM.extab* .gnu.linkonce.armextab.*)
                0x000000000800abdc                __exidx_start = .

.ARM.exidx      0x000000000800abdc        0x8
 *(.ARM.exidx* .gnu.linkonce.armexidx.*)
 .ARM.exidx     0x000000000800abdc        0x8 /home/liam/Documents/toolchain/gcc-arm-none-eabi-8-2018-q4-major/bin/../lib/gcc/arm-none-eabi/8.2.1/thumb/v6-m/nofp/libgcc.a(_udivmoddi4.o)
                0x000000000800abe4                __exidx_end = .
                0x000000000800abe4                __etext = .
                0x000000000800abe4                _sidata = .

.rel.dyn        0x000000000800abe4        0x0
 .rel.iplt      0x000000000800abe4        0x0 /home/liam/Documents/toolchain/gcc-arm-none-eabi-8-2018-q4-major/bin/../lib/gcc/arm-none-eabi/8.2.1/thumb/v6-m/nofp/crtbegin.o

.stack          0x0000000020000000      0x500
                0x0000000020000000                . = ALIGN (0x8)
                0x0000000020000000                __stack_start = .
                0x0000000020000500                . = (. + _stack_size)
 *fill*         0x0000000020000000      0x500 
                0x0000000020000500                . = ALIGN (0x8)
                0x0000000020000500                PROVIDE (_estack = .)

.data           0x0000000020000500       0x80 load address 0x000000000800abe4
                0x0000000020000500                __data_start__ = .
                0x0000000020000500                _sdata = .
 *(vtable)
 *(.data*)
 .data.channel_count
                0x0000000020000500        0x2 CMakeFiles/continuous_tx.elf.dir/continuous_tx.c.obj
 *fill*         0x0000000020000502        0x2 
 .data.SystemCoreClock
                0x0000000020000504        0x4 ../../framework/libframework.a(system_stm32l0xx.c.obj)
                0x0000000020000504                SystemCoreClock
 .data.reboot_reason
                0x0000000020000508        0x1 ../../framework/libframework.a(stm32_common_system.c.obj)
 *fill*         0x0000000020000509        0x3 
 .data.current_channel_id
                0x000000002000050c        0x4 ../../framework/libframework.a(sx127x.c.obj)
 .data.default_channel_id
                0x0000000020000510        0x4 ../../framework/libframework.a(sx127x.c.obj)
 .data._impure_ptr
                0x0000000020000514        0x4 /home/liam/Documents/toolchain/gcc-arm-none-eabi-8-2018-q4-major/bin/../lib/gcc/arm-none-eabi/8.2.1/../../../../arm-none-eabi/lib/thumb/v6-m/nofp/libg_nano.a(lib_a-impure.o)
                0x0000000020000514                _impure_ptr
 .data.impure_data
                0x0000000020000518       0x60 /home/liam/Documents/toolchain/gcc-arm-none-eabi-8-2018-q4-major/bin/../lib/gcc/arm-none-eabi/8.2.1/../../../../arm-none-eabi/lib/thumb/v6-m/nofp/libg_nano.a(lib_a-impure.o)
                0x0000000020000578                . = ALIGN (0x4)
                0x0000000020000578                PROVIDE (__preinit_array_start = .)
 *(.preinit_array)
                0x0000000020000578                PROVIDE (__preinit_array_end = .)
                0x0000000020000578                . = ALIGN (0x4)
                0x0000000020000578                PROVIDE (__init_array_start = .)
 *(SORT_BY_NAME(.init_array.*))
 *(.init_array)
 .init_array    0x0000000020000578        0x4 /home/liam/Documents/toolchain/gcc-arm-none-eabi-8-2018-q4-major/bin/../lib/gcc/arm-none-eabi/8.2.1/thumb/v6-m/nofp/crtbegin.o
                0x000000002000057c                PROVIDE (__init_array_end = .)
                0x000000002000057c                . = ALIGN (0x4)
                [!provide]                        PROVIDE (__fini_array_start = .)
 *(SORT_BY_NAME(.fini_array.*))
 *(.fini_array)
 .fini_array    0x000000002000057c        0x4 /home/liam/Documents/toolchain/gcc-arm-none-eabi-8-2018-q4-major/bin/../lib/gcc/arm-none-eabi/8.2.1/thumb/v6-m/nofp/crtbegin.o
                [!provide]                        PROVIDE (__fini_array_end = .)
 *(.jcr*)
                0x0000000020000580                . = ALIGN (0x4)
                0x0000000020000580                __data_end__ = .
                0x0000000020000580                _edata = .

.igot.plt       0x0000000020000580        0x0 load address 0x000000000800ac64
 .igot.plt      0x0000000020000580        0x0 /home/liam/Documents/toolchain/gcc-arm-none-eabi-8-2018-q4-major/bin/../lib/gcc/arm-none-eabi/8.2.1/thumb/v6-m/nofp/crtbegin.o

.bss            0x0000000020000580     0x150c load address 0x000000000800ac64
                0x0000000020000580                . = ALIGN (0x4)
                0x0000000020000580                __bss_start__ = .
                0x0000000020000580                _sbss = .
 *(.bss*)
 .bss           0x0000000020000580       0x1c /home/liam/Documents/toolchain/gcc-arm-none-eabi-8-2018-q4-major/bin/../lib/gcc/arm-none-eabi/8.2.1/thumb/v6-m/nofp/crtbegin.o
 .bss.channel_indexes
                0x000000002000059c      0x230 CMakeFiles/continuous_tx.elf.dir/continuous_tx.c.obj
 .bss.tx_cfg    0x00000000200007cc        0x6 CMakeFiles/continuous_tx.elf.dir/continuous_tx.c.obj
 *fill*         0x00000000200007d2        0x2 
 .bss.leds      0x00000000200007d4       0x10 ../../framework/libframework.a(platf_leds.c.obj)
 .bss.buttons   0x00000000200007e4       0x30 ../../framework/libframework.a(platf_button.c.obj)
                0x00000000200007e4                buttons
 .bss.interrupts
                0x0000000020000814       0x80 ../../framework/libframework.a(stm32_common_gpio.c.obj)
 .bss.handle    0x0000000020000894       0x70 ../../framework/libframework.a(stm32_common_spi.c.obj)
 .bss.next_spi_slave_handle
                0x0000000020000904        0x1 ../../framework/libframework.a(stm32_common_spi.c.obj)
                0x0000000020000904                next_spi_slave_handle
 *fill*         0x0000000020000905        0x3 
 .bss.slave_handle
                0x0000000020000908       0x3c ../../framework/libframework.a(stm32_common_spi.c.obj)
                0x0000000020000908                slave_handle
 .bss.gpioa_moder
                0x0000000020000944        0x4 ../../framework/libframework.a(stm32_common_system.c.obj)
 .bss.gpiob_moder
                0x0000000020000948        0x4 ../../framework/libframework.a(stm32_common_system.c.obj)
 .bss.gpioc_moder
                0x000000002000094c        0x4 ../../framework/libframework.a(stm32_common_system.c.obj)
 .bss.gpiod_moder
                0x0000000020000950        0x4 ../../framework/libframework.a(stm32_common_system.c.obj)
 .bss.gpioe_moder
                0x0000000020000954        0x4 ../../framework/libframework.a(stm32_common_system.c.obj)
 .bss.gpioh_moder
                0x0000000020000958        0x4 ../../framework/libframework.a(stm32_common_system.c.obj)
 .bss.iopenr    0x000000002000095c        0x4 ../../framework/libframework.a(stm32_common_system.c.obj)
 .bss.cmp_reg_write_pending
                0x0000000020000960        0x1 ../../framework/libframework.a(stm32_common_timer.c.obj)
 *fill*         0x0000000020000961        0x3 
 .bss.compare_f
                0x0000000020000964        0x4 ../../framework/libframework.a(stm32_common_timer.c.obj)
 .bss.overflow_f
                0x0000000020000968        0x4 ../../framework/libframework.a(stm32_common_timer.c.obj)
 .bss.timer     0x000000002000096c       0x30 ../../framework/libframework.a(stm32_common_timer.c.obj)
 .bss.timer_inited
                0x000000002000099c        0x1 ../../framework/libframework.a(stm32_common_timer.c.obj)
 *fill*         0x000000002000099d        0x3 
 .bss.handle    0x00000000200009a0       0xf8 ../../framework/libframework.a(stm32_common_uart.c.obj)
 .bss.FskPacketHandler
                0x0000000020000a98        0x3 ../../framework/libframework.a(sx127x.c.obj)
                0x0000000020000a98                FskPacketHandler
 *fill*         0x0000000020000a9b        0x1 
 .bss.alloc_packet_callback
                0x0000000020000a9c        0x4 ../../framework/libframework.a(sx127x.c.obj)
 .bss.bg_adv    0x0000000020000aa0       0x2c ../../framework/libframework.a(sx127x.c.obj)
                0x0000000020000aa0                bg_adv
 .bss.const_radio
                0x0000000020000acc        0x1 ../../framework/libframework.a(sx127x.c.obj)
                0x0000000020000acc                const_radio
 *fill*         0x0000000020000acd        0x3 
 .bss.current_packet
                0x0000000020000ad0        0x4 ../../framework/libframework.a(sx127x.c.obj)
 .bss.current_syncword_class
                0x0000000020000ad4        0x1 ../../framework/libframework.a(sx127x.c.obj)
 *fill*         0x0000000020000ad5        0x3 
 .bss.fg_frame  0x0000000020000ad8      0x20c ../../framework/libframework.a(sx127x.c.obj)
                0x0000000020000ad8                fg_frame
 .bss.is_sx1272
                0x0000000020000ce4        0x1 ../../framework/libframework.a(sx127x.c.obj)
 .bss.lora_mode
                0x0000000020000ce5        0x1 ../../framework/libframework.a(sx127x.c.obj)
 *fill*         0x0000000020000ce6        0x2 
 .bss.release_packet_callback
                0x0000000020000ce8        0x4 ../../framework/libframework.a(sx127x.c.obj)
 .bss.rx_packet_callback
                0x0000000020000cec        0x4 ../../framework/libframework.a(sx127x.c.obj)
 .bss.spi_handle
                0x0000000020000cf0        0x4 ../../framework/libframework.a(sx127x.c.obj)
 .bss.state     0x0000000020000cf4        0x1 ../../framework/libframework.a(sx127x.c.obj)
 *fill*         0x0000000020000cf5        0x3 
 .bss.sx127x_spi
                0x0000000020000cf8        0x4 ../../framework/libframework.a(sx127x.c.obj)
 .bss.tx_packet_callback
                0x0000000020000cfc        0x4 ../../framework/libframework.a(sx127x.c.obj)
 .bss.console_tx_buffer